Component: ARM Compiler 5.06 update 4 (build 422) Tool: armlink [4d35d2]

==============================================================================

Section Cross References

    startup_stm32g071xx.o(RESET) refers to startup_stm32g071xx.o(STACK) for __initial_sp
    startup_stm32g071xx.o(RESET) refers to startup_stm32g071xx.o(.text) for Reset_Handler
    startup_stm32g071xx.o(RESET) refers to stm32g0xx_it.o(i.NMI_Handler) for NMI_Handler
    startup_stm32g071xx.o(RESET) refers to stm32g0xx_it.o(i.HardFault_Handler) for HardFault_Handler
    startup_stm32g071xx.o(RESET) refers to port.o(i.SVC_Handler) for SVC_Handler
    startup_stm32g071xx.o(RESET) refers to port.o(.emb_text) for PendSV_Handler
    startup_stm32g071xx.o(RESET) refers to cmsis_os2.o(i.SysTick_Handler) for SysTick_Handler
    startup_stm32g071xx.o(RESET) refers to stm32g0xx_it.o(i.EXTI4_15_IRQHandler) for EXTI4_15_IRQHandler
    startup_stm32g071xx.o(RESET) refers to stm32g0xx_it.o(i.DMA1_Channel1_IRQHandler) for DMA1_Channel1_IRQHandler
    startup_stm32g071xx.o(RESET) refers to stm32g0xx_it.o(i.DMA1_Channel2_3_IRQHandler) for DMA1_Channel2_3_IRQHandler
    startup_stm32g071xx.o(RESET) refers to stm32g0xx_it.o(i.TIM6_DAC_LPTIM1_IRQHandler) for TIM6_DAC_LPTIM1_IRQHandler
    startup_stm32g071xx.o(RESET) refers to stm32g0xx_it.o(i.USART1_IRQHandler) for USART1_IRQHandler
    startup_stm32g071xx.o(RESET) refers to stm32g0xx_it.o(i.USART3_4_LPUART1_IRQHandler) for USART3_4_LPUART1_IRQHandler
    startup_stm32g071xx.o(.text) refers to system_stm32g0xx.o(i.SystemInit) for SystemInit
    startup_stm32g071xx.o(.text) refers to entry.o(.ARM.Collect$$$$00000000) for __main
    main.o(i.HAL_TIM_PeriodElapsedCallback) refers to stm32g0xx_hal.o(i.HAL_IncTick) for HAL_IncTick
    main.o(i.SystemClock_Config) refers to memseta.o(.text) for __aeabi_memclr4
    main.o(i.SystemClock_Config) refers to stm32g0xx_hal_pwr_ex.o(i.HAL_PWREx_ControlVoltageScaling) for HAL_PWREx_ControlVoltageScaling
    main.o(i.SystemClock_Config) refers to stm32g0xx_hal_rcc.o(i.HAL_RCC_OscConfig) for HAL_RCC_OscConfig
    main.o(i.SystemClock_Config) refers to stm32g0xx_hal_rcc.o(i.HAL_RCC_ClockConfig) for HAL_RCC_ClockConfig
    main.o(i.SystemClock_Config) refers to stm32g0xx_hal_rcc_ex.o(i.HAL_RCCEx_PeriphCLKConfig) for HAL_RCCEx_PeriphCLKConfig
    main.o(i.main) refers to stm32g0xx_hal.o(i.HAL_Init) for HAL_Init
    main.o(i.main) refers to main.o(i.SystemClock_Config) for SystemClock_Config
    main.o(i.main) refers to gpio.o(i.MX_GPIO_Init) for MX_GPIO_Init
    main.o(i.main) refers to dma.o(i.MX_DMA_Init) for MX_DMA_Init
    main.o(i.main) refers to usart.o(i.MX_USART1_UART_Init) for MX_USART1_UART_Init
    main.o(i.main) refers to usart.o(i.MX_USART4_UART_Init) for MX_USART4_UART_Init
    main.o(i.main) refers to cmsis_os2.o(i.osKernelInitialize) for osKernelInitialize
    main.o(i.main) refers to app_freertos.o(i.MX_FREERTOS_Init) for MX_FREERTOS_Init
    main.o(i.main) refers to cmsis_os2.o(i.osKernelStart) for osKernelStart
    gpio.o(i.MX_GPIO_Init) refers to memseta.o(.text) for __aeabi_memclr4
    gpio.o(i.MX_GPIO_Init) refers to stm32g0xx_hal_gpio.o(i.HAL_GPIO_WritePin) for HAL_GPIO_WritePin
    gpio.o(i.MX_GPIO_Init) refers to stm32g0xx_hal_gpio.o(i.HAL_GPIO_Init) for HAL_GPIO_Init
    gpio.o(i.MX_GPIO_Init) refers to stm32g0xx_hal_cortex.o(i.HAL_NVIC_SetPriority) for HAL_NVIC_SetPriority
    gpio.o(i.MX_GPIO_Init) refers to stm32g0xx_hal_cortex.o(i.HAL_NVIC_EnableIRQ) for HAL_NVIC_EnableIRQ
    app_freertos.o(i.HAL_UART_RxCpltCallback) refers to cmsis_os2.o(i.osMessageQueuePut) for osMessageQueuePut
    app_freertos.o(i.HAL_UART_RxCpltCallback) refers to app_freertos.o(.data) for .data
    app_freertos.o(i.MX_FREERTOS_Init) refers to cmsis_os2.o(i.osThreadNew) for osThreadNew
    app_freertos.o(i.MX_FREERTOS_Init) refers to app_freertos.o(.constdata) for .constdata
    app_freertos.o(i.MX_FREERTOS_Init) refers to app_freertos.o(i.StartDefaultTask) for StartDefaultTask
    app_freertos.o(i.MX_FREERTOS_Init) refers to app_freertos.o(.data) for .data
    app_freertos.o(i.ProcessModbusFrame) refers to app_freertos.o(i.Modbus_CRC16) for Modbus_CRC16
    app_freertos.o(i.ProcessModbusFrame) refers to app_freertos.o(i.ReadModbusStatus) for ReadModbusStatus
    app_freertos.o(i.ProcessModbusFrame) refers to stm32g0xx_hal_uart.o(i.HAL_UART_Transmit) for HAL_UART_Transmit
    app_freertos.o(i.ProcessModbusFrame) refers to app_freertos.o(i.WriteModbusStatus) for WriteModbusStatus
    app_freertos.o(i.ProcessModbusFrame) refers to usart.o(.bss) for huart4
    app_freertos.o(i.ReadModbusStatus) refers to stm32g0xx_hal_gpio.o(i.HAL_GPIO_ReadPin) for HAL_GPIO_ReadPin
    app_freertos.o(i.StartDefaultTask) refers to cmsis_os2.o(i.osMessageQueueNew) for osMessageQueueNew
    app_freertos.o(i.StartDefaultTask) refers to stm32g0xx_hal_uart.o(i.HAL_UART_Receive_DMA) for HAL_UART_Receive_DMA
[...]
    Removing cmsis_os2.o(i.osThreadFlagsGet), (46 bytes).
    Removing cmsis_os2.o(i.osThreadFlagsSet), (112 bytes).
    Removing cmsis_os2.o(i.osThreadFlagsWait), (152 bytes).
    Removing cmsis_os2.o(i.osThreadGetCount), (20 bytes).
    Removing cmsis_os2.o(i.osThreadGetId), (8 bytes).
    Removing cmsis_os2.o(i.osThreadGetName), (24 bytes).
    Removing cmsis_os2.o(i.osThreadGetPriority), (26 bytes).
    Removing cmsis_os2.o(i.osThreadGetStackSpace), (26 bytes).
    Removing cmsis_os2.o(i.osThreadGetState), (60 bytes).
    Removing cmsis_os2.o(i.osThreadResume), (36 bytes).
    Removing cmsis_os2.o(i.osThreadSetPriority), (44 bytes).
    Removing cmsis_os2.o(i.osThreadSuspend), (36 bytes).
    Removing cmsis_os2.o(i.osThreadTerminate), (56 bytes).
    Removing cmsis_os2.o(i.osThreadYield), (26 bytes).
    Removing cmsis_os2.o(i.osTimerDelete), (72 bytes).
    Removing cmsis_os2.o(i.osTimerGetName), (24 bytes).
    Removing cmsis_os2.o(i.osTimerIsRunning), (24 bytes).
    Removing cmsis_os2.o(i.osTimerNew), (128 bytes).
    Removing cmsis_os2.o(i.osTimerStart), (54 bytes).
    Removing cmsis_os2.o(i.osTimerStop), (74 bytes).
    Removing heap_4.o(i.vPortGetHeapStats), (96 bytes).
    Removing heap_4.o(i.vPortInitialiseBlocks), (2 bytes).
    Removing heap_4.o(i.xPortGetFreeHeapSize), (12 bytes).
    Removing heap_4.o(i.xPortGetMinimumEverFreeHeapSize), (12 bytes).
    Removing port.o(i.vPortEndScheduler), (24 bytes).

612 unused section(s) (total 41894 bytes) removed from the image.

==============================================================================

Image Symbol Table

    Local Symbols

    Symbol Name                              Value     Ov Type        Size  Object(Section)

    ../Core/Src/app_freertos.c               0x00000000   Number         0  app_freertos.o ABSOLUTE
    ../Core/Src/dma.c                        0x00000000   Number         0  dma.o ABSOLUTE
    ../Core/Src/gpio.c                       0x00000000   Number         0  gpio.o ABSOLUTE
    ../Core/Src/main.c                       0x00000000   Number         0  main.o ABSOLUTE
    ../Core/Src/stm32g0xx_hal_msp.c          0x00000000   Number         0  stm32g0xx_hal_msp.o ABSOLUTE
    ../Core/Src/stm32g0xx_hal_timebase_tim.c 0x00000000   Number         0  stm32g0xx_hal_timebase_tim.o ABSOLUTE
    ../Core/Src/stm32g0xx_it.c               0x00000000   Number         0  stm32g0xx_it.o ABSOLUTE
    ../Core/Src/system_stm32g0xx.c           0x00000000   Number         0  system_stm32g0xx.o ABSOLUTE
    ../Core/Src/usart.c                      0x00000000   Number         0  usart.o ABSOLUTE
    ../Drivers/STM32G0xx_HAL_Driver/Src/stm32g0xx_hal.c 0x00000000   Number         0  stm32g0xx_hal.o ABSOLUTE
    ../Drivers/STM32G0xx_HAL_Driver/Src/stm32g0xx_hal_cortex.c 0x00000000   Number         0  stm32g0xx_hal_cortex.o ABSOLUTE
    ../Drivers/STM32G0xx_HAL_Driver/Src/stm32g0xx_hal_dma.c 0x00000000   Number         0  stm32g0xx_hal_dma.o ABSOLUTE
    ../Drivers/STM32G0xx_HAL_Driver/Src/stm32g0xx_hal_dma_ex.c 0x00000000   Number         0  stm32g0xx_hal_dma_ex.o ABSOLUTE
    ../Drivers/STM32G0xx_HAL_Driver/Src/stm32g0xx_hal_exti.c 0x00000000   Number         0  stm32g0xx_hal_exti.o ABSOLUTE
    ../Drivers/STM32G0xx_HAL_Driver/Src/stm32g0xx_hal_flash.c 0x00000000   Number         0  stm32g0xx_hal_flash.o ABSOLUTE
    ../Drivers/STM32G0xx_HAL_Driver/Src/stm32g0xx_hal_flash_ex.c 0x00000000   Number         0  stm32g0xx_hal_flash_ex.o ABSOLUTE
    ../Drivers/STM32G0xx_HAL_Driver/Src/stm32g0xx_hal_gpio.c 0x00000000   Number         0  stm32g0xx_hal_gpio.o ABSOLUTE
    ../Drivers/STM32G0xx_HAL_Driver/Src/stm32g0xx_hal_pwr.c 0x00000000   Number         0  stm32g0xx_hal_pwr.o ABSOLUTE
    ../Drivers/STM32G0xx_HAL_Driver/Src/stm32g0xx_hal_pwr_ex.c 0x00000000   Number         0  stm32g0xx_hal_pwr_ex.o ABSOLUTE
    ../Drivers/STM32G0xx_HAL_Driver/Src/stm32g0xx_hal_rcc.c 0x00000000   Number         0  stm32g0xx_hal_rcc.o ABSOLUTE
    ../Drivers/STM32G0xx_HAL_Driver/Src/stm32g0xx_hal_rcc_ex.c 0x00000000   Number         0  stm32g0xx_hal_rcc_ex.o ABSOLUTE
    ../Drivers/STM32G0xx_HAL_Driver/Src/stm32g0xx_hal_tim.c 0x00000000   Number         0  stm32g0xx_hal_tim.o ABSOLUTE
    ../Drivers/STM32G0xx_HAL_Driver/Src/stm32g0xx_hal_tim_ex.c 0x00000000   Number         0  stm32g0xx_hal_tim_ex.o ABSOLUTE
    ../Drivers/STM32G0xx_HAL_Driver/Src/stm32g0xx_hal_uart.c 0x00000000   Number         0  stm32g0xx_hal_uart.o ABSOLUTE
    ../Drivers/STM32G0xx_HAL_Driver/Src/stm32g0xx_hal_uart_ex.c 0x00000000   Number         0  stm32g0xx_hal_uart_ex.o ABSOLUTE
    ../Drivers/STM32G0xx_HAL_Driver/Src/stm32g0xx_ll_dma.c 0x00000000   Number         0  stm32g0xx_ll_dma.o ABSOLUTE
    ../Drivers/STM32G0xx_HAL_Driver/Src/stm32g0xx_ll_rcc.c 0x00000000   Number         0  stm32g0xx_ll_rcc.o ABSOLUTE
    ../Middlewares/Third_Party/FreeRTOS/Source/CMSIS_RTOS_V2/cmsis_os2.c 0x00000000   Number         0  cmsis_os2.o ABSOLUTE
    ../Middlewares/Third_Party/FreeRTOS/Source/croutine.c 0x00000000   Number         0  croutine.o ABSOLUTE
    ../Middlewares/Third_Party/FreeRTOS/Source/event_groups.c 0x00000000   Number         0  event_groups.o ABSOLUTE
    ../Middlewares/Third_Party/FreeRTOS/Source/list.c 0x00000000   Number         0  list.o ABSOLUTE
    ../Middlewares/Third_Party/FreeRTOS/Source/portable/MemMang/heap_4.c 0x00000000   Number         0  heap_4.o ABSOLUTE
    ../Middlewares/Third_Party/FreeRTOS/Source/portable/RVDS/ARM_CM0/port.c 0x00000000   Number         0  port.o ABSOLUTE
    ../Middlewares/Third_Party/FreeRTOS/Source/queue.c 0x00000000   Number         0  queue.o ABSOLUTE
    ../Middlewares/Third_Party/FreeRTOS/Source/stream_buffer.c 0x00000000   Number         0  stream_buffer.o ABSOLUTE
    ../Middlewares/Third_Party/FreeRTOS/Source/tasks.c 0x00000000   Number         0  tasks.o ABSOLUTE
    ../Middlewares/Third_Party/FreeRTOS/Source/timers.c 0x00000000   Number         0  timers.o ABSOLUTE
    ../clib/microlib/division.c              0x00000000   Number         0  uldiv.o ABSOLUTE
    ../clib/microlib/division.c              0x00000000   Number         0  uidiv.o ABSOLUTE
    ../clib/microlib/init/entry.s            0x00000000   Number         0  entry11a.o ABSOLUTE
    ../clib/microlib/init/entry.s            0x00000000   Number         0  entry11b.o ABSOLUTE
    ../clib/microlib/init/entry.s            0x00000000   Number         0  entry8b.o ABSOLUTE
    ../clib/microlib/init/entry.s            0x00000000   Number         0  entry.o ABSOLUTE
    ../clib/microlib/init/entry.s            0x00000000   Number         0  entry7a.o ABSOLUTE
    ../clib/microlib/init/entry.s            0x00000000   Number         0  entry2.o ABSOLUTE
    ../clib/microlib/init/entry.s            0x00000000   Number         0  entry5.o ABSOLUTE
    ../clib/microlib/init/entry.s            0x00000000   Number         0  entry7b.o ABSOLUTE
    ../clib/microlib/init/entry.s            0x00000000   Number         0  entry8a.o ABSOLUTE
    ../clib/microlib/init/entry.s            0x00000000   Number         0  entry9a.o ABSOLUTE
    ../clib/microlib/init/entry.s            0x00000000   Number         0  entry9b.o ABSOLUTE
    ../clib/microlib/init/entry.s            0x00000000   Number         0  entry10a.o ABSOLUTE
    ../clib/microlib/init/entry.s            0x00000000   Number         0  entry10b.o ABSOLUTE
    ../clib/microlib/longlong.c              0x00000000   Number         0  llushr.o ABSOLUTE
    ../clib/microlib/longlong.c              0x00000000   Number         0  llshl.o ABSOLUTE
    ../clib/microlib/string/memcpy.c         0x00000000   Number         0  memcpya.o ABSOLUTE
    ../clib/microlib/string/memcpy.c         0x00000000   Number         0  memcpyb.o ABSOLUTE
    ../clib/microlib/string/memset.c         0x00000000   Number         0  memset.o ABSOLUTE
    ../clib/microlib/string/memset.c         0x00000000   Number         0  memseta.o ABSOLUTE
    ..\Core\Src\app_freertos.c               0x00000000   Number         0  app_freertos.o ABSOLUTE
    ..\Core\Src\dma.c                        0x00000000   Number         0  dma.o ABSOLUTE
    ..\Core\Src\gpio.c                       0x00000000   Number         0  gpio.o ABSOLUTE
    ..\Core\Src\main.c                       0x00000000   Number         0  main.o ABSOLUTE
    ..\Core\Src\stm32g0xx_hal_msp.c          0x00000000   Number         0  stm32g0xx_hal_msp.o ABSOLUTE
    ..\Core\Src\stm32g0xx_hal_timebase_tim.c 0x00000000   Number         0  stm32g0xx_hal_timebase_tim.o ABSOLUTE
    ..\Core\Src\stm32g0xx_it.c               0x00000000   Number         0  stm32g0xx_it.o ABSOLUTE
    ..\Core\Src\system_stm32g0xx.c           0x00000000   Number         0  system_stm32g0xx.o ABSOLUTE
    ..\Core\Src\usart.c                      0x00000000   Number         0  usart.o ABSOLUTE
    ..\Drivers\STM32G0xx_HAL_Driver\Src\stm32g0xx_hal.c 0x00000000   Number         0  stm32g0xx_hal.o ABSOLUTE
    ..\Drivers\STM32G0xx_HAL_Driver\Src\stm32g0xx_hal_cortex.c 0x00000000   Number         0  stm32g0xx_hal_cortex.o ABSOLUTE
    ..\Drivers\STM32G0xx_HAL_Driver\Src\stm32g0xx_hal_dma.c 0x00000000   Number         0  stm32g0xx_hal_dma.o ABSOLUTE
    ..\Drivers\STM32G0xx_HAL_Driver\Src\stm32g0xx_hal_dma_ex.c 0x00000000   Number         0  stm32g0xx_hal_dma_ex.o ABSOLUTE
    ..\Drivers\STM32G0xx_HAL_Driver\Src\stm32g0xx_hal_exti.c 0x00000000   Number         0  stm32g0xx_hal_exti.o ABSOLUTE
    ..\Drivers\STM32G0xx_HAL_Driver\Src\stm32g0xx_hal_flash.c 0x00000000   Number         0  stm32g0xx_hal_flash.o ABSOLUTE
    ..\Drivers\STM32G0xx_HAL_Driver\Src\stm32g0xx_hal_flash_ex.c 0x00000000   Number         0  stm32g0xx_hal_flash_ex.o ABSOLUTE
    ..\Drivers\STM32G0xx_HAL_Driver\Src\stm32g0xx_hal_gpio.c 0x00000000   Number         0  stm32g0xx_hal_gpio.o ABSOLUTE
    ..\Drivers\STM32G0xx_HAL_Driver\Src\stm32g0xx_hal_pwr.c 0x00000000   Number         0  stm32g0xx_hal_pwr.o ABSOLUTE
    ..\Drivers\STM32G0xx_HAL_Driver\Src\stm32g0xx_hal_pwr_ex.c 0x00000000   Number         0  stm32g0xx_hal_pwr_ex.o ABSOLUTE
    ..\Drivers\STM32G0xx_HAL_Driver\Src\stm32g0xx_hal_rcc.c 0x00000000   Number         0  stm32g0xx_hal_rcc.o ABSOLUTE
    ..\Drivers\STM32G0xx_HAL_Driver\Src\stm32g0xx_hal_rcc_ex.c 0x00000000   Number         0  stm32g0xx_hal_rcc_ex.o ABSOLUTE
    ..\Drivers\STM32G0xx_HAL_Driver\Src\stm32g0xx_hal_tim.c 0x00000000   Number         0  stm32g0xx_hal_tim.o ABSOLUTE
    ..\Drivers\STM32G0xx_HAL_Driver\Src\stm32g0xx_hal_tim_ex.c 0x00000000   Number         0  stm32g0xx_hal_tim_ex.o ABSOLUTE
    ..\Drivers\STM32G0xx_HAL_Driver\Src\stm32g0xx_hal_uart.c 0x00000000   Number         0  stm32g0xx_hal_uart.o ABSOLUTE
    ..\Drivers\STM32G0xx_HAL_Driver\Src\stm32g0xx_hal_uart_ex.c 0x00000000   Number         0  stm32g0xx_hal_uart_ex.o ABSOLUTE
    ..\Middlewares\Third_Party\FreeRTOS\Source\CMSIS_RTOS_V2\cmsis_os2.c 0x00000000   Number         0  cmsis_os2.o ABSOLUTE
    ..\Middlewares\Third_Party\FreeRTOS\Source\portable\RVDS\ARM_CM0\port.c 0x00000000   Number         0  port.o ABSOLUTE
    dc.s                                     0x00000000   Number         0  dc.o ABSOLUTE
    handlers.s                               0x00000000   Number         0  handlers.o ABSOLUTE
    init.s                                   0x00000000   Number         0  init.o ABSOLUTE
    startup_stm32g071xx.s                    0x00000000   Number         0  startup_stm32g071xx.o ABSOLUTE
    RESET                                    0x08000000   Section      188  startup_stm32g071xx.o(RESET)
    .ARM.Collect$$$$00000000                 0x080000bc   Section        0  entry.o(.ARM.Collect$$$$00000000)
    .ARM.Collect$$$$00000001                 0x080000bc   Section        4  entry2.o(.ARM.Collect$$$$00000001)
    .ARM.Collect$$$$00000004                 0x080000c0   Section        4  entry5.o(.ARM.Collect$$$$00000004)
    .ARM.Collect$$$$00000008                 0x080000c4   Section        0  entry7b.o(.ARM.Collect$$$$00000008)
    .ARM.Collect$$$$0000000A                 0x080000c4   Section        0  entry8b.o(.ARM.Collect$$$$0000000A)
    .ARM.Collect$$$$0000000B                 0x080000c4   Section        8  entry9a.o(.ARM.Collect$$$$0000000B)
    .ARM.Collect$$$$0000000D                 0x080000cc   Section        0  entry10a.o(.ARM.Collect$$$$0000000D)
    .ARM.Collect$$$$0000000F                 0x080000cc   Section        0  entry11a.o(.ARM.Collect$$$$0000000F)
    .ARM.Collect$$$$00002712                 0x080000cc   Section        4  entry2.o(.ARM.Collect$$$$00002712)
    __lit__00000000                          0x080000cc   Data           4  entry2.o(.ARM.Collect$$$$00002712)
    .emb_text                                0x080000d0   Section      120  port.o(.emb_text)
    .text                                    0x08000148   Section       28  startup_stm32g071xx.o(.text)
    .text                                    0x08000164   Section        0  uidiv.o(.text)
    .text                                    0x08000190   Section        0  uldiv.o(.text)
    .text                                    0x080001f0   Section        0  memcpya.o(.text)
    .text                                    0x08000214   Section        0  memseta.o(.text)
    .text                                    0x08000238   Section        0  llshl.o(.text)
    .text                                    0x08000258   Section        0  llushr.o(.text)
    .text                                    0x0800027c   Section       36  init.o(.text)
    i.DMA1_Channel1_IRQHandler               0x080002a0   Section        0  stm32g0xx_it.o(i.DMA1_Channel1_IRQHandler)
    i.DMA1_Channel2_3_IRQHandler             0x080002b0   Section        0  stm32g0xx_it.o(i.DMA1_Channel2_3_IRQHandler)
    i.DMA_CalcDMAMUXChannelBaseAndMask       0x080002c0   Section        0  stm32g0xx_hal_dma.o(i.DMA_CalcDMAMUXChannelBaseAndMask)
    DMA_CalcDMAMUXChannelBaseAndMask         0x080002c1   Thumb Code    44  stm32g0xx_hal_dma.o(i.DMA_CalcDMAMUXChannelBaseAndMask)
    i.DMA_CalcDMAMUXRequestGenBaseAndMask    0x080002f0   Section        0  stm32g0xx_hal_dma.o(i.DMA_CalcDMAMUXRequestGenBaseAndMask)
    DMA_CalcDMAMUXRequestGenBaseAndMask      0x080002f1   Thumb Code    34  stm32g0xx_hal_dma.o(i.DMA_CalcDMAMUXRequestGenBaseAndMask)
    i.DMA_SetConfig                          0x08000318   Section        0  stm32g0xx_hal_dma.o(i.DMA_SetConfig)
    DMA_SetConfig                            0x08000319   Thumb Code    66  stm32g0xx_hal_dma.o(i.DMA_SetConfig)
    i.EXTI4_15_IRQHandler                    0x08000360   Section        0  stm32g0xx_it.o(i.EXTI4_15_IRQHandler)
    i.Error_Handler                          0x0800038a   Section        0  main.o(i.Error_Handler)
    i.HAL_DMA_Abort                          0x08000390   Section        0  stm32g0xx_hal_dma.o(i.HAL_DMA_Abort)
    i.HAL_DMA_Abort_IT                       0x08000404   Section        0  stm32g0xx_hal_dma.o(i.HAL_DMA_Abort_IT)
    i.HAL_DMA_IRQHandler                     0x08000480   Section        0  stm32g0xx_hal_dma.o(i.HAL_DMA_IRQHandler)
    i.HAL_DMA_Init                           0x08000538   Section        0  stm32g0xx_hal_dma.o(i.HAL_DMA_Init)
    i.HAL_DMA_Start_IT                       0x080005dc   Section        0  stm32g0xx_hal_dma.o(i.HAL_DMA_Start_IT)
    i.HAL_GPIO_EXTI_Falling_Callback         0x08000668   Section        0  stm32g0xx_hal_gpio.o(i.HAL_GPIO_EXTI_Falling_Callback)
    i.HAL_GPIO_EXTI_IRQHandler               0x0800066c   Section        0  stm32g0xx_hal_gpio.o(i.HAL_GPIO_EXTI_IRQHandler)
    i.HAL_GPIO_EXTI_Rising_Callback          0x08000694   Section        0  stm32g0xx_hal_gpio.o(i.HAL_GPIO_EXTI_Rising_Callback)
    i.HAL_GPIO_Init                          0x08000698   Section        0  stm32g0xx_hal_gpio.o(i.HAL_GPIO_Init)
    i.HAL_GPIO_ReadPin                       0x080007f4   Section        0  stm32g0xx_hal_gpio.o(i.HAL_GPIO_ReadPin)
    i.HAL_GPIO_WritePin                      0x080007fe   Section        0  stm32g0xx_hal_gpio.o(i.HAL_GPIO_WritePin)
    i.HAL_GetTick                            0x0800080c   Section        0  stm32g0xx_hal.o(i.HAL_GetTick)
    i.HAL_IncTick                            0x08000818   Section        0  stm32g0xx_hal.o(i.HAL_IncTick)
    i.HAL_Init                               0x08000828   Section        0  stm32g0xx_hal.o(i.HAL_Init)
    i.HAL_InitTick                           0x08000850   Section        0  stm32g0xx_hal_timebase_tim.o(i.HAL_InitTick)
    i.HAL_MspInit                            0x080008c8   Section        0  stm32g0xx_hal_msp.o(i.HAL_MspInit)
    i.HAL_NVIC_EnableIRQ                     0x08000904   Section        0  stm32g0xx_hal_cortex.o(i.HAL_NVIC_EnableIRQ)
    i.HAL_NVIC_SetPriority                   0x0800091c   Section        0  stm32g0xx_hal_cortex.o(i.HAL_NVIC_SetPriority)
    i.HAL_PWREx_ControlVoltageScaling        0x08000924   Section        0  stm32g0xx_hal_pwr_ex.o(i.HAL_PWREx_ControlVoltageScaling)
    i.HAL_RCCEx_PeriphCLKConfig              0x08000970   Section        0  stm32g0xx_hal_rcc_ex.o(i.HAL_RCCEx_PeriphCLKConfig)
    i.HAL_RCC_ClockConfig                    0x08000b50   Section        0  stm32g0xx_hal_rcc.o(i.HAL_RCC_ClockConfig)
    i.HAL_RCC_GetClockConfig                 0x08000ca8   Section        0  stm32g0xx_hal_rcc.o(i.HAL_RCC_GetClockConfig)
    i.HAL_RCC_GetPCLK1Freq                   0x08000ce0   Section        0  stm32g0xx_hal_rcc.o(i.HAL_RCC_GetPCLK1Freq)
    i.HAL_RCC_GetSysClockFreq                0x08000d08   Section        0  stm32g0xx_hal_rcc.o(i.HAL_RCC_GetSysClockFreq)
    i.HAL_RCC_OscConfig                      0x08000d94   Section        0  stm32g0xx_hal_rcc.o(i.HAL_RCC_OscConfig)
    i.HAL_SYSCFG_StrobeDBattpinsConfig       0x08001184   Section        0  stm32g0xx_hal.o(i.HAL_SYSCFG_StrobeDBattpinsConfig)
    i.HAL_TIMEx_Break2Callback               0x08001198   Section        0  stm32g0xx_hal_tim_ex.o(i.HAL_TIMEx_Break2Callback)
    i.HAL_TIMEx_BreakCallback                0x0800119a   Section        0  stm32g0xx_hal_tim_ex.o(i.HAL_TIMEx_BreakCallback)
    i.HAL_TIMEx_CommutCallback               0x0800119c   Section        0  stm32g0xx_hal_tim_ex.o(i.HAL_TIMEx_CommutCallback)
    i.HAL_TIM_Base_Init                      0x0800119e   Section        0  stm32g0xx_hal_tim.o(i.HAL_TIM_Base_Init)
    i.HAL_TIM_Base_MspInit                   0x080011ea   Section        0  stm32g0xx_hal_tim.o(i.HAL_TIM_Base_MspInit)
    i.HAL_TIM_Base_Start_IT                  0x080011ec   Section        0  stm32g0xx_hal_tim.o(i.HAL_TIM_Base_Start_IT)
    i.HAL_TIM_IC_CaptureCallback             0x0800124c   Section        0  stm32g0xx_hal_tim.o(i.HAL_TIM_IC_CaptureCallback)
    i.HAL_TIM_IRQHandler                     0x08001250   Section        0  stm32g0xx_hal_tim.o(i.HAL_TIM_IRQHandler)
    i.HAL_TIM_OC_DelayElapsedCallback        0x080013d4   Section        0  stm32g0xx_hal_tim.o(i.HAL_TIM_OC_DelayElapsedCallback)
    i.HAL_TIM_PWM_PulseFinishedCallback      0x080013d6   Section        0  stm32g0xx_hal_tim.o(i.HAL_TIM_PWM_PulseFinishedCallback)
    i.HAL_TIM_PeriodElapsedCallback          0x080013d8   Section        0  main.o(i.HAL_TIM_PeriodElapsedCallback)
    i.HAL_TIM_TriggerCallback                0x080013ec   Section        0  stm32g0xx_hal_tim.o(i.HAL_TIM_TriggerCallback)
    i.HAL_UARTEx_DisableFifoMode             0x080013ee   Section        0  stm32g0xx_hal_uart_ex.o(i.HAL_UARTEx_DisableFifoMode)
    i.HAL_UARTEx_RxEventCallback             0x0800142a   Section        0  stm32g0xx_hal_uart.o(i.HAL_UARTEx_RxEventCallback)
    i.HAL_UARTEx_RxFifoFullCallback          0x0800142c   Section        0  stm32g0xx_hal_uart_ex.o(i.HAL_UARTEx_RxFifoFullCallback)
    i.HAL_UARTEx_SetRxFifoThreshold          0x0800142e   Section        0  stm32g0xx_hal_uart_ex.o(i.HAL_UARTEx_SetRxFifoThreshold)
    i.HAL_UARTEx_SetTxFifoThreshold          0x08001476   Section        0  stm32g0xx_hal_uart_ex.o(i.HAL_UARTEx_SetTxFifoThreshold)
    i.HAL_UARTEx_TxFifoEmptyCallback         0x080014bc   Section        0  stm32g0xx_hal_uart_ex.o(i.HAL_UARTEx_TxFifoEmptyCallback)
    i.HAL_UARTEx_WakeupCallback              0x080014be   Section        0  stm32g0xx_hal_uart_ex.o(i.HAL_UARTEx_WakeupCallback)
    i.HAL_UART_ErrorCallback                 0x080014c0   Section        0  stm32g0xx_hal_uart.o(i.HAL_UART_ErrorCallback)
    i.HAL_UART_IRQHandler                    0x080014c4   Section        0  stm32g0xx_hal_uart.o(i.HAL_UART_IRQHandler)
    i.HAL_UART_Init                          0x08001728   Section        0  stm32g0xx_hal_uart.o(i.HAL_UART_Init)
    i.HAL_UART_MspInit                       0x08001794   Section        0  usart.o(i.HAL_UART_MspInit)
    i.HAL_UART_Receive_DMA                   0x080018b8   Section        0  stm32g0xx_hal_uart.o(i.HAL_UART_Receive_DMA)
    i.HAL_UART_RxCpltCallback                0x080018fc   Section        0  app_freertos.o(i.HAL_UART_RxCpltCallback)
    i.HAL_UART_RxHalfCpltCallback            0x08001924   Section        0  stm32g0xx_hal_uart.o(i.HAL_UART_RxHalfCpltCallback)
    i.HAL_UART_Transmit                      0x08001926   Section        0  stm32g0xx_hal_uart.o(i.HAL_UART_Transmit)
    i.HAL_UART_TxCpltCallback                0x080019fe   Section        0  stm32g0xx_hal_uart.o(i.HAL_UART_TxCpltCallback)
    i.HardFault_Handler                      0x08001a00   Section        0  stm32g0xx_it.o(i.HardFault_Handler)
    i.MX_DMA_Init                            0x08001a04   Section        0  dma.o(i.MX_DMA_Init)
    i.MX_FREERTOS_Init                       0x08001a3c   Section        0  app_freertos.o(i.MX_FREERTOS_Init)
    i.MX_GPIO_Init                           0x08001a5c   Section        0  gpio.o(i.MX_GPIO_Init)
    i.MX_USART1_UART_Init                    0x08001b34   Section        0  usart.o(i.MX_USART1_UART_Init)
    i.MX_USART4_UART_Init                    0x08001b9c   Section        0  usart.o(i.MX_USART4_UART_Init)
    i.Modbus_CRC16                           0x08001bd8   Section        0  app_freertos.o(i.Modbus_CRC16)
    i.NMI_Handler                            0x08001c10   Section        0  stm32g0xx_it.o(i.NMI_Handler)
    i.ProcessModbusFrame                     0x08001c14   Section        0  app_freertos.o(i.ProcessModbusFrame)
    i.ReadModbusStatus                       0x08001ce8   Section        0  app_freertos.o(i.ReadModbusStatus)
    i.SVC_Handler                            0x08001e08   Section        0  port.o(i.SVC_Handler)
    i.StartDefaultTask                       0x08001e0c   Section        0  app_freertos.o(i.StartDefaultTask)
    i.SysTick_Handler                        0x08001e64   Section        0  cmsis_os2.o(i.SysTick_Handler)
    i.SystemClock_Config                     0x08001e7c   Section        0  main.o(i.SystemClock_Config)
    i.SystemInit                             0x08001ef4   Section        0  system_stm32g0xx.o(i.SystemInit)
    i.TIM6_DAC_LPTIM1_IRQHandler             0x08001f04   Section        0  stm32g0xx_it.o(i.TIM6_DAC_LPTIM1_IRQHandler)
    i.TIM_Base_SetConfig                     0x08001f14   Section        0  stm32g0xx_hal_tim.o(i.TIM_Base_SetConfig)
    i.UARTEx_SetNbDataToProcess              0x08001fa8   Section        0  stm32g0xx_hal_uart_ex.o(i.UARTEx_SetNbDataToProcess)
    UARTEx_SetNbDataToProcess                0x08001fa9   Thumb Code    80  stm32g0xx_hal_uart_ex.o(i.UARTEx_SetNbDataToProcess)
    i.UART_AdvFeatureConfig                  0x08002008   Section        0  stm32g0xx_hal_uart.o(i.UART_AdvFeatureConfig)
    i.UART_CheckIdleState                    0x080020d4   Section        0  stm32g0xx_hal_uart.o(i.UART_CheckIdleState)
    i.UART_DMAAbortOnError                   0x08002138   Section        0  stm32g0xx_hal_uart.o(i.UART_DMAAbortOnError)
    UART_DMAAbortOnError                     0x08002139   Thumb Code    20  stm32g0xx_hal_uart.o(i.UART_DMAAbortOnError)
    i.UART_DMAError                          0x0800214c   Section        0  stm32g0xx_hal_uart.o(i.UART_DMAError)
    UART_DMAError                            0x0800214d   Thumb Code    78  stm32g0xx_hal_uart.o(i.UART_DMAError)
    i.UART_DMAReceiveCplt                    0x0800219a   Section        0  stm32g0xx_hal_uart.o(i.UART_DMAReceiveCplt)
    UART_DMAReceiveCplt                      0x0800219b   Thumb Code    96  stm32g0xx_hal_uart.o(i.UART_DMAReceiveCplt)
    i.UART_DMARxHalfCplt                     0x080021fa   Section        0  stm32g0xx_hal_uart.o(i.UART_DMARxHalfCplt)
    UART_DMARxHalfCplt                       0x080021fb   Thumb Code    28  stm32g0xx_hal_uart.o(i.UART_DMARxHalfCplt)
    i.UART_EndRxTransfer                     0x08002218   Section        0  stm32g0xx_hal_uart.o(i.UART_EndRxTransfer)
    UART_EndRxTransfer                       0x08002219   Thumb Code    52  stm32g0xx_hal_uart.o(i.UART_EndRxTransfer)
    i.UART_EndTxTransfer                     0x08002250   Section        0  stm32g0xx_hal_uart.o(i.UART_EndTxTransfer)
    UART_EndTxTransfer                       0x08002251   Thumb Code    30  stm32g0xx_hal_uart.o(i.UART_EndTxTransfer)
    i.UART_SetConfig                         0x08002270   Section        0  stm32g0xx_hal_uart.o(i.UART_SetConfig)
    i.UART_Start_Receive_DMA                 0x080024ac   Section        0  stm32g0xx_hal_uart.o(i.UART_Start_Receive_DMA)
    i.UART_WaitOnFlagUntilTimeout            0x08002530   Section        0  stm32g0xx_hal_uart.o(i.UART_WaitOnFlagUntilTimeout)
    i.USART1_IRQHandler                      0x080025cc   Section        0  stm32g0xx_it.o(i.USART1_IRQHandler)
    i.USART3_4_LPUART1_IRQHandler            0x080025dc   Section        0  stm32g0xx_it.o(i.USART3_4_LPUART1_IRQHandler)
    i.WriteModbusStatus                      0x080025ec   Section        0  app_freertos.o(i.WriteModbusStatus)
    i.__ARM_common_switch8                   0x08002684   Section        0  stm32g0xx_hal_dma.o(i.__ARM_common_switch8)
    i.__NVIC_SetPriority                     0x080026a0   Section        0  stm32g0xx_hal_cortex.o(i.__NVIC_SetPriority)
    __NVIC_SetPriority                       0x080026a1   Thumb Code    60  stm32g0xx_hal_cortex.o(i.__NVIC_SetPriority)
    i.__scatterload_copy                     0x080026e4   Section       14  handlers.o(i.__scatterload_copy)
    i.__scatterload_null                     0x080026f2   Section        2  handlers.o(i.__scatterload_null)
    i.__scatterload_zeroinit                 0x080026f4   Section       14  handlers.o(i.__scatterload_zeroinit)
    i.main                                   0x08002702   Section        0  main.o(i.main)
    i.osKernelInitialize                     0x08002728   Section        0  cmsis_os2.o(i.osKernelInitialize)
    i.osKernelStart                          0x08002750   Section        0  cmsis_os2.o(i.osKernelStart)
    i.osMessageQueueGet                      0x0800278c   Section        0  cmsis_os2.o(i.osMessageQueueGet)
    i.osMessageQueueNew                      0x080027f4   Section        0  cmsis_os2.o(i.osMessageQueueNew)
    i.osMessageQueuePut                      0x08002860   Section        0  cmsis_os2.o(i.osMessageQueuePut)
    i.osThreadNew                            0x080028cc   Section        0  cmsis_os2.o(i.osThreadNew)
    i.prvAddCurrentTaskToDelayedList         0x08002964   Section        0  tasks.o(i.prvAddCurrentTaskToDelayedList)
    prvAddCurrentTaskToDelayedList           0x08002965   Thumb Code    78  tasks.o(i.prvAddCurrentTaskToDelayedList)
    i.prvAddNewTaskToReadyList               0x080029bc   Section        0  tasks.o(i.prvAddNewTaskToReadyList)
    prvAddNewTaskToReadyList                 0x080029bd   Thumb Code   174  tasks.o(i.prvAddNewTaskToReadyList)
    i.prvCheckForValidListAndQueue           0x08002a78   Section        0  timers.o(i.prvCheckForValidListAndQueue)
    prvCheckForValidListAndQueue             0x08002a79   Thumb Code    74  timers.o(i.prvCheckForValidListAndQueue)
    i.prvCopyDataFromQueue                   0x08002ad4   Section        0  queue.o(i.prvCopyDataFromQueue)
    prvCopyDataFromQueue                     0x08002ad5   Thumb Code    38  queue.o(i.prvCopyDataFromQueue)
    i.prvCopyDataToQueue                     0x08002afa   Section        0  queue.o(i.prvCopyDataToQueue)
    prvCopyDataToQueue                       0x08002afb   Thumb Code   112  queue.o(i.prvCopyDataToQueue)
    i.prvDeleteTCB                           0x08002b6a   Section        0  tasks.o(i.prvDeleteTCB)
    prvDeleteTCB                             0x08002b6b   Thumb Code    38  tasks.o(i.prvDeleteTCB)
    i.prvHeapInit                            0x08002b90   Section        0  heap_4.o(i.prvHeapInit)
    prvHeapInit                              0x08002b91   Thumb Code    60  heap_4.o(i.prvHeapInit)
    i.prvIdleTask                            0x08002bd4   Section        0  tasks.o(i.prvIdleTask)
    prvIdleTask                              0x08002bd5   Thumb Code    62  tasks.o(i.prvIdleTask)
    i.prvInitialiseNewQueue                  0x08002c20   Section        0  queue.o(i.prvInitialiseNewQueue)
    prvInitialiseNewQueue                    0x08002c21   Thumb Code    34  queue.o(i.prvInitialiseNewQueue)
    i.prvInitialiseNewTask                   0x08002c42   Section        0  tasks.o(i.prvInitialiseNewTask)
    prvInitialiseNewTask                     0x08002c43   Thumb Code   148  tasks.o(i.prvInitialiseNewTask)
    i.prvInsertBlockIntoFreeList             0x08002cd8   Section        0  heap_4.o(i.prvInsertBlockIntoFreeList)
    prvInsertBlockIntoFreeList               0x08002cd9   Thumb Code    72  heap_4.o(i.prvInsertBlockIntoFreeList)
    i.prvInsertTimerInActiveList             0x08002d24   Section        0  timers.o(i.prvInsertTimerInActiveList)
    prvInsertTimerInActiveList               0x08002d25   Thumb Code    52  timers.o(i.prvInsertTimerInActiveList)
    i.prvIsQueueEmpty                        0x08002d5c   Section        0  queue.o(i.prvIsQueueEmpty)
    prvIsQueueEmpty                          0x08002d5d   Thumb Code    28  queue.o(i.prvIsQueueEmpty)
    i.prvProcessReceivedCommands             0x08002d78   Section        0  timers.o(i.prvProcessReceivedCommands)
    prvProcessReceivedCommands               0x08002d79   Thumb Code   228  timers.o(i.prvProcessReceivedCommands)
    i.prvProcessTimerOrBlockTask             0x08002e60   Section        0  timers.o(i.prvProcessTimerOrBlockTask)
    prvProcessTimerOrBlockTask               0x08002e61   Thumb Code   162  timers.o(i.prvProcessTimerOrBlockTask)
    i.prvResetNextTaskUnblockTime            0x08002f08   Section        0  tasks.o(i.prvResetNextTaskUnblockTime)
    prvResetNextTaskUnblockTime              0x08002f09   Thumb Code    28  tasks.o(i.prvResetNextTaskUnblockTime)
    i.prvSampleTimeNow                       0x08002f28   Section        0  timers.o(i.prvSampleTimeNow)
    prvSampleTimeNow                         0x08002f29   Thumb Code    36  timers.o(i.prvSampleTimeNow)
    i.prvSwitchTimerLists                    0x08002f50   Section        0  timers.o(i.prvSwitchTimerLists)
    prvSwitchTimerLists                      0x08002f51   Thumb Code    94  timers.o(i.prvSwitchTimerLists)
    i.prvTaskExitError                       0x08002fb4   Section        0  port.o(i.prvTaskExitError)
    prvTaskExitError                         0x08002fb5   Thumb Code    14  port.o(i.prvTaskExitError)
    i.prvTimerTask                           0x08002fc8   Section        0  timers.o(i.prvTimerTask)
    prvTimerTask                             0x08002fc9   Thumb Code    32  timers.o(i.prvTimerTask)
    i.prvUnlockQueue                         0x08002fec   Section        0  queue.o(i.prvUnlockQueue)
    prvUnlockQueue                           0x08002fed   Thumb Code   112  queue.o(i.prvUnlockQueue)
    i.pvPortMalloc                           0x0800305c   Section        0  heap_4.o(i.pvPortMalloc)
    i.pxPortInitialiseStack                  0x08003114   Section        0  port.o(i.pxPortInitialiseStack)
    i.uxListRemove                           0x08003134   Section        0  list.o(i.uxListRemove)
    i.vApplicationGetIdleTaskMemory          0x0800315c   Section        0  cmsis_os2.o(i.vApplicationGetIdleTaskMemory)
    i.vApplicationGetTimerTaskMemory         0x08003170   Section        0  cmsis_os2.o(i.vApplicationGetTimerTaskMemory)
    i.vListInitialise                        0x08003188   Section        0  list.o(i.vListInitialise)
    i.vListInitialiseItem                    0x0800319e   Section        0  list.o(i.vListInitialiseItem)
    i.vListInsert                            0x080031a4   Section        0  list.o(i.vListInsert)
    i.vListInsertEnd                         0x080031d4   Section        0  list.o(i.vListInsertEnd)
    i.vPortEnterCritical                     0x080031ec   Section        0  port.o(i.vPortEnterCritical)
    i.vPortExitCritical                      0x08003204   Section        0  port.o(i.vPortExitCritical)
    i.vPortFree                              0x08003220   Section        0  heap_4.o(i.vPortFree)
    i.vPortSetupTimerInterrupt               0x08003268   Section        0  port.o(i.vPortSetupTimerInterrupt)
    i.vPortYield                             0x08003290   Section        0  port.o(i.vPortYield)
    i.vQueueAddToRegistry                    0x080032a8   Section        0  queue.o(i.vQueueAddToRegistry)
    i.vQueueWaitForMessageRestricted         0x080032cc   Section        0  queue.o(i.vQueueWaitForMessageRestricted)
    i.vTaskInternalSetTimeOutState           0x08003310   Section        0  tasks.o(i.vTaskInternalSetTimeOutState)
    i.vTaskMissedYield                       0x08003320   Section        0  tasks.o(i.vTaskMissedYield)
    i.vTaskPlaceOnEventList                  0x0800332c   Section        0  tasks.o(i.vTaskPlaceOnEventList)
    i.vTaskPlaceOnEventListRestricted        0x08003350   Section        0  tasks.o(i.vTaskPlaceOnEventListRestricted)
    i.vTaskStartScheduler                    0x08003380   Section        0  tasks.o(i.vTaskStartScheduler)
    i.vTaskSuspendAll                        0x080033e8   Section        0  tasks.o(i.vTaskSuspendAll)
    i.vTaskSwitchContext                     0x080033f8   Section        0  tasks.o(i.vTaskSwitchContext)
    i.xPortStartScheduler                    0x08003450   Section        0  port.o(i.xPortStartScheduler)
    i.xPortSysTickHandler                    0x08003480   Section        0  port.o(i.xPortSysTickHandler)
    i.xQueueGenericCreate                    0x080034a4   Section        0  queue.o(i.xQueueGenericCreate)
    i.xQueueGenericCreateStatic              0x080034d8   Section        0  queue.o(i.xQueueGenericCreateStatic)
    i.xQueueGenericReset                     0x08003518   Section        0  queue.o(i.xQueueGenericReset)
    i.xQueueGenericSend                      0x08003584   Section        0  queue.o(i.xQueueGenericSend)
    i.xQueueGenericSendFromISR               0x0800369c   Section        0  queue.o(i.xQueueGenericSendFromISR)
    i.xQueueReceive                          0x0800372a   Section        0  queue.o(i.xQueueReceive)
    i.xQueueReceiveFromISR                   0x0800382c   Section        0  queue.o(i.xQueueReceiveFromISR)
    i.xTaskCheckForTimeOut                   0x080038a4   Section        0  tasks.o(i.xTaskCheckForTimeOut)
    i.xTaskCreate                            0x08003900   Section        0  tasks.o(i.xTaskCreate)
    i.xTaskCreateStatic                      0x08003952   Section        0  tasks.o(i.xTaskCreateStatic)
    i.xTaskGetSchedulerState                 0x08003998   Section        0  tasks.o(i.xTaskGetSchedulerState)
    i.xTaskGetTickCount                      0x080039b8   Section        0  tasks.o(i.xTaskGetTickCount)
    i.xTaskIncrementTick                     0x080039c4   Section        0  tasks.o(i.xTaskIncrementTick)
    i.xTaskPriorityDisinherit                0x08003a80   Section        0  tasks.o(i.xTaskPriorityDisinherit)
    i.xTaskRemoveFromEventList               0x08003ae8   Section        0  tasks.o(i.xTaskRemoveFromEventList)
    i.xTaskResumeAll                         0x08003b4c   Section        0  tasks.o(i.xTaskResumeAll)
    i.xTimerCreateTimerTask                  0x08003bfc   Section        0  timers.o(i.xTimerCreateTimerTask)
    i.xTimerGenericCommand                   0x08003c54   Section        0  timers.o(i.xTimerGenericCommand)
    .constdata                               0x08003ca8   Section       36  app_freertos.o(.constdata)
    .constdata                               0x08003ccc   Section       24  stm32g0xx_hal_uart.o(.constdata)
    .constdata                               0x08003ce4   Section       64  system_stm32g0xx.o(.constdata)
    .constdata                               0x08003d24   Section       32  system_stm32g0xx.o(.constdata)
    .conststring                             0x08003d44   Section       12  app_freertos.o(.conststring)
    .data                                    0x20000000   Section       12  app_freertos.o(.data)
    .data                                    0x2000000c   Section       12  stm32g0xx_hal.o(.data)
    .data                                    0x20000018   Section        4  system_stm32g0xx.o(.data)
    .data                                    0x2000001c   Section       60  tasks.o(.data)
    uxDeletedTasksWaitingCleanUp             0x20000020   Data           4  tasks.o(.data)
    uxCurrentNumberOfTasks                   0x20000024   Data           4  tasks.o(.data)
    xTickCount                               0x20000028   Data           4  tasks.o(.data)
    uxTopReadyPriority                       0x2000002c   Data           4  tasks.o(.data)
    xSchedulerRunning                        0x20000030   Data           4  tasks.o(.data)
    xPendedTicks                             0x20000034   Data           4  tasks.o(.data)
    xYieldPending                            0x20000038   Data           4  tasks.o(.data)
    xNumOfOverflows                          0x2000003c   Data           4  tasks.o(.data)
    uxTaskNumber                             0x20000040   Data           4  tasks.o(.data)
    xNextTaskUnblockTime                     0x20000044   Data           4  tasks.o(.data)
    xIdleTaskHandle                          0x20000048   Data           4  tasks.o(.data)
    uxSchedulerSuspended                     0x2000004c   Data           4  tasks.o(.data)
    pxDelayedTaskList                        0x20000050   Data           4  tasks.o(.data)
    pxOverflowDelayedTaskList                0x20000054   Data           4  tasks.o(.data)
    .data                                    0x20000058   Section       20  timers.o(.data)
    xTimerQueue                              0x20000058   Data           4  timers.o(.data)
    xTimerTaskHandle                         0x2000005c   Data           4  timers.o(.data)
    xLastTime                                0x20000060   Data           4  timers.o(.data)
    pxCurrentTimerList                       0x20000064   Data           4  timers.o(.data)
    pxOverflowTimerList                      0x20000068   Data           4  timers.o(.data)
    .data                                    0x2000006c   Section        4  cmsis_os2.o(.data)
    KernelState                              0x2000006c   Data           4  cmsis_os2.o(.data)
    .data                                    0x20000070   Section       32  heap_4.o(.data)
    pxEnd                                    0x20000070   Data           4  heap_4.o(.data)
    xFreeBytesRemaining                      0x20000074   Data           4  heap_4.o(.data)
    xMinimumEverFreeBytesRemaining           0x20000078   Data           4  heap_4.o(.data)
    xNumberOfSuccessfulAllocations           0x2000007c   Data           4  heap_4.o(.data)
    xNumberOfSuccessfulFrees                 0x20000080   Data           4  heap_4.o(.data)
    xBlockAllocatedBit                       0x20000084   Data           4  heap_4.o(.data)
    xStart                                   0x20000088   Data           8  heap_4.o(.data)
    .data                                    0x20000090   Section        4  port.o(.data)
    uxCriticalNesting                        0x20000090   Data           4  port.o(.data)
    .bss                                     0x20000094   Section      472  usart.o(.bss)
    .bss                                     0x2000026c   Section       76  stm32g0xx_hal_timebase_tim.o(.bss)
    .bss                                     0x200002b8   Section       64  queue.o(.bss)
    .bss                                     0x200002f8   Section     1220  tasks.o(.bss)
    pxReadyTasksLists                        0x200002f8   Data        1120  tasks.o(.bss)
    xDelayedTaskList1                        0x20000758   Data          20  tasks.o(.bss)
    xDelayedTaskList2                        0x2000076c   Data          20  tasks.o(.bss)
    xPendingReadyList                        0x20000780   Data          20  tasks.o(.bss)
    xTasksWaitingTermination                 0x20000794   Data          20  tasks.o(.bss)
    xSuspendedTaskList                       0x200007a8   Data          20  tasks.o(.bss)
    .bss                                     0x200007bc   Section      280  timers.o(.bss)
    xStaticTimerQueue                        0x200007bc   Data          80  timers.o(.bss)
    ucStaticTimerQueueStorage                0x2000080c   Data         160  timers.o(.bss)
    xActiveTimerList1                        0x200008ac   Data          20  timers.o(.bss)
    xActiveTimerList2                        0x200008c0   Data          20  timers.o(.bss)
    .bss                                     0x200008d4   Section     1720  cmsis_os2.o(.bss)
    Idle_TCB                                 0x200008d4   Data          92  cmsis_os2.o(.bss)
    Idle_Stack                               0x20000930   Data         512  cmsis_os2.o(.bss)
    Timer_TCB                                0x20000b30   Data          92  cmsis_os2.o(.bss)
    Timer_Stack                              0x20000b8c   Data        1024  cmsis_os2.o(.bss)
    .bss                                     0x20000f8c   Section     3072  heap_4.o(.bss)
    ucHeap                                   0x20000f8c   Data        3072  heap_4.o(.bss)
    STACK                                    0x20001b90   Section     1024  startup_stm32g071xx.o(STACK)

    Global Symbols

    Symbol Name                              Value     Ov Type        Size  Object(Section)

    BuildAttributes$$THM_ISAv3M$S$PE$A:L22$X:L11$S22$IEEE1$IW$USESV6$~STKCKD$USESV7$~SHL$OSPACE$EBA8$MICROLIB$REQ8$PRES8$EABIv2 0x00000000   Number         0  anon$$obj.o ABSOLUTE
    __ARM_use_no_argv                        0x00000000   Number         0  main.o ABSOLUTE
    __cpp_initialize__aeabi_                  - Undefined Weak Reference
    __cxa_finalize                            - Undefined Weak Reference
    __decompress                              - Undefined Weak Reference
    _clock_init                               - Undefined Weak Reference
    _microlib_exit                            - Undefined Weak Reference
    __Vectors_Size                           0x000000bc   Number         0  startup_stm32g071xx.o ABSOLUTE
    __Vectors                                0x08000000   Data           4  startup_stm32g071xx.o(RESET)
    __Vectors_End                            0x080000bc   Data           0  startup_stm32g071xx.o(RESET)
    __main                                   0x080000bd   Thumb Code     0  entry.o(.ARM.Collect$$$$00000000)
    _main_stk                                0x080000bd   Thumb Code     0  entry2.o(.ARM.Collect$$$$00000001)
    _main_scatterload                        0x080000c1   Thumb Code     0  entry5.o(.ARM.Collect$$$$00000004)
    __main_after_scatterload                 0x080000c5   Thumb Code     0  entry5.o(.ARM.Collect$$$$00000004)
    _main_clock                              0x080000c5   Thumb Code     0  entry7b.o(.ARM.Collect$$$$00000008)
    _main_cpp_init                           0x080000c5   Thumb Code     0  entry8b.o(.ARM.Collect$$$$0000000A)
    _main_init                               0x080000c5   Thumb Code     0  entry9a.o(.ARM.Collect$$$$0000000B)
    __rt_final_cpp                           0x080000cd   Thumb Code     0  entry10a.o(.ARM.Collect$$$$0000000D)
    __rt_final_exit                          0x080000cd   Thumb Code     0  entry11a.o(.ARM.Collect$$$$0000000F)
    __asm___6_port_c_39a90d8d__prvPortStartFirstTask 0x080000d1   Thumb Code    36  port.o(.emb_text)
    ulSetInterruptMaskFromISR                0x080000f9   Thumb Code     8  port.o(.emb_text)
    vClearInterruptMaskFromISR               0x08000101   Thumb Code     6  port.o(.emb_text)
    PendSV_Handler                           0x08000107   Thumb Code    62  port.o(.emb_text)
    Reset_Handler                            0x08000149   Thumb Code     8  startup_stm32g071xx.o(.text)
    ADC1_COMP_IRQHandler                     0x0800015b   Thumb Code     0  startup_stm32g071xx.o(.text)
    CEC_IRQHandler                           0x0800015b   Thumb Code     0  startup_stm32g071xx.o(.text)
    DMA1_Ch4_7_DMAMUX1_OVR_IRQHandler        0x0800015b   Thumb Code     0  startup_stm32g071xx.o(.text)
    EXTI0_1_IRQHandler                       0x0800015b   Thumb Code     0  startup_stm32g071xx.o(.text)
    EXTI2_3_IRQHandler                       0x0800015b   Thumb Code     0  startup_stm32g071xx.o(.text)
    FLASH_IRQHandler                         0x0800015b   Thumb Code     0  startup_stm32g071xx.o(.text)
    I2C1_IRQHandler                          0x0800015b   Thumb Code     0  startup_stm32g071xx.o(.text)
    I2C2_IRQHandler                          0x0800015b   Thumb Code     0  startup_stm32g071xx.o(.text)
    PVD_IRQHandler                           0x0800015b   Thumb Code     0  startup_stm32g071xx.o(.text)
    RCC_IRQHandler                           0x0800015b   Thumb Code     0  startup_stm32g071xx.o(.text)
    RTC_TAMP_IRQHandler                      0x0800015b   Thumb Code     0  startup_stm32g071xx.o(.text)
    SPI1_IRQHandler                          0x0800015b   Thumb Code     0  startup_stm32g071xx.o(.text)
    SPI2_IRQHandler                          0x0800015b   Thumb Code     0  startup_stm32g071xx.o(.text)
    TIM14_IRQHandler                         0x0800015b   Thumb Code     0  startup_stm32g071xx.o(.text)
    TIM15_IRQHandler                         0x0800015b   Thumb Code     0  startup_stm32g071xx.o(.text)
    TIM16_IRQHandler                         0x0800015b   Thumb Code     0  startup_stm32g071xx.o(.text)
    TIM17_IRQHandler                         0x0800015b   Thumb Code     0  startup_stm32g071xx.o(.text)
    TIM1_BRK_UP_TRG_COM_IRQHandler           0x0800015b   Thumb Code     0  startup_stm32g071xx.o(.text)
    TIM1_CC_IRQHandler                       0x0800015b   Thumb Code     0  startup_stm32g071xx.o(.text)
    TIM2_IRQHandler                          0x0800015b   Thumb Code     0  startup_stm32g071xx.o(.text)
    TIM3_IRQHandler                          0x0800015b   Thumb Code     0  startup_stm32g071xx.o(.text)
    TIM7_LPTIM2_IRQHandler                   0x0800015b   Thumb Code     0  startup_stm32g071xx.o(.text)
    UCPD1_2_IRQHandler                       0x0800015b   Thumb Code     0  startup_stm32g071xx.o(.text)
    USART2_IRQHandler                        0x0800015b   Thumb Code     0  startup_stm32g071xx.o(.text)
    WWDG_IRQHandler                          0x0800015b   Thumb Code     0  startup_stm32g071xx.o(.text)
    __aeabi_uidiv                            0x08000165   Thumb Code     0  uidiv.o(.text)
    __aeabi_uidivmod                         0x08000165   Thumb Code    44  uidiv.o(.text)
    __aeabi_uldivmod                         0x08000191   Thumb Code    96  uldiv.o(.text)
    __aeabi_memcpy                           0x080001f1   Thumb Code    36  memcpya.o(.text)
    __aeabi_memcpy4                          0x080001f1   Thumb Code     0  memcpya.o(.text)
    __aeabi_memcpy8                          0x080001f1   Thumb Code     0  memcpya.o(.text)
    __aeabi_memset                           0x08000215   Thumb Code    14  memseta.o(.text)
    __aeabi_memset4                          0x08000215   Thumb Code     0  memseta.o(.text)
    __aeabi_memset8                          0x08000215   Thumb Code     0  memseta.o(.text)
    __aeabi_memclr                           0x08000223   Thumb Code     4  memseta.o(.text)
    __aeabi_memclr4                          0x08000223   Thumb Code     0  memseta.o(.text)
    __aeabi_memclr8                          0x08000223   Thumb Code     0  memseta.o(.text)
    memset                                   0x08000227   Thumb Code    18  memseta.o(.text)
    __aeabi_llsl                             0x08000239   Thumb Code    32  llshl.o(.text)
    _ll_shift_l                              0x08000239   Thumb Code     0  llshl.o(.text)
    __aeabi_llsr                             0x08000259   Thumb Code    34  llushr.o(.text)
    _ll_ushift_r                             0x08000259   Thumb Code     0  llushr.o(.text)
    __scatterload                            0x0800027d   Thumb Code    28  init.o(.text)
    __scatterload_rt2                        0x0800027d   Thumb Code     0  init.o(.text)
    DMA1_Channel1_IRQHandler                 0x080002a1   Thumb Code    10  stm32g0xx_it.o(i.DMA1_Channel1_IRQHandler)
    DMA1_Channel2_3_IRQHandler               0x080002b1   Thumb Code    10  stm32g0xx_it.o(i.DMA1_Channel2_3_IRQHandler)
    EXTI4_15_IRQHandler                      0x08000361   Thumb Code    42  stm32g0xx_it.o(i.EXTI4_15_IRQHandler)
    Error_Handler                            0x0800038b   Thumb Code     4  main.o(i.Error_Handler)
    HAL_DMA_Abort                            0x08000391   Thumb Code   112  stm32g0xx_hal_dma.o(i.HAL_DMA_Abort)
    HAL_DMA_Abort_IT                         0x08000405   Thumb Code   118  stm32g0xx_hal_dma.o(i.HAL_DMA_Abort_IT)
    HAL_DMA_IRQHandler                       0x08000481   Thumb Code   180  stm32g0xx_hal_dma.o(i.HAL_DMA_IRQHandler)
    HAL_DMA_Init                             0x08000539   Thumb Code   156  stm32g0xx_hal_dma.o(i.HAL_DMA_Init)
    HAL_DMA_Start_IT                         0x080005dd   Thumb Code   136  stm32g0xx_hal_dma.o(i.HAL_DMA_Start_IT)
    HAL_GPIO_EXTI_Falling_Callback           0x08000669   Thumb Code     2  stm32g0xx_hal_gpio.o(i.HAL_GPIO_EXTI_Falling_Callback)
    HAL_GPIO_EXTI_IRQHandler                 0x0800066d   Thumb Code    36  stm32g0xx_hal_gpio.o(i.HAL_GPIO_EXTI_IRQHandler)
    HAL_GPIO_EXTI_Rising_Callback            0x08000695   Thumb Code     2  stm32g0xx_hal_gpio.o(i.HAL_GPIO_EXTI_Rising_Callback)
    HAL_GPIO_Init                            0x08000699   Thumb Code   330  stm32g0xx_hal_gpio.o(i.HAL_GPIO_Init)
    HAL_GPIO_ReadPin                         0x080007f5   Thumb Code    10  stm32g0xx_hal_gpio.o(i.HAL_GPIO_ReadPin)
    HAL_GPIO_WritePin                        0x080007ff   Thumb Code    12  stm32g0xx_hal_gpio.o(i.HAL_GPIO_WritePin)
    HAL_GetTick                              0x0800080d   Thumb Code     6  stm32g0xx_hal.o(i.HAL_GetTick)
    HAL_IncTick                              0x08000819   Thumb Code    12  stm32g0xx_hal.o(i.HAL_IncTick)
    HAL_Init                                 0x08000829   Thumb Code    36  stm32g0xx_hal.o(i.HAL_Init)
    HAL_InitTick                             0x08000851   Thumb Code    98  stm32g0xx_hal_timebase_tim.o(i.HAL_InitTick)
    HAL_MspInit                              0x080008c9   Thumb Code    56  stm32g0xx_hal_msp.o(i.HAL_MspInit)
    HAL_NVIC_EnableIRQ                       0x08000905   Thumb Code    18  stm32g0xx_hal_cortex.o(i.HAL_NVIC_EnableIRQ)
    HAL_NVIC_SetPriority                     0x0800091d   Thumb Code     8  stm32g0xx_hal_cortex.o(i.HAL_NVIC_SetPriority)
    HAL_PWREx_ControlVoltageScaling          0x08000925   Thumb Code    62  stm32g0xx_hal_pwr_ex.o(i.HAL_PWREx_ControlVoltageScaling)
    HAL_RCCEx_PeriphCLKConfig                0x08000971   Thumb Code   460  stm32g0xx_hal_rcc_ex.o(i.HAL_RCCEx_PeriphCLKConfig)
    HAL_RCC_ClockConfig                      0x08000b51   Thumb Code   318  stm32g0xx_hal_rcc.o(i.HAL_RCC_ClockConfig)
    HAL_RCC_GetClockConfig                   0x08000ca9   Thumb Code    48  stm32g0xx_hal_rcc.o(i.HAL_RCC_GetClockConfig)
    HAL_RCC_GetPCLK1Freq                     0x08000ce1   Thumb Code    26  stm32g0xx_hal_rcc.o(i.HAL_RCC_GetPCLK1Freq)
    HAL_RCC_GetSysClockFreq                  0x08000d09   Thumb Code   130  stm32g0xx_hal_rcc.o(i.HAL_RCC_GetSysClockFreq)
    HAL_RCC_OscConfig                        0x08000d95   Thumb Code   970  stm32g0xx_hal_rcc.o(i.HAL_RCC_OscConfig)
    HAL_SYSCFG_StrobeDBattpinsConfig         0x08001185   Thumb Code    16  stm32g0xx_hal.o(i.HAL_SYSCFG_StrobeDBattpinsConfig)
    HAL_TIMEx_Break2Callback                 0x08001199   Thumb Code     2  stm32g0xx_hal_tim_ex.o(i.HAL_TIMEx_Break2Callback)
    HAL_TIMEx_BreakCallback                  0x0800119b   Thumb Code     2  stm32g0xx_hal_tim_ex.o(i.HAL_TIMEx_BreakCallback)
    HAL_TIMEx_CommutCallback                 0x0800119d   Thumb Code     2  stm32g0xx_hal_tim_ex.o(i.HAL_TIMEx_CommutCallback)
    HAL_TIM_Base_Init                        0x0800119f   Thumb Code    76  stm32g0xx_hal_tim.o(i.HAL_TIM_Base_Init)
    HAL_TIM_Base_MspInit                     0x080011eb   Thumb Code     2  stm32g0xx_hal_tim.o(i.HAL_TIM_Base_MspInit)
    HAL_TIM_Base_Start_IT                    0x080011ed   Thumb Code    80  stm32g0xx_hal_tim.o(i.HAL_TIM_Base_Start_IT)
    HAL_TIM_IC_CaptureCallback               0x0800124d   Thumb Code     2  stm32g0xx_hal_tim.o(i.HAL_TIM_IC_CaptureCallback)
    HAL_TIM_IRQHandler                       0x08001251   Thumb Code   382  stm32g0xx_hal_tim.o(i.HAL_TIM_IRQHandler)
    HAL_TIM_OC_DelayElapsedCallback          0x080013d5   Thumb Code     2  stm32g0xx_hal_tim.o(i.HAL_TIM_OC_DelayElapsedCallback)
    HAL_TIM_PWM_PulseFinishedCallback        0x080013d7   Thumb Code     2  stm32g0xx_hal_tim.o(i.HAL_TIM_PWM_PulseFinishedCallback)
    HAL_TIM_PeriodElapsedCallback            0x080013d9   Thumb Code    16  main.o(i.HAL_TIM_PeriodElapsedCallback)
    HAL_TIM_TriggerCallback                  0x080013ed   Thumb Code     2  stm32g0xx_hal_tim.o(i.HAL_TIM_TriggerCallback)
    HAL_UARTEx_DisableFifoMode               0x080013ef   Thumb Code    60  stm32g0xx_hal_uart_ex.o(i.HAL_UARTEx_DisableFifoMode)
    HAL_UARTEx_RxEventCallback               0x0800142b   Thumb Code     2  stm32g0xx_hal_uart.o(i.HAL_UARTEx_RxEventCallback)
    HAL_UARTEx_RxFifoFullCallback            0x0800142d   Thumb Code     2  stm32g0xx_hal_uart_ex.o(i.HAL_UARTEx_RxFifoFullCallback)
    HAL_UARTEx_SetRxFifoThreshold            0x0800142f   Thumb Code    72  stm32g0xx_hal_uart_ex.o(i.HAL_UARTEx_SetRxFifoThreshold)
    HAL_UARTEx_SetTxFifoThreshold            0x08001477   Thumb Code    70  stm32g0xx_hal_uart_ex.o(i.HAL_UARTEx_SetTxFifoThreshold)
    HAL_UARTEx_TxFifoEmptyCallback           0x080014bd   Thumb Code     2  stm32g0xx_hal_uart_ex.o(i.HAL_UARTEx_TxFifoEmptyCallback)
    HAL_UARTEx_WakeupCallback                0x080014bf   Thumb Code     2  stm32g0xx_hal_uart_ex.o(i.HAL_UARTEx_WakeupCallback)
    HAL_UART_ErrorCallback                   0x080014c1   Thumb Code     2  stm32g0xx_hal_uart.o(i.HAL_UART_ErrorCallback)
    HAL_UART_IRQHandler                      0x080014c5   Thumb Code   594  stm32g0xx_hal_uart.o(i.HAL_UART_IRQHandler)
    HAL_UART_Init                            0x08001729   Thumb Code   108  stm32g0xx_hal_uart.o(i.HAL_UART_Init)
    HAL_UART_MspInit                         0x08001795   Thumb Code   272  usart.o(i.HAL_UART_MspInit)
    HAL_UART_Receive_DMA                     0x080018b9   Thumb Code    68  stm32g0xx_hal_uart.o(i.HAL_UART_Receive_DMA)
    HAL_UART_RxCpltCallback                  0x080018fd   Thumb Code    30  app_freertos.o(i.HAL_UART_RxCpltCallback)
    HAL_UART_RxHalfCpltCallback              0x08001925   Thumb Code     2  stm32g0xx_hal_uart.o(i.HAL_UART_RxHalfCpltCallback)
    HAL_UART_Transmit                        0x08001927   Thumb Code   216  stm32g0xx_hal_uart.o(i.HAL_UART_Transmit)
    HAL_UART_TxCpltCallback                  0x080019ff   Thumb Code     2  stm32g0xx_hal_uart.o(i.HAL_UART_TxCpltCallback)
    HardFault_Handler                        0x08001a01   Thumb Code     2  stm32g0xx_it.o(i.HardFault_Handler)
    MX_DMA_Init                              0x08001a05   Thumb Code    52  dma.o(i.MX_DMA_Init)
    MX_FREERTOS_Init                         0x08001a3d   Thumb Code    18  app_freertos.o(i.MX_FREERTOS_Init)
    MX_GPIO_Init                             0x08001a5d   Thumb Code   192  gpio.o(i.MX_GPIO_Init)
    MX_USART1_UART_Init                      0x08001b35   Thumb Code    96  usart.o(i.MX_USART1_UART_Init)
    MX_USART4_UART_Init                      0x08001b9d   Thumb Code    50  usart.o(i.MX_USART4_UART_Init)
    Modbus_CRC16                             0x08001bd9   Thumb Code    48  app_freertos.o(i.Modbus_CRC16)
    NMI_Handler                              0x08001c11   Thumb Code     2  stm32g0xx_it.o(i.NMI_Handler)
    ProcessModbusFrame                       0x08001c15   Thumb Code   208  app_freertos.o(i.ProcessModbusFrame)
    ReadModbusStatus                         0x08001ce9   Thumb Code   280  app_freertos.o(i.ReadModbusStatus)
    SVC_Handler                              0x08001e09   Thumb Code     2  port.o(i.SVC_Handler)
    StartDefaultTask                         0x08001e0d   Thumb Code    78  app_freertos.o(i.StartDefaultTask)
    SysTick_Handler                          0x08001e65   Thumb Code    20  cmsis_os2.o(i.SysTick_Handler)
    SystemClock_Config                       0x08001e7d   Thumb Code   118  main.o(i.SystemClock_Config)
    SystemInit                               0x08001ef5   Thumb Code    10  system_stm32g0xx.o(i.SystemInit)
    TIM6_DAC_LPTIM1_IRQHandler               0x08001f05   Thumb Code    10  stm32g0xx_it.o(i.TIM6_DAC_LPTIM1_IRQHandler)
    TIM_Base_SetConfig                       0x08001f15   Thumb Code   124  stm32g0xx_hal_tim.o(i.TIM_Base_SetConfig)
    UART_AdvFeatureConfig                    0x08002009   Thumb Code   202  stm32g0xx_hal_uart.o(i.UART_AdvFeatureConfig)
    UART_CheckIdleState                      0x080020d5   Thumb Code    94  stm32g0xx_hal_uart.o(i.UART_CheckIdleState)
    UART_SetConfig                           0x08002271   Thumb Code   522  stm32g0xx_hal_uart.o(i.UART_SetConfig)
    UART_Start_Receive_DMA                   0x080024ad   Thumb Code   120  stm32g0xx_hal_uart.o(i.UART_Start_Receive_DMA)
    UART_WaitOnFlagUntilTimeout              0x08002531   Thumb Code   156  stm32g0xx_hal_uart.o(i.UART_WaitOnFlagUntilTimeout)
    USART1_IRQHandler                        0x080025cd   Thumb Code    10  stm32g0xx_it.o(i.USART1_IRQHandler)
    USART3_4_LPUART1_IRQHandler              0x080025dd   Thumb Code    10  stm32g0xx_it.o(i.USART3_4_LPUART1_IRQHandler)
    WriteModbusStatus                        0x080025ed   Thumb Code   148  app_freertos.o(i.WriteModbusStatus)
    __ARM_common_switch8                     0x08002685   Thumb Code    26  stm32g0xx_hal_dma.o(i.__ARM_common_switch8)
    __scatterload_copy                       0x080026e5   Thumb Code    14  handlers.o(i.__scatterload_copy)
    __scatterload_null                       0x080026f3   Thumb Code     2  handlers.o(i.__scatterload_null)
    __scatterload_zeroinit                   0x080026f5   Thumb Code    14  handlers.o(i.__scatterload_zeroinit)
    main                                     0x08002703   Thumb Code    38  main.o(i.main)
    osKernelInitialize                       0x08002729   Thumb Code    36  cmsis_os2.o(i.osKernelInitialize)
    osKernelStart                            0x08002751   Thumb Code    52  cmsis_os2.o(i.osKernelStart)
    osMessageQueueGet                        0x0800278d   Thumb Code    98  cmsis_os2.o(i.osMessageQueueGet)
    osMessageQueueNew                        0x080027f5   Thumb Code   106  cmsis_os2.o(i.osMessageQueueNew)
    osMessageQueuePut                        0x08002861   Thumb Code   102  cmsis_os2.o(i.osMessageQueuePut)
    osThreadNew                              0x080028cd   Thumb Code   150  cmsis_os2.o(i.osThreadNew)
    pvPortMalloc                             0x0800305d   Thumb Code   178  heap_4.o(i.pvPortMalloc)
    pxPortInitialiseStack                    0x08003115   Thumb Code    28  port.o(i.pxPortInitialiseStack)
    uxListRemove                             0x08003135   Thumb Code    38  list.o(i.uxListRemove)
    vApplicationGetIdleTaskMemory            0x0800315d   Thumb Code    16  cmsis_os2.o(i.vApplicationGetIdleTaskMemory)
    vApplicationGetTimerTaskMemory           0x08003171   Thumb Code    18  cmsis_os2.o(i.vApplicationGetTimerTaskMemory)
    vListInitialise                          0x08003189   Thumb Code    22  list.o(i.vListInitialise)
    vListInitialiseItem                      0x0800319f   Thumb Code     6  list.o(i.vListInitialiseItem)
    vListInsert                              0x080031a5   Thumb Code    48  list.o(i.vListInsert)
    vListInsertEnd                           0x080031d5   Thumb Code    24  list.o(i.vListInsertEnd)
    vPortEnterCritical                       0x080031ed   Thumb Code    20  port.o(i.vPortEnterCritical)
    vPortExitCritical                        0x08003205   Thumb Code    22  port.o(i.vPortExitCritical)
    vPortFree                                0x08003221   Thumb Code    68  heap_4.o(i.vPortFree)
    vPortSetupTimerInterrupt                 0x08003269   Thumb Code    32  port.o(i.vPortSetupTimerInterrupt)
    vPortYield                               0x08003291   Thumb Code    18  port.o(i.vPortYield)
    vQueueAddToRegistry                      0x080032a9   Thumb Code    32  queue.o(i.vQueueAddToRegistry)
    vQueueWaitForMessageRestricted           0x080032cd   Thumb Code    68  queue.o(i.vQueueWaitForMessageRestricted)
    vTaskInternalSetTimeOutState             0x08003311   Thumb Code    12  tasks.o(i.vTaskInternalSetTimeOutState)
    vTaskMissedYield                         0x08003321   Thumb Code     8  tasks.o(i.vTaskMissedYield)
    vTaskPlaceOnEventList                    0x0800332d   Thumb Code    32  tasks.o(i.vTaskPlaceOnEventList)
    vTaskPlaceOnEventListRestricted          0x08003351   Thumb Code    42  tasks.o(i.vTaskPlaceOnEventListRestricted)
    vTaskStartScheduler                      0x08003381   Thumb Code    88  tasks.o(i.vTaskStartScheduler)
    vTaskSuspendAll                          0x080033e9   Thumb Code    10  tasks.o(i.vTaskSuspendAll)
    vTaskSwitchContext                       0x080033f9   Thumb Code    78  tasks.o(i.vTaskSwitchContext)
    xPortStartScheduler                      0x08003451   Thumb Code    40  port.o(i.xPortStartScheduler)
    xPortSysTickHandler                      0x08003481   Thumb Code    32  port.o(i.xPortSysTickHandler)
    xQueueGenericCreate                      0x080034a5   Thumb Code    52  queue.o(i.xQueueGenericCreate)
    xQueueGenericCreateStatic                0x080034d9   Thumb Code    64  queue.o(i.xQueueGenericCreateStatic)
    xQueueGenericReset                       0x08003519   Thumb Code   108  queue.o(i.xQueueGenericReset)
    xQueueGenericSend                        0x08003585   Thumb Code   280  queue.o(i.xQueueGenericSend)
    xQueueGenericSendFromISR                 0x0800369d   Thumb Code   142  queue.o(i.xQueueGenericSendFromISR)
    xQueueReceive                            0x0800372b   Thumb Code   258  queue.o(i.xQueueReceive)
    xQueueReceiveFromISR                     0x0800382d   Thumb Code   120  queue.o(i.xQueueReceiveFromISR)
    xTaskCheckForTimeOut                     0x080038a5   Thumb Code    86  tasks.o(i.xTaskCheckForTimeOut)
    xTaskCreate                              0x08003901   Thumb Code    82  tasks.o(i.xTaskCreate)
    xTaskCreateStatic                        0x08003953   Thumb Code    68  tasks.o(i.xTaskCreateStatic)
    xTaskGetSchedulerState                   0x08003999   Thumb Code    26  tasks.o(i.xTaskGetSchedulerState)
    xTaskGetTickCount                        0x080039b9   Thumb Code     6  tasks.o(i.xTaskGetTickCount)
    xTaskIncrementTick                       0x080039c5   Thumb Code   180  tasks.o(i.xTaskIncrementTick)
    xTaskPriorityDisinherit                  0x08003a81   Thumb Code    96  tasks.o(i.xTaskPriorityDisinherit)
    xTaskRemoveFromEventList                 0x08003ae9   Thumb Code    88  tasks.o(i.xTaskRemoveFromEventList)
    xTaskResumeAll                           0x08003b4d   Thumb Code   162  tasks.o(i.xTaskResumeAll)
    xTimerCreateTimerTask                    0x08003bfd   Thumb Code    72  timers.o(i.xTimerCreateTimerTask)
    xTimerGenericCommand                     0x08003c55   Thumb Code    80  timers.o(i.xTimerGenericCommand)
    defaultTask_attributes                   0x08003ca8   Data          36  app_freertos.o(.constdata)
    UARTPrescTable                           0x08003ccc   Data          24  stm32g0xx_hal_uart.o(.constdata)
    AHBPrescTable                            0x08003ce4   Data          64  system_stm32g0xx.o(.constdata)
    APBPrescTable                            0x08003d24   Data          32  system_stm32g0xx.o(.constdata)
    Region$$Table$$Base                      0x08003d50   Number         0  anon$$obj.o(Region$$Table)
    Region$$Table$$Limit                     0x08003d70   Number         0  anon$$obj.o(Region$$Table)
    rx_buf4                                  0x20000000   Data           1  app_freertos.o(.data)
    modbusRxQueue                            0x20000004   Data           4  app_freertos.o(.data)
    defaultTaskHandle                        0x20000008   Data           4  app_freertos.o(.data)
    uwTickFreq                               0x2000000c   Data           1  stm32g0xx_hal.o(.data)
    uwTickPrio                               0x20000010   Data           4  stm32g0xx_hal.o(.data)
    uwTick                                   0x20000014   Data           4  stm32g0xx_hal.o(.data)
    SystemCoreClock                          0x20000018   Data           4  system_stm32g0xx.o(.data)
    pxCurrentTCB                             0x2000001c   Data           4  tasks.o(.data)
    huart1                                   0x20000094   Data         144  usart.o(.bss)
    huart4                                   0x20000124   Data         144  usart.o(.bss)
    hdma_usart1_rx                           0x200001b4   Data          92  usart.o(.bss)
    hdma_usart4_rx                           0x20000210   Data          92  usart.o(.bss)
    htim6                                    0x2000026c   Data          76  stm32g0xx_hal_timebase_tim.o(.bss)
    xQueueRegistry                           0x200002b8   Data          64  queue.o(.bss)
    __initial_sp                             0x20001f90   Data           0  startup_stm32g071xx.o(STACK)



==============================================================================

Memory Map of the image

  Image Entry point : 0x080000bd

  Load Region LR_IROM1 (Base: 0x08000000, Size: 0x00003e04, Max: 0x00020000, ABSOLUTE)

    Execution Region ER_IROM1 (Base: 0x08000000, Size: 0x00003d70, Max: 0x00020000, ABSOLUTE)

    Base Addr    Size         Type   Attr      Idx    E Section Name        Object

    0x08000000   0x000000bc   Data   RO            3    RESET               startup_stm32g071xx.o
    0x080000bc   0x00000000   Code   RO         4992  * .ARM.Collect$$$$00000000  mc_p.l(entry.o)
    0x080000bc   0x00000004   Code   RO         5007    .ARM.Collect$$$$00000001  mc_p.l(entry2.o)
    0x080000c0   0x00000004   Code   RO         5010    .ARM.Collect$$$$00000004  mc_p.l(entry5.o)
    0x080000c4   0x00000000   Code   RO         5012    .ARM.Collect$$$$00000008  mc_p.l(entry7b.o)
    0x080000c4   0x00000000   Code   RO         5014    .ARM.Collect$$$$0000000A  mc_p.l(entry8b.o)
    0x080000c4   0x00000008   Code   RO         5015    .ARM.Collect$$$$0000000B  mc_p.l(entry9a.o)
    0x080000cc   0x00000000   Code   RO         5017    .ARM.Collect$$$$0000000D  mc_p.l(entry10a.o)
    0x080000cc   0x00000000   Code   RO         5019    .ARM.Collect$$$$0000000F  mc_p.l(entry11a.o)
    0x080000cc   0x00000004   Code   RO         5008    .ARM.Collect$$$$00002712  mc_p.l(entry2.o)
    0x080000d0   0x00000078   Code   RO         4921    .emb_text           port.o
    0x08000148   0x0000001c   Code   RO            4    .text               startup_stm32g071xx.o
    0x08000164   0x0000002c   Code   RO         4995    .text               mc_p.l(uidiv.o)
    0x08000190   0x00000060   Code   RO         4997    .text               mc_p.l(uldiv.o)
    0x080001f0   0x00000024   Code   RO         4999    .text               mc_p.l(memcpya.o)
    0x08000214   0x00000024   Code   RO         5003    .text               mc_p.l(memseta.o)
    0x08000238   0x00000020   Code   RO         5021    .text               mc_p.l(llshl.o)
    0x08000258   0x00000022   Code   RO         5023    .text               mc_p.l(llushr.o)
    0x0800027a   0x00000002   PAD
    0x0800027c   0x00000024   Code   RO         5025    .text               mc_p.l(init.o)
    0x080002a0   0x00000010   Code   RO          357    i.DMA1_Channel1_IRQHandler  stm32g0xx_it.o
    0x080002b0   0x00000010   Code   RO          358    i.DMA1_Channel2_3_IRQHandler  stm32g0xx_it.o
    0x080002c0   0x00000030   Code   RO          905    i.DMA_CalcDMAMUXChannelBaseAndMask  stm32g0xx_hal_dma.o
    0x080002f0   0x00000028   Code   RO          906    i.DMA_CalcDMAMUXRequestGenBaseAndMask  stm32g0xx_hal_dma.o
    0x08000318   0x00000048   Code   RO          907    i.DMA_SetConfig     stm32g0xx_hal_dma.o
    0x08000360   0x0000002a   Code   RO          359    i.EXTI4_15_IRQHandler  stm32g0xx_it.o
    0x0800038a   0x00000004   Code   RO           12    i.Error_Handler     main.o
    0x0800038e   0x00000002   PAD
    0x08000390   0x00000074   Code   RO          908    i.HAL_DMA_Abort     stm32g0xx_hal_dma.o
    0x08000404   0x0000007c   Code   RO          909    i.HAL_DMA_Abort_IT  stm32g0xx_hal_dma.o
    0x08000480   0x000000b8   Code   RO          913    i.HAL_DMA_IRQHandler  stm32g0xx_hal_dma.o
    0x08000538   0x000000a4   Code   RO          914    i.HAL_DMA_Init      stm32g0xx_hal_dma.o
    0x080005dc   0x0000008c   Code   RO          918    i.HAL_DMA_Start_IT  stm32g0xx_hal_dma.o
    0x08000668   0x00000002   Code   RO          838    i.HAL_GPIO_EXTI_Falling_Callback  stm32g0xx_hal_gpio.o
    0x0800066a   0x00000002   PAD
    0x0800066c   0x00000028   Code   RO          839    i.HAL_GPIO_EXTI_IRQHandler  stm32g0xx_hal_gpio.o
    0x08000694   0x00000002   Code   RO          840    i.HAL_GPIO_EXTI_Rising_Callback  stm32g0xx_hal_gpio.o
    0x08000696   0x00000002   PAD
    0x08000698   0x0000015c   Code   RO          841    i.HAL_GPIO_Init     stm32g0xx_hal_gpio.o
    0x080007f4   0x0000000a   Code   RO          843    i.HAL_GPIO_ReadPin  stm32g0xx_hal_gpio.o
    0x080007fe   0x0000000c   Code   RO          845    i.HAL_GPIO_WritePin  stm32g0xx_hal_gpio.o
    0x0800080a   0x00000002   PAD
    0x0800080c   0x0000000c   Code   RO         1438    i.HAL_GetTick       stm32g0xx_hal.o
    0x08000818   0x00000010   Code   RO         1444    i.HAL_IncTick       stm32g0xx_hal.o
    0x08000828   0x00000028   Code   RO         1445    i.HAL_Init          stm32g0xx_hal.o
    0x08000850   0x00000078   Code   RO          443    i.HAL_InitTick      stm32g0xx_hal_timebase_tim.o
    0x080008c8   0x0000003c   Code   RO          423    i.HAL_MspInit       stm32g0xx_hal_msp.o
    0x08000904   0x00000018   Code   RO         1322    i.HAL_NVIC_EnableIRQ  stm32g0xx_hal_cortex.o
    0x0800091c   0x00000008   Code   RO         1326    i.HAL_NVIC_SetPriority  stm32g0xx_hal_cortex.o
    0x08000924   0x0000004c   Code   RO         1142    i.HAL_PWREx_ControlVoltageScaling  stm32g0xx_hal_pwr_ex.o
    0x08000970   0x000001e0   Code   RO          589    i.HAL_RCCEx_PeriphCLKConfig  stm32g0xx_hal_rcc_ex.o
    0x08000b50   0x00000158   Code   RO          479    i.HAL_RCC_ClockConfig  stm32g0xx_hal_rcc.o
    0x08000ca8   0x00000038   Code   RO          484    i.HAL_RCC_GetClockConfig  stm32g0xx_hal_rcc.o
    0x08000ce0   0x00000028   Code   RO          487    i.HAL_RCC_GetPCLK1Freq  stm32g0xx_hal_rcc.o
    0x08000d08   0x0000008c   Code   RO          488    i.HAL_RCC_GetSysClockFreq  stm32g0xx_hal_rcc.o
    0x08000d94   0x000003f0   Code   RO          492    i.HAL_RCC_OscConfig  stm32g0xx_hal_rcc.o
    0x08001184   0x00000014   Code   RO         1456    i.HAL_SYSCFG_StrobeDBattpinsConfig  stm32g0xx_hal.o
    0x08001198   0x00000002   Code   RO         2427    i.HAL_TIMEx_Break2Callback  stm32g0xx_hal_tim_ex.o
    0x0800119a   0x00000002   Code   RO         2428    i.HAL_TIMEx_BreakCallback  stm32g0xx_hal_tim_ex.o
    0x0800119c   0x00000002   Code   RO         2429    i.HAL_TIMEx_CommutCallback  stm32g0xx_hal_tim_ex.o
    0x0800119e   0x0000004c   Code   RO         1717    i.HAL_TIM_Base_Init  stm32g0xx_hal_tim.o
    0x080011ea   0x00000002   Code   RO         1719    i.HAL_TIM_Base_MspInit  stm32g0xx_hal_tim.o
    0x080011ec   0x00000060   Code   RO         1722    i.HAL_TIM_Base_Start_IT  stm32g0xx_hal_tim.o
    0x0800124c   0x00000002   Code   RO         1751    i.HAL_TIM_IC_CaptureCallback  stm32g0xx_hal_tim.o
    0x0800124e   0x00000002   PAD
    0x08001250   0x00000184   Code   RO         1765    i.HAL_TIM_IRQHandler  stm32g0xx_hal_tim.o
    0x080013d4   0x00000002   Code   RO         1768    i.HAL_TIM_OC_DelayElapsedCallback  stm32g0xx_hal_tim.o
    0x080013d6   0x00000002   Code   RO         1795    i.HAL_TIM_PWM_PulseFinishedCallback  stm32g0xx_hal_tim.o
    0x080013d8   0x00000014   Code   RO           13    i.HAL_TIM_PeriodElapsedCallback  main.o
    0x080013ec   0x00000002   Code   RO         1808    i.HAL_TIM_TriggerCallback  stm32g0xx_hal_tim.o
    0x080013ee   0x0000003c   Code   RO         3142    i.HAL_UARTEx_DisableFifoMode  stm32g0xx_hal_uart_ex.o
    0x0800142a   0x00000002   Code   RO         2735    i.HAL_UARTEx_RxEventCallback  stm32g0xx_hal_uart.o
    0x0800142c   0x00000002   Code   RO         3149    i.HAL_UARTEx_RxFifoFullCallback  stm32g0xx_hal_uart_ex.o
    0x0800142e   0x00000048   Code   RO         3150    i.HAL_UARTEx_SetRxFifoThreshold  stm32g0xx_hal_uart_ex.o
    0x08001476   0x00000046   Code   RO         3151    i.HAL_UARTEx_SetTxFifoThreshold  stm32g0xx_hal_uart_ex.o
    0x080014bc   0x00000002   Code   RO         3153    i.HAL_UARTEx_TxFifoEmptyCallback  stm32g0xx_hal_uart_ex.o
    0x080014be   0x00000002   Code   RO         3154    i.HAL_UARTEx_WakeupCallback  stm32g0xx_hal_uart_ex.o
    0x080014c0   0x00000002   Code   RO         2751    i.HAL_UART_ErrorCallback  stm32g0xx_hal_uart.o
    0x080014c2   0x00000002   PAD
    0x080014c4   0x00000264   Code   RO         2754    i.HAL_UART_IRQHandler  stm32g0xx_hal_uart.o
    0x08001728   0x0000006c   Code   RO         2755    i.HAL_UART_Init     stm32g0xx_hal_uart.o
    0x08001794   0x00000124   Code   RO          314    i.HAL_UART_MspInit  usart.o
    0x080018b8   0x00000044   Code   RO         2759    i.HAL_UART_Receive_DMA  stm32g0xx_hal_uart.o
    0x080018fc   0x00000028   Code   RO          220    i.HAL_UART_RxCpltCallback  app_freertos.o
    0x08001924   0x00000002   Code   RO         2763    i.HAL_UART_RxHalfCpltCallback  stm32g0xx_hal_uart.o
    0x08001926   0x000000d8   Code   RO         2764    i.HAL_UART_Transmit  stm32g0xx_hal_uart.o
    0x080019fe   0x00000002   Code   RO         2767    i.HAL_UART_TxCpltCallback  stm32g0xx_hal_uart.o
    0x08001a00   0x00000002   Code   RO          360    i.HardFault_Handler  stm32g0xx_it.o
    0x08001a02   0x00000002   PAD
    0x08001a04   0x00000038   Code   RO          293    i.MX_DMA_Init       dma.o
    0x08001a3c   0x00000020   Code   RO          221    i.MX_FREERTOS_Init  app_freertos.o
    0x08001a5c   0x000000d8   Code   RO          200    i.MX_GPIO_Init      gpio.o
    0x08001b34   0x00000068   Code   RO          315    i.MX_USART1_UART_Init  usart.o
    0x08001b9c   0x0000003c   Code   RO          316    i.MX_USART4_UART_Init  usart.o
    0x08001bd8   0x00000038   Code   RO          222    i.Modbus_CRC16      app_freertos.o
    0x08001c10   0x00000002   Code   RO          361    i.NMI_Handler       stm32g0xx_it.o
    0x08001c12   0x00000002   PAD
    0x08001c14   0x000000d4   Code   RO          223    i.ProcessModbusFrame  app_freertos.o
    0x08001ce8   0x00000120   Code   RO          224    i.ReadModbusStatus  app_freertos.o
    0x08001e08   0x00000002   Code   RO         4922    i.SVC_Handler       port.o
    0x08001e0a   0x00000002   PAD
    0x08001e0c   0x00000058   Code   RO          225    i.StartDefaultTask  app_freertos.o
    0x08001e64   0x00000018   Code   RO         4369    i.SysTick_Handler   cmsis_os2.o
    0x08001e7c   0x00000076   Code   RO           14    i.SystemClock_Config  main.o
    0x08001ef2   0x00000002   PAD
    0x08001ef4   0x00000010   Code   RO         3250    i.SystemInit        system_stm32g0xx.o
    0x08001f04   0x00000010   Code   RO          362    i.TIM6_DAC_LPTIM1_IRQHandler  stm32g0xx_it.o
    0x08001f14   0x00000094   Code   RO         1810    i.TIM_Base_SetConfig  stm32g0xx_hal_tim.o
    0x08001fa8   0x00000060   Code   RO         3155    i.UARTEx_SetNbDataToProcess  stm32g0xx_hal_uart_ex.o
    0x08002008   0x000000ca   Code   RO         2769    i.UART_AdvFeatureConfig  stm32g0xx_hal_uart.o
    0x080020d2   0x00000002   PAD
    0x080020d4   0x00000064   Code   RO         2770    i.UART_CheckIdleState  stm32g0xx_hal_uart.o
    0x08002138   0x00000014   Code   RO         2771    i.UART_DMAAbortOnError  stm32g0xx_hal_uart.o
    0x0800214c   0x0000004e   Code   RO         2772    i.UART_DMAError     stm32g0xx_hal_uart.o
    0x0800219a   0x00000060   Code   RO         2773    i.UART_DMAReceiveCplt  stm32g0xx_hal_uart.o
    0x080021fa   0x0000001c   Code   RO         2775    i.UART_DMARxHalfCplt  stm32g0xx_hal_uart.o
    0x08002216   0x00000002   PAD
    0x08002218   0x00000038   Code   RO         2781    i.UART_EndRxTransfer  stm32g0xx_hal_uart.o
    0x08002250   0x0000001e   Code   RO         2782    i.UART_EndTxTransfer  stm32g0xx_hal_uart.o
    0x0800226e   0x00000002   PAD
    0x08002270   0x0000023c   Code   RO         2787    i.UART_SetConfig    stm32g0xx_hal_uart.o
    0x080024ac   0x00000084   Code   RO         2788    i.UART_Start_Receive_DMA  stm32g0xx_hal_uart.o
    0x08002530   0x0000009c   Code   RO         2794    i.UART_WaitOnFlagUntilTimeout  stm32g0xx_hal_uart.o
    0x080025cc   0x00000010   Code   RO          363    i.USART1_IRQHandler  stm32g0xx_it.o
    0x080025dc   0x00000010   Code   RO          364    i.USART3_4_LPUART1_IRQHandler  stm32g0xx_it.o
    0x080025ec   0x00000098   Code   RO          226    i.WriteModbusStatus  app_freertos.o
    0x08002684   0x0000001a   Code   RO         1001    i.__ARM_common_switch8  stm32g0xx_hal_dma.o
    0x0800269e   0x00000002   PAD
    0x080026a0   0x00000044   Code   RO         1332    i.__NVIC_SetPriority  stm32g0xx_hal_cortex.o
    0x080026e4   0x0000000e   Code   RO         5029    i.__scatterload_copy  mc_p.l(handlers.o)
    0x080026f2   0x00000002   Code   RO         5030    i.__scatterload_null  mc_p.l(handlers.o)
    0x080026f4   0x0000000e   Code   RO         5031    i.__scatterload_zeroinit  mc_p.l(handlers.o)
    0x08002702   0x00000026   Code   RO           15    i.main              main.o
    0x08002728   0x00000028   Code   RO         4385    i.osKernelInitialize  cmsis_os2.o
    0x08002750   0x0000003c   Code   RO         4388    i.osKernelStart     cmsis_os2.o
    0x0800278c   0x00000068   Code   RO         4400    i.osMessageQueueGet  cmsis_os2.o
    0x080027f4   0x0000006a   Code   RO         4405    i.osMessageQueueNew  cmsis_os2.o
    0x0800285e   0x00000002   PAD
    0x08002860   0x0000006c   Code   RO         4406    i.osMessageQueuePut  cmsis_os2.o
    0x080028cc   0x00000096   Code   RO         4430    i.osThreadNew       cmsis_os2.o
    0x08002962   0x00000002   PAD
    0x08002964   0x00000058   Code   RO         3843    i.prvAddCurrentTaskToDelayedList  tasks.o
    0x080029bc   0x000000bc   Code   RO         3844    i.prvAddNewTaskToReadyList  tasks.o
    0x08002a78   0x0000005c   Code   RO         4208    i.prvCheckForValidListAndQueue  timers.o
    0x08002ad4   0x00000026   Code   RO         3440    i.prvCopyDataFromQueue  queue.o
    0x08002afa   0x00000070   Code   RO         3441    i.prvCopyDataToQueue  queue.o
    0x08002b6a   0x00000026   Code   RO         3845    i.prvDeleteTCB      tasks.o
    0x08002b90   0x00000044   Code   RO         4866    i.prvHeapInit       heap_4.o
    0x08002bd4   0x0000004c   Code   RO         3846    i.prvIdleTask       tasks.o
    0x08002c20   0x00000022   Code   RO         3443    i.prvInitialiseNewQueue  queue.o
    0x08002c42   0x00000094   Code   RO         3847    i.prvInitialiseNewTask  tasks.o
    0x08002cd6   0x00000002   PAD
    0x08002cd8   0x0000004c   Code   RO         4867    i.prvInsertBlockIntoFreeList  heap_4.o
    0x08002d24   0x00000038   Code   RO         4210    i.prvInsertTimerInActiveList  timers.o
    0x08002d5c   0x0000001c   Code   RO         3444    i.prvIsQueueEmpty   queue.o
    0x08002d78   0x000000e8   Code   RO         4211    i.prvProcessReceivedCommands  timers.o
    0x08002e60   0x000000a8   Code   RO         4212    i.prvProcessTimerOrBlockTask  timers.o
    0x08002f08   0x00000020   Code   RO         3849    i.prvResetNextTaskUnblockTime  tasks.o
    0x08002f28   0x00000028   Code   RO         4213    i.prvSampleTimeNow  timers.o
    0x08002f50   0x00000064   Code   RO         4214    i.prvSwitchTimerLists  timers.o
    0x08002fb4   0x00000014   Code   RO         4923    i.prvTaskExitError  port.o
    0x08002fc8   0x00000024   Code   RO         4215    i.prvTimerTask      timers.o
    0x08002fec   0x00000070   Code   RO         3445    i.prvUnlockQueue    queue.o
    0x0800305c   0x000000b8   Code   RO         4868    i.pvPortMalloc      heap_4.o
    0x08003114   0x00000020   Code   RO         4924    i.pxPortInitialiseStack  port.o
    0x08003134   0x00000026   Code   RO         3403    i.uxListRemove      list.o
    0x0800315a   0x00000002   PAD
    0x0800315c   0x00000014   Code   RO         4442    i.vApplicationGetIdleTaskMemory  cmsis_os2.o
    0x08003170   0x00000018   Code   RO         4443    i.vApplicationGetTimerTaskMemory  cmsis_os2.o
    0x08003188   0x00000016   Code   RO         3404    i.vListInitialise   list.o
    0x0800319e   0x00000006   Code   RO         3405    i.vListInitialiseItem  list.o
    0x080031a4   0x00000030   Code   RO         3406    i.vListInsert       list.o
    0x080031d4   0x00000018   Code   RO         3407    i.vListInsertEnd    list.o
    0x080031ec   0x00000018   Code   RO         4926    i.vPortEnterCritical  port.o
    0x08003204   0x0000001c   Code   RO         4927    i.vPortExitCritical  port.o
    0x08003220   0x00000048   Code   RO         4869    i.vPortFree         heap_4.o
    0x08003268   0x00000028   Code   RO         4928    i.vPortSetupTimerInterrupt  port.o
    0x08003290   0x00000018   Code   RO         4929    i.vPortYield        port.o
    0x080032a8   0x00000024   Code   RO         3451    i.vQueueAddToRegistry  queue.o
    0x080032cc   0x00000044   Code   RO         3455    i.vQueueWaitForMessageRestricted  queue.o
    0x08003310   0x00000010   Code   RO         3867    i.vTaskInternalSetTimeOutState  tasks.o
    0x08003320   0x0000000c   Code   RO         3868    i.vTaskMissedYield  tasks.o
    0x0800332c   0x00000024   Code   RO         3870    i.vTaskPlaceOnEventList  tasks.o
    0x08003350   0x00000030   Code   RO         3871    i.vTaskPlaceOnEventListRestricted  tasks.o
    0x08003380   0x00000068   Code   RO         3879    i.vTaskStartScheduler  tasks.o
    0x080033e8   0x00000010   Code   RO         3881    i.vTaskSuspendAll   tasks.o
    0x080033f8   0x00000058   Code   RO         3882    i.vTaskSwitchContext  tasks.o
    0x08003450   0x00000030   Code   RO         4930    i.xPortStartScheduler  port.o
    0x08003480   0x00000024   Code   RO         4931    i.xPortSysTickHandler  port.o
    0x080034a4   0x00000034   Code   RO         3460    i.xQueueGenericCreate  queue.o
    0x080034d8   0x00000040   Code   RO         3461    i.xQueueGenericCreateStatic  queue.o
    0x08003518   0x0000006c   Code   RO         3462    i.xQueueGenericReset  queue.o
    0x08003584   0x00000118   Code   RO         3463    i.xQueueGenericSend  queue.o
    0x0800369c   0x0000008e   Code   RO         3464    i.xQueueGenericSendFromISR  queue.o
    0x0800372a   0x00000102   Code   RO         3473    i.xQueueReceive     queue.o
    0x0800382c   0x00000078   Code   RO         3474    i.xQueueReceiveFromISR  queue.o
    0x080038a4   0x0000005c   Code   RO         3884    i.xTaskCheckForTimeOut  tasks.o
    0x08003900   0x00000052   Code   RO         3885    i.xTaskCreate       tasks.o
    0x08003952   0x00000044   Code   RO         3886    i.xTaskCreateStatic  tasks.o
    0x08003996   0x00000002   PAD
    0x08003998   0x00000020   Code   RO         3890    i.xTaskGetSchedulerState  tasks.o
    0x080039b8   0x0000000c   Code   RO         3891    i.xTaskGetTickCount  tasks.o
    0x080039c4   0x000000bc   Code   RO         3893    i.xTaskIncrementTick  tasks.o
    0x08003a80   0x00000068   Code   RO         3896    i.xTaskPriorityDisinherit  tasks.o
    0x08003ae8   0x00000064   Code   RO         3898    i.xTaskRemoveFromEventList  tasks.o
    0x08003b4c   0x000000b0   Code   RO         3899    i.xTaskResumeAll    tasks.o
    0x08003bfc   0x00000058   Code   RO         4224    i.xTimerCreateTimerTask  timers.o
    0x08003c54   0x00000054   Code   RO         4225    i.xTimerGenericCommand  timers.o
    0x08003ca8   0x00000024   Data   RO          227    .constdata          app_freertos.o
    0x08003ccc   0x00000018   Data   RO         2795    .constdata          stm32g0xx_hal_uart.o
    0x08003ce4   0x00000040   Data   RO         3251    .constdata          system_stm32g0xx.o
    0x08003d24   0x00000020   Data   RO         3252    .constdata          system_stm32g0xx.o
    0x08003d44   0x0000000c   Data   RO          228    .conststring        app_freertos.o
    0x08003d50   0x00000020   Data   RO         5027    Region$$Table       anon$$obj.o


    Execution Region RW_IRAM1 (Base: 0x20000000, Size: 0x00001f90, Max: 0x00009000, ABSOLUTE)

    Base Addr    Size         Type   Attr      Idx    E Section Name        Object

    0x20000000   0x0000000c   Data   RW          229    .data               app_freertos.o
    0x2000000c   0x0000000c   Data   RW         1462    .data               stm32g0xx_hal.o
    0x20000018   0x00000004   Data   RW         3253    .data               system_stm32g0xx.o
    0x2000001c   0x0000003c   Data   RW         3902    .data               tasks.o
    0x20000058   0x00000014   Data   RW         4233    .data               timers.o
    0x2000006c   0x00000004   Data   RW         4445    .data               cmsis_os2.o
    0x20000070   0x00000020   Data   RW         4875    .data               heap_4.o
    0x20000090   0x00000004   Data   RW         4932    .data               port.o
    0x20000094   0x000001d8   Zero   RW          317    .bss                usart.o
    0x2000026c   0x0000004c   Zero   RW          446    .bss                stm32g0xx_hal_timebase_tim.o
    0x200002b8   0x00000040   Zero   RW         3477    .bss                queue.o
    0x200002f8   0x000004c4   Zero   RW         3901    .bss                tasks.o
    0x200007bc   0x00000118   Zero   RW         4232    .bss                timers.o
    0x200008d4   0x000006b8   Zero   RW         4444    .bss                cmsis_os2.o
    0x20000f8c   0x00000c00   Zero   RW         4874    .bss                heap_4.o
    0x20001b8c   0x00000004   PAD
    0x20001b90   0x00000400   Zero   RW            1    STACK               startup_stm32g071xx.o


==============================================================================

Image component sizes


      Code (inc. data)   RO Data    RW Data    ZI Data      Debug   Object Name

       868         58         48         12          0       6385   app_freertos.o
       636         38          0          4       1720      29382   cmsis_os2.o
        56          4          0          0          0        682   dma.o
         0          0          0          0          0      11536   event_groups.o
       216         24          0          0          0        883   gpio.o
       400         22          0         32       3072       4079   heap_4.o
       138          0          0          0          0       3166   list.o
       180          4          0          0          0     486285   main.o
       374         56          0          4          0       6999   port.o
      1452          4          0          0         64      17021   queue.o
        28          8        188          0       1024        596   startup_stm32g071xx.o
        88         18          0         12          0      17569   stm32g0xx_hal.o
       100         14          0          0          0      11196   stm32g0xx_hal_cortex.o
       914         42          0          0          0       6018   stm32g0xx_hal_dma.o
       414         22          0          0          0       4331   stm32g0xx_hal_gpio.o
        60          4          0          0          0        766   stm32g0xx_hal_msp.o
        76         14          0          0          0        706   stm32g0xx_hal_pwr_ex.o
      1588         96          0          0          0      23898   stm32g0xx_hal_rcc.o
       480         20          0          0          0       1676   stm32g0xx_hal_rcc_ex.o
       718         46          0          0          0       6552   stm32g0xx_hal_tim.o
         6          0          0          0          0       1960   stm32g0xx_hal_tim_ex.o
       120         22          0          0         76       1315   stm32g0xx_hal_timebase_tim.o
      2482         90         24          0          0      33434   stm32g0xx_hal_uart.o
       304         16          0          0          0       4950   stm32g0xx_hal_uart_ex.o
       126         30          0          0          0       3407   stm32g0xx_it.o
         0          0          0          0          0       9496   stream_buffer.o
        16          6         96          4          0       1039   system_stm32g0xx.o
      1744        152          0         60       1220      22643   tasks.o
       896         78          0         20        280      13683   timers.o
       456         38          0          0        472       2325   usart.o

    ----------------------------------------------------------------------
     14974        926        388        148       7932     733978   Object Totals
         0          0         32          0          0          0   (incl. Generated)
        38          0          0          0          4          0   (incl. Padding)

    ----------------------------------------------------------------------

      Code (inc. data)   RO Data    RW Data    ZI Data      Debug   Library Member Name

         0          0          0          0          0          0   entry.o
         0          0          0          0          0          0   entry10a.o
         0          0          0          0          0          0   entry11a.o
         8          4          0          0          0          0   entry2.o
         4          0          0          0          0          0   entry5.o
         0          0          0          0          0          0   entry7b.o
         0          0          0          0          0          0   entry8b.o
         8          4          0          0          0          0   entry9a.o
        30          0          0          0          0          0   handlers.o
        36          8          0          0          0         68   init.o
        32          0          0          0          0         68   llshl.o
        34          0          0          0          0         68   llushr.o
        36          0          0          0          0         60   memcpya.o
        36          0          0          0          0        100   memseta.o
        44          0          0          0          0         72   uidiv.o
        96          0          0          0          0         84   uldiv.o

    ----------------------------------------------------------------------
       366         16          0          0          0        520   Library Totals
         2          0          0          0          0          0   (incl. Padding)

    ----------------------------------------------------------------------

      Code (inc. data)   RO Data    RW Data    ZI Data      Debug   Library Name

       364         16          0          0          0        520   mc_p.l

    ----------------------------------------------------------------------
       366         16          0          0          0        520   Library Totals

    ----------------------------------------------------------------------

==============================================================================


      Code (inc. data)   RO Data    RW Data    ZI Data      Debug   

     15340        942        388        148       7932     727294   Grand Totals
     15340        942        388        148       7932     727294   ELF Image Totals
     15340        942        388        148          0          0   ROM Totals

==============================================================================

    Total RO  Size (Code + RO Data)                15728 (  15.36kB)
    Total RW  Size (RW Data + ZI Data)              8080 (   7.89kB)
    Total ROM Size (Code + RO Data + RW Data)      15876 (  15.50kB)

==============================================================================

