Component: ARM Compiler 5.06 update 4 (build 422) Tool: armlink [4d35d2]

==============================================================================

Section Cross References

    startup_stm32g0b1xx.o(RESET) refers to startup_stm32g0b1xx.o(STACK) for __initial_sp
    startup_stm32g0b1xx.o(RESET) refers to startup_stm32g0b1xx.o(.text) for Reset_Handler
    startup_stm32g0b1xx.o(RESET) refers to stm32g0xx_it.o(i.NMI_Handler) for NMI_Handler
    startup_stm32g0b1xx.o(RESET) refers to stm32g0xx_it.o(i.HardFault_Handler) for HardFault_Handler
    startup_stm32g0b1xx.o(RESET) refers to port.o(i.SVC_Handler) for SVC_Handler
    startup_stm32g0b1xx.o(RESET) refers to port.o(.emb_text) for PendSV_Handler
    startup_stm32g0b1xx.o(RESET) refers to cmsis_os2.o(i.SysTick_Handler) for SysTick_Handler
    startup_stm32g0b1xx.o(RESET) refers to stm32g0xx_it.o(i.EXTI4_15_IRQHandler) for EXTI4_15_IRQHandler
    startup_stm32g0b1xx.o(RESET) refers to stm32g0xx_it.o(i.DMA1_Channel1_IRQHandler) for DMA1_Channel1_IRQHandler
    startup_stm32g0b1xx.o(RESET) refers to stm32g0xx_it.o(i.DMA1_Channel2_3_IRQHandler) for DMA1_Channel2_3_IRQHandler
    startup_stm32g0b1xx.o(RESET) refers to stm32g0xx_it.o(i.DMA1_Ch4_7_DMA2_Ch1_5_DMAMUX1_OVR_IRQHandler) for DMA1_Ch4_7_DMA2_Ch1_5_DMAMUX1_OVR_IRQHandler
    startup_stm32g0b1xx.o(RESET) refers to stm32g0xx_it.o(i.TIM6_DAC_LPTIM1_IRQHandler) for TIM6_DAC_LPTIM1_IRQHandler
    startup_stm32g0b1xx.o(RESET) refers to stm32g0xx_it.o(i.USART1_IRQHandler) for USART1_IRQHandler
    startup_stm32g0b1xx.o(RESET) refers to stm32g0xx_it.o(i.USART3_4_5_6_LPUART1_IRQHandler) for USART3_4_5_6_LPUART1_IRQHandler
    startup_stm32g0b1xx.o(.text) refers to system_stm32g0xx.o(i.SystemInit) for SystemInit
    startup_stm32g0b1xx.o(.text) refers to entry.o(.ARM.Collect$$$$00000000) for __main
    main.o(i.HAL_TIM_PeriodElapsedCallback) refers to stm32g0xx_hal.o(i.HAL_IncTick) for HAL_IncTick
    main.o(i.SystemClock_Config) refers to memseta.o(.text) for __aeabi_memclr4
    main.o(i.SystemClock_Config) refers to stm32g0xx_hal_pwr_ex.o(i.HAL_PWREx_ControlVoltageScaling) for HAL_PWREx_ControlVoltageScaling
    main.o(i.SystemClock_Config) refers to stm32g0xx_hal_rcc.o(i.HAL_RCC_OscConfig) for HAL_RCC_OscConfig
    main.o(i.SystemClock_Config) refers to stm32g0xx_hal_rcc.o(i.HAL_RCC_ClockConfig) for HAL_RCC_ClockConfig
    main.o(i.SystemClock_Config) refers to stm32g0xx_hal_rcc_ex.o(i.HAL_RCCEx_PeriphCLKConfig) for HAL_RCCEx_PeriphCLKConfig
    main.o(i.main) refers to stm32g0xx_hal.o(i.HAL_Init) for HAL_Init
    main.o(i.main) refers to main.o(i.SystemClock_Config) for SystemClock_Config
    main.o(i.main) refers to gpio.o(i.MX_GPIO_Init) for MX_GPIO_Init
    main.o(i.main) refers to dma.o(i.MX_DMA_Init) for MX_DMA_Init
    main.o(i.main) refers to adc.o(i.MX_ADC1_Init) for MX_ADC1_Init
    main.o(i.main) refers to i2c.o(i.MX_I2C1_Init) for MX_I2C1_Init
    main.o(i.main) refers to tim.o(i.MX_TIM1_Init) for MX_TIM1_Init
    main.o(i.main) refers to tim.o(i.MX_TIM2_Init) for MX_TIM2_Init
    main.o(i.main) refers to tim.o(i.MX_TIM3_Init) for MX_TIM3_Init
    main.o(i.main) refers to tim.o(i.MX_TIM4_Init) for MX_TIM4_Init
    main.o(i.main) refers to tim.o(i.MX_TIM15_Init) for MX_TIM15_Init
    main.o(i.main) refers to usart.o(i.MX_USART1_UART_Init) for MX_USART1_UART_Init
    main.o(i.main) refers to usart.o(i.MX_USART3_UART_Init) for MX_USART3_UART_Init
    main.o(i.main) refers to usart.o(i.MX_USART4_UART_Init) for MX_USART4_UART_Init
    main.o(i.main) refers to usart.o(i.MX_USART5_UART_Init) for MX_USART5_UART_Init
    main.o(i.main) refers to usart.o(i.MX_USART6_UART_Init) for MX_USART6_UART_Init
    main.o(i.main) refers to usart.o(i.MX_LPUART1_UART_Init) for MX_LPUART1_UART_Init
    main.o(i.main) refers to cmsis_os2.o(i.osKernelInitialize) for osKernelInitialize
    main.o(i.main) refers to app_freertos.o(i.MX_FREERTOS_Init) for MX_FREERTOS_Init
    main.o(i.main) refers to cmsis_os2.o(i.osKernelStart) for osKernelStart
    gpio.o(i.MX_GPIO_Init) refers to memseta.o(.text) for __aeabi_memclr4
    gpio.o(i.MX_GPIO_Init) refers to stm32g0xx_hal_gpio.o(i.HAL_GPIO_WritePin) for HAL_GPIO_WritePin
    gpio.o(i.MX_GPIO_Init) refers to stm32g0xx_hal_gpio.o(i.HAL_GPIO_Init) for HAL_GPIO_Init
    gpio.o(i.MX_GPIO_Init) refers to stm32g0xx_hal_cortex.o(i.HAL_NVIC_SetPriority) for HAL_NVIC_SetPriority
    gpio.o(i.MX_GPIO_Init) refers to stm32g0xx_hal_cortex.o(i.HAL_NVIC_EnableIRQ) for HAL_NVIC_EnableIRQ
    app_freertos.o(i.HAL_UARTEx_RxEventCallback) refers to cmsis_os2.o(i.osSemaphoreRelease) for osSemaphoreRelease
    app_freertos.o(i.HAL_UARTEx_RxEventCallback) refers to modbus_slave.o(.data) for g_modbus_rx_len
    app_freertos.o(i.HAL_UARTEx_RxEventCallback) refers to nfc_reader.o(.data) for g_nfc_rx_size
    app_freertos.o(i.HAL_UART_TxCpltCallback) refers to cmsis_os2.o(i.osSemaphoreRelease) for osSemaphoreRelease
[...]
    prvInitialiseNewQueue                    0x08005db5   Thumb Code    34  queue.o(i.prvInitialiseNewQueue)
    i.prvInitialiseNewTask                   0x08005dd6   Section        0  tasks.o(i.prvInitialiseNewTask)
    prvInitialiseNewTask                     0x08005dd7   Thumb Code   148  tasks.o(i.prvInitialiseNewTask)
    i.prvInsertBlockIntoFreeList             0x08005e6c   Section        0  heap_4.o(i.prvInsertBlockIntoFreeList)
    prvInsertBlockIntoFreeList               0x08005e6d   Thumb Code    72  heap_4.o(i.prvInsertBlockIntoFreeList)
    i.prvInsertTimerInActiveList             0x08005eb8   Section        0  timers.o(i.prvInsertTimerInActiveList)
    prvInsertTimerInActiveList               0x08005eb9   Thumb Code    52  timers.o(i.prvInsertTimerInActiveList)
    i.prvIsQueueEmpty                        0x08005ef0   Section        0  queue.o(i.prvIsQueueEmpty)
    prvIsQueueEmpty                          0x08005ef1   Thumb Code    28  queue.o(i.prvIsQueueEmpty)
    i.prvProcessReceivedCommands             0x08005f0c   Section        0  timers.o(i.prvProcessReceivedCommands)
    prvProcessReceivedCommands               0x08005f0d   Thumb Code   228  timers.o(i.prvProcessReceivedCommands)
    i.prvProcessTimerOrBlockTask             0x08005ff4   Section        0  timers.o(i.prvProcessTimerOrBlockTask)
    prvProcessTimerOrBlockTask               0x08005ff5   Thumb Code   162  timers.o(i.prvProcessTimerOrBlockTask)
    i.prvResetNextTaskUnblockTime            0x0800609c   Section        0  tasks.o(i.prvResetNextTaskUnblockTime)
    prvResetNextTaskUnblockTime              0x0800609d   Thumb Code    28  tasks.o(i.prvResetNextTaskUnblockTime)
    i.prvSampleTimeNow                       0x080060bc   Section        0  timers.o(i.prvSampleTimeNow)
    prvSampleTimeNow                         0x080060bd   Thumb Code    36  timers.o(i.prvSampleTimeNow)
    i.prvSwitchTimerLists                    0x080060e4   Section        0  timers.o(i.prvSwitchTimerLists)
    prvSwitchTimerLists                      0x080060e5   Thumb Code    94  timers.o(i.prvSwitchTimerLists)
    i.prvTaskExitError                       0x08006148   Section        0  port.o(i.prvTaskExitError)
    prvTaskExitError                         0x08006149   Thumb Code    14  port.o(i.prvTaskExitError)
    i.prvTimerTask                           0x0800615c   Section        0  timers.o(i.prvTimerTask)
    prvTimerTask                             0x0800615d   Thumb Code    32  timers.o(i.prvTimerTask)
    i.prvUnlockQueue                         0x08006180   Section        0  queue.o(i.prvUnlockQueue)
    prvUnlockQueue                           0x08006181   Thumb Code   112  queue.o(i.prvUnlockQueue)
    i.pvPortMalloc                           0x080061f0   Section        0  heap_4.o(i.pvPortMalloc)
    i.pvTaskIncrementMutexHeldCount          0x080062a8   Section        0  tasks.o(i.pvTaskIncrementMutexHeldCount)
    i.pxPortInitialiseStack                  0x080062c0   Section        0  port.o(i.pxPortInitialiseStack)
    i.uxListRemove                           0x080062e0   Section        0  list.o(i.uxListRemove)
    i.vApplicationGetIdleTaskMemory          0x08006308   Section        0  cmsis_os2.o(i.vApplicationGetIdleTaskMemory)
    i.vApplicationGetTimerTaskMemory         0x0800631c   Section        0  cmsis_os2.o(i.vApplicationGetTimerTaskMemory)
    i.vListInitialise                        0x08006334   Section        0  list.o(i.vListInitialise)
    i.vListInitialiseItem                    0x0800634a   Section        0  list.o(i.vListInitialiseItem)
    i.vListInsert                            0x08006350   Section        0  list.o(i.vListInsert)
    i.vListInsertEnd                         0x08006380   Section        0  list.o(i.vListInsertEnd)
    i.vPortEnterCritical                     0x08006398   Section        0  port.o(i.vPortEnterCritical)
    i.vPortExitCritical                      0x080063b0   Section        0  port.o(i.vPortExitCritical)
    i.vPortFree                              0x080063cc   Section        0  heap_4.o(i.vPortFree)
    i.vPortSetupTimerInterrupt               0x08006414   Section        0  port.o(i.vPortSetupTimerInterrupt)
    i.vPortYield                             0x0800643c   Section        0  port.o(i.vPortYield)
    i.vQueueAddToRegistry                    0x08006454   Section        0  queue.o(i.vQueueAddToRegistry)
    i.vQueueDelete                           0x08006478   Section        0  queue.o(i.vQueueDelete)
    i.vQueueUnregisterQueue                  0x08006498   Section        0  queue.o(i.vQueueUnregisterQueue)
    i.vQueueWaitForMessageRestricted         0x080064c0   Section        0  queue.o(i.vQueueWaitForMessageRestricted)
    i.vTaskDelay                             0x08006504   Section        0  tasks.o(i.vTaskDelay)
    i.vTaskInternalSetTimeOutState           0x08006534   Section        0  tasks.o(i.vTaskInternalSetTimeOutState)
    i.vTaskMissedYield                       0x08006544   Section        0  tasks.o(i.vTaskMissedYield)
    i.vTaskPlaceOnEventList                  0x08006550   Section        0  tasks.o(i.vTaskPlaceOnEventList)
    i.vTaskPlaceOnEventListRestricted        0x08006574   Section        0  tasks.o(i.vTaskPlaceOnEventListRestricted)
    i.vTaskPriorityDisinheritAfterTimeout    0x080065a4   Section        0  tasks.o(i.vTaskPriorityDisinheritAfterTimeout)
    i.vTaskStartScheduler                    0x08006614   Section        0  tasks.o(i.vTaskStartScheduler)
    i.vTaskSuspendAll                        0x0800667c   Section        0  tasks.o(i.vTaskSuspendAll)
    i.vTaskSwitchContext                     0x0800668c   Section        0  tasks.o(i.vTaskSwitchContext)
    i.xPortStartScheduler                    0x080066e4   Section        0  port.o(i.xPortStartScheduler)
    i.xPortSysTickHandler                    0x08006714   Section        0  port.o(i.xPortSysTickHandler)
    i.xQueueCreateCountingSemaphore          0x08006738   Section        0  queue.o(i.xQueueCreateCountingSemaphore)
    i.xQueueCreateCountingSemaphoreStatic    0x0800675c   Section        0  queue.o(i.xQueueCreateCountingSemaphoreStatic)
    i.xQueueCreateMutex                      0x08006786   Section        0  queue.o(i.xQueueCreateMutex)
    i.xQueueCreateMutexStatic                0x0800679c   Section        0  queue.o(i.xQueueCreateMutexStatic)
    i.xQueueGenericCreate                    0x080067b6   Section        0  queue.o(i.xQueueGenericCreate)
    i.xQueueGenericCreateStatic              0x080067ea   Section        0  queue.o(i.xQueueGenericCreateStatic)
    i.xQueueGenericReset                     0x0800682a   Section        0  queue.o(i.xQueueGenericReset)
    i.xQueueGenericSend                      0x08006896   Section        0  queue.o(i.xQueueGenericSend)
    i.xQueueGenericSendFromISR               0x080069ae   Section        0  queue.o(i.xQueueGenericSendFromISR)
    i.xQueueGiveFromISR                      0x08006a3c   Section        0  queue.o(i.xQueueGiveFromISR)
    i.xQueueGiveMutexRecursive               0x08006ab0   Section        0  queue.o(i.xQueueGiveMutexRecursive)
    i.xQueueReceive                          0x08006ae2   Section        0  queue.o(i.xQueueReceive)
    i.xQueueReceiveFromISR                   0x08006be4   Section        0  queue.o(i.xQueueReceiveFromISR)
    i.xQueueSemaphoreTake                    0x08006c5c   Section        0  queue.o(i.xQueueSemaphoreTake)
    i.xQueueTakeMutexRecursive               0x08006d9c   Section        0  queue.o(i.xQueueTakeMutexRecursive)
    i.xTaskCheckForTimeOut                   0x08006dd0   Section        0  tasks.o(i.xTaskCheckForTimeOut)
    i.xTaskCreate                            0x08006e2c   Section        0  tasks.o(i.xTaskCreate)
    i.xTaskCreateStatic                      0x08006e7e   Section        0  tasks.o(i.xTaskCreateStatic)
    i.xTaskGetCurrentTaskHandle              0x08006ec4   Section        0  tasks.o(i.xTaskGetCurrentTaskHandle)
    i.xTaskGetSchedulerState                 0x08006ed0   Section        0  tasks.o(i.xTaskGetSchedulerState)
    i.xTaskGetTickCount                      0x08006ef0   Section        0  tasks.o(i.xTaskGetTickCount)
    i.xTaskIncrementTick                     0x08006efc   Section        0  tasks.o(i.xTaskIncrementTick)
    i.xTaskPriorityDisinherit                0x08006fb8   Section        0  tasks.o(i.xTaskPriorityDisinherit)
    i.xTaskPriorityInherit                   0x08007020   Section        0  tasks.o(i.xTaskPriorityInherit)
    i.xTaskRemoveFromEventList               0x08007098   Section        0  tasks.o(i.xTaskRemoveFromEventList)
    i.xTaskResumeAll                         0x080070fc   Section        0  tasks.o(i.xTaskResumeAll)
    i.xTimerCreateTimerTask                  0x080071ac   Section        0  timers.o(i.xTimerCreateTimerTask)
    i.xTimerGenericCommand                   0x08007204   Section        0  timers.o(i.xTimerGenericCommand)
    .constdata                               0x08007258   Section      108  app_freertos.o(.constdata)
    nfcTask_attributes                       0x08007258   Data          36  app_freertos.o(.constdata)
    modbusTask_attributes                    0x0800727c   Data          36  app_freertos.o(.constdata)
    .constdata                               0x080072c4   Section       20  nfc_reader.o(.constdata)
    NFC_CMD_READ_ID                          0x080072c4   Data           4  nfc_reader.o(.constdata)
    NFC_UARTS                                0x080072c8   Data          16  nfc_reader.o(.constdata)
    .constdata                               0x080072d8   Section       24  stm32g0xx_hal_uart.o(.constdata)
    .constdata                               0x080072f0   Section       64  system_stm32g0xx.o(.constdata)
    .constdata                               0x08007330   Section       32  system_stm32g0xx.o(.constdata)
    .conststring                             0x08007350   Section       32  app_freertos.o(.conststring)
    .data                                    0x20000000   Section       12  app_freertos.o(.data)
    nfcTaskHandle                            0x20000000   Data           4  app_freertos.o(.data)
    modbusTaskHandle                         0x20000004   Data           4  app_freertos.o(.data)
    .data                                    0x2000000c   Section       16  nfc_reader.o(.data)
    .data                                    0x2000001c   Section       12  modbus_slave.o(.data)
    .data                                    0x20000028   Section        4  debug_uart.o(.data)
    s_debug_mutex                            0x20000028   Data           4  debug_uart.o(.data)
    .data                                    0x2000002c   Section       12  stm32g0xx_hal.o(.data)
    .data                                    0x20000038   Section        4  system_stm32g0xx.o(.data)
    .data                                    0x2000003c   Section       60  tasks.o(.data)
    uxDeletedTasksWaitingCleanUp             0x20000040   Data           4  tasks.o(.data)
    uxCurrentNumberOfTasks                   0x20000044   Data           4  tasks.o(.data)
    xTickCount                               0x20000048   Data           4  tasks.o(.data)
    uxTopReadyPriority                       0x2000004c   Data           4  tasks.o(.data)
    xSchedulerRunning                        0x20000050   Data           4  tasks.o(.data)
    xPendedTicks                             0x20000054   Data           4  tasks.o(.data)
    xYieldPending                            0x20000058   Data           4  tasks.o(.data)
    xNumOfOverflows                          0x2000005c   Data           4  tasks.o(.data)
    uxTaskNumber                             0x20000060   Data           4  tasks.o(.data)
    xNextTaskUnblockTime                     0x20000064   Data           4  tasks.o(.data)
    xIdleTaskHandle                          0x20000068   Data           4  tasks.o(.data)
    uxSchedulerSuspended                     0x2000006c   Data           4  tasks.o(.data)
    pxDelayedTaskList                        0x20000070   Data           4  tasks.o(.data)
    pxOverflowDelayedTaskList                0x20000074   Data           4  tasks.o(.data)
    .data                                    0x20000078   Section       20  timers.o(.data)
    xTimerQueue                              0x20000078   Data           4  timers.o(.data)
    xTimerTaskHandle                         0x2000007c   Data           4  timers.o(.data)
    xLastTime                                0x20000080   Data           4  timers.o(.data)
    pxCurrentTimerList                       0x20000084   Data           4  timers.o(.data)
    pxOverflowTimerList                      0x20000088   Data           4  timers.o(.data)
    .data                                    0x2000008c   Section        4  cmsis_os2.o(.data)
    KernelState                              0x2000008c   Data           4  cmsis_os2.o(.data)
    .data                                    0x20000090   Section       32  heap_4.o(.data)
    pxEnd                                    0x20000090   Data           4  heap_4.o(.data)
    xFreeBytesRemaining                      0x20000094   Data           4  heap_4.o(.data)
    xMinimumEverFreeBytesRemaining           0x20000098   Data           4  heap_4.o(.data)
    xNumberOfSuccessfulAllocations           0x2000009c   Data           4  heap_4.o(.data)
    xNumberOfSuccessfulFrees                 0x200000a0   Data           4  heap_4.o(.data)
    xBlockAllocatedBit                       0x200000a4   Data           4  heap_4.o(.data)
    xStart                                   0x200000a8   Data           8  heap_4.o(.data)
    .data                                    0x200000b0   Section        4  port.o(.data)
    uxCriticalNesting                        0x200000b0   Data           4  port.o(.data)
    .bss                                     0x200000b4   Section      100  adc.o(.bss)
    .bss                                     0x20000118   Section       76  i2c.o(.bss)
    .bss                                     0x20000164   Section     2016  usart.o(.bss)
    .bss                                     0x20000944   Section      380  tim.o(.bss)
    .bss                                     0x20000ac0   Section       32  nfc_reader.o(.bss)
    .bss                                     0x20000ae0   Section       64  modbus_slave.o(.bss)
    .bss                                     0x20000b20   Section       76  stm32g0xx_hal_timebase_tim.o(.bss)
    .bss                                     0x20000b6c   Section       64  queue.o(.bss)
    .bss                                     0x20000bac   Section     1220  tasks.o(.bss)
    pxReadyTasksLists                        0x20000bac   Data        1120  tasks.o(.bss)
    xDelayedTaskList1                        0x2000100c   Data          20  tasks.o(.bss)
    xDelayedTaskList2                        0x20001020   Data          20  tasks.o(.bss)
    xPendingReadyList                        0x20001034   Data          20  tasks.o(.bss)
    xTasksWaitingTermination                 0x20001048   Data          20  tasks.o(.bss)
    xSuspendedTaskList                       0x2000105c   Data          20  tasks.o(.bss)
    .bss                                     0x20001070   Section      280  timers.o(.bss)
    xStaticTimerQueue                        0x20001070   Data          80  timers.o(.bss)
    ucStaticTimerQueueStorage                0x200010c0   Data         160  timers.o(.bss)
    xActiveTimerList1                        0x20001160   Data          20  timers.o(.bss)
    xActiveTimerList2                        0x20001174   Data          20  timers.o(.bss)
    .bss                                     0x20001188   Section     1720  cmsis_os2.o(.bss)
    Idle_TCB                                 0x20001188   Data          92  cmsis_os2.o(.bss)
    Idle_Stack                               0x200011e4   Data         512  cmsis_os2.o(.bss)
    Timer_TCB                                0x200013e4   Data          92  cmsis_os2.o(.bss)
    Timer_Stack                              0x20001440   Data        1024  cmsis_os2.o(.bss)
    .bss                                     0x20001840   Section     3072  heap_4.o(.bss)
    ucHeap                                   0x20001840   Data        3072  heap_4.o(.bss)
    STACK                                    0x20002440   Section     1024  startup_stm32g0b1xx.o(STACK)

    Global Symbols

    Symbol Name                              Value     Ov Type        Size  Object(Section)

    BuildAttributes$$THM_ISAv3M$S$PE$A:L22$X:L11$S22$IEEE1$IW$USESV6$~STKCKD$USESV7$~SHL$OSPACE$ROPI$EBA8$MICROLIB$REQ8$PRES8$EABIv2 0x00000000   Number         0  anon$$obj.o ABSOLUTE
    __ARM_use_no_argv                        0x00000000   Number         0  main.o ABSOLUTE
    __cpp_initialize__aeabi_                  - Undefined Weak Reference
    __cxa_finalize                            - Undefined Weak Reference
    __decompress                              - Undefined Weak Reference
    _clock_init                               - Undefined Weak Reference
    _microlib_exit                            - Undefined Weak Reference
    __Vectors_Size                           0x000000bc   Number         0  startup_stm32g0b1xx.o ABSOLUTE
    __Vectors                                0x08000000   Data           4  startup_stm32g0b1xx.o(RESET)
    __Vectors_End                            0x080000bc   Data           0  startup_stm32g0b1xx.o(RESET)
    __main                                   0x080000bd   Thumb Code     0  entry.o(.ARM.Collect$$$$00000000)
    _main_stk                                0x080000bd   Thumb Code     0  entry2.o(.ARM.Collect$$$$00000001)
    _main_scatterload                        0x080000c1   Thumb Code     0  entry5.o(.ARM.Collect$$$$00000004)
    __main_after_scatterload                 0x080000c5   Thumb Code     0  entry5.o(.ARM.Collect$$$$00000004)
    _main_clock                              0x080000c5   Thumb Code     0  entry7b.o(.ARM.Collect$$$$00000008)
    _main_cpp_init                           0x080000c5   Thumb Code     0  entry8b.o(.ARM.Collect$$$$0000000A)
    _main_init                               0x080000c5   Thumb Code     0  entry9a.o(.ARM.Collect$$$$0000000B)
    __rt_final_cpp                           0x080000cd   Thumb Code     0  entry10a.o(.ARM.Collect$$$$0000000D)
    __rt_final_exit                          0x080000cd   Thumb Code     0  entry11a.o(.ARM.Collect$$$$0000000F)
    __asm___6_port_c_39a90d8d__prvPortStartFirstTask 0x080000d1   Thumb Code    36  port.o(.emb_text)
    ulSetInterruptMaskFromISR                0x080000f9   Thumb Code     8  port.o(.emb_text)
    vClearInterruptMaskFromISR               0x08000101   Thumb Code     6  port.o(.emb_text)
    PendSV_Handler                           0x08000107   Thumb Code    62  port.o(.emb_text)
    Reset_Handler                            0x08000149   Thumb Code     8  startup_stm32g0b1xx.o(.text)
    ADC1_COMP_IRQHandler                     0x0800015b   Thumb Code     0  startup_stm32g0b1xx.o(.text)
    CEC_IRQHandler                           0x0800015b   Thumb Code     0  startup_stm32g0b1xx.o(.text)
    EXTI0_1_IRQHandler                       0x0800015b   Thumb Code     0  startup_stm32g0b1xx.o(.text)
    EXTI2_3_IRQHandler                       0x0800015b   Thumb Code     0  startup_stm32g0b1xx.o(.text)
    FLASH_IRQHandler                         0x0800015b   Thumb Code     0  startup_stm32g0b1xx.o(.text)
    I2C1_IRQHandler                          0x0800015b   Thumb Code     0  startup_stm32g0b1xx.o(.text)
    I2C2_3_IRQHandler                        0x0800015b   Thumb Code     0  startup_stm32g0b1xx.o(.text)
    PVD_VDDIO2_IRQHandler                    0x0800015b   Thumb Code     0  startup_stm32g0b1xx.o(.text)
    RCC_CRS_IRQHandler                       0x0800015b   Thumb Code     0  startup_stm32g0b1xx.o(.text)
    RTC_TAMP_IRQHandler                      0x0800015b   Thumb Code     0  startup_stm32g0b1xx.o(.text)
    SPI1_IRQHandler                          0x0800015b   Thumb Code     0  startup_stm32g0b1xx.o(.text)
    SPI2_3_IRQHandler                        0x0800015b   Thumb Code     0  startup_stm32g0b1xx.o(.text)
    TIM14_IRQHandler                         0x0800015b   Thumb Code     0  startup_stm32g0b1xx.o(.text)
    TIM15_IRQHandler                         0x0800015b   Thumb Code     0  startup_stm32g0b1xx.o(.text)
    TIM16_FDCAN_IT0_IRQHandler               0x0800015b   Thumb Code     0  startup_stm32g0b1xx.o(.text)
    TIM17_FDCAN_IT1_IRQHandler               0x0800015b   Thumb Code     0  startup_stm32g0b1xx.o(.text)
    TIM1_BRK_UP_TRG_COM_IRQHandler           0x0800015b   Thumb Code     0  startup_stm32g0b1xx.o(.text)
    TIM1_CC_IRQHandler                       0x0800015b   Thumb Code     0  startup_stm32g0b1xx.o(.text)
    TIM2_IRQHandler                          0x0800015b   Thumb Code     0  startup_stm32g0b1xx.o(.text)
    TIM3_TIM4_IRQHandler                     0x0800015b   Thumb Code     0  startup_stm32g0b1xx.o(.text)
    TIM7_LPTIM2_IRQHandler                   0x0800015b   Thumb Code     0  startup_stm32g0b1xx.o(.text)
    USART2_LPUART2_IRQHandler                0x0800015b   Thumb Code     0  startup_stm32g0b1xx.o(.text)
    USB_UCPD1_2_IRQHandler                   0x0800015b   Thumb Code     0  startup_stm32g0b1xx.o(.text)
    WWDG_IRQHandler                          0x0800015b   Thumb Code     0  startup_stm32g0b1xx.o(.text)
    __aeabi_uidiv                            0x08000165   Thumb Code     0  uidiv.o(.text)
    __aeabi_uidivmod                         0x08000165   Thumb Code    44  uidiv.o(.text)
    __aeabi_uldivmod                         0x08000191   Thumb Code    96  uldiv.o(.text)
    __aeabi_memcpy                           0x080001f1   Thumb Code    36  memcpya.o(.text)
    __aeabi_memcpy4                          0x080001f1   Thumb Code     0  memcpya.o(.text)
    __aeabi_memcpy8                          0x080001f1   Thumb Code     0  memcpya.o(.text)
    __aeabi_memset                           0x08000215   Thumb Code    14  memseta.o(.text)
    __aeabi_memset4                          0x08000215   Thumb Code     0  memseta.o(.text)
    __aeabi_memset8                          0x08000215   Thumb Code     0  memseta.o(.text)
    __aeabi_memclr                           0x08000223   Thumb Code     4  memseta.o(.text)
    __aeabi_memclr4                          0x08000223   Thumb Code     0  memseta.o(.text)
    __aeabi_memclr8                          0x08000223   Thumb Code     0  memseta.o(.text)
    memset                                   0x08000227   Thumb Code    18  memseta.o(.text)
    __aeabi_llsl                             0x08000239   Thumb Code    32  llshl.o(.text)
    _ll_shift_l                              0x08000239   Thumb Code     0  llshl.o(.text)
    __aeabi_llsr                             0x08000259   Thumb Code    34  llushr.o(.text)
    _ll_ushift_r                             0x08000259   Thumb Code     0  llushr.o(.text)
    __I$use$fp                               0x0800027b   Thumb Code     0  iusefp.o(.text)
    __aeabi_dadd                             0x0800027d   Thumb Code   328  dadd.o(.text)
    __aeabi_dsub                             0x080003c5   Thumb Code    12  dadd.o(.text)
    __aeabi_drsub                            0x080003d1   Thumb Code    12  dadd.o(.text)
    __aeabi_dmul                             0x080003e1   Thumb Code   202  dmul.o(.text)
    __aeabi_ddiv                             0x080004b1   Thumb Code   234  ddiv.o(.text)
    __aeabi_d2ulz                            0x080005a1   Thumb Code    54  dfixul.o(.text)
    __aeabi_cdrcmple                         0x080005e1   Thumb Code    38  cdrcmple.o(.text)
    __scatterload                            0x08000609   Thumb Code    28  init.o(.text)
    __scatterload_rt2                        0x08000609   Thumb Code     0  init.o(.text)
    __aeabi_lasr                             0x0800062d   Thumb Code    38  llsshr.o(.text)
    _ll_sshift_r                             0x0800062d   Thumb Code     0  llsshr.o(.text)
    _double_round                            0x08000653   Thumb Code    26  depilogue.o(.text)
    _double_epilogue                         0x0800066d   Thumb Code   164  depilogue.o(.text)
    DMA1_Ch4_7_DMA2_Ch1_5_DMAMUX1_OVR_IRQHandler 0x08000711   Thumb Code    58  stm32g0xx_it.o(i.DMA1_Ch4_7_DMA2_Ch1_5_DMAMUX1_OVR_IRQHandler)
    DMA1_Channel1_IRQHandler                 0x08000771   Thumb Code    10  stm32g0xx_it.o(i.DMA1_Channel1_IRQHandler)
    DMA1_Channel2_3_IRQHandler               0x08000781   Thumb Code    16  stm32g0xx_it.o(i.DMA1_Channel2_3_IRQHandler)
    Debug_Init                               0x08000849   Thumb Code    14  debug_uart.o(i.Debug_Init)
    Debug_Printf                             0x0800085d   Thumb Code    70  debug_uart.o(i.Debug_Printf)
    EXTI4_15_IRQHandler                      0x080008ad   Thumb Code    16  stm32g0xx_it.o(i.EXTI4_15_IRQHandler)
    Error_Handler                            0x080008bd   Thumb Code     4  main.o(i.Error_Handler)
    HAL_ADC_ConfigChannel                    0x080008c1   Thumb Code   522  stm32g0xx_hal_adc.o(i.HAL_ADC_ConfigChannel)
    HAL_ADC_Init                             0x08000ae5   Thumb Code   552  stm32g0xx_hal_adc.o(i.HAL_ADC_Init)
    HAL_ADC_MspInit                          0x08000d31   Thumb Code   108  adc.o(i.HAL_ADC_MspInit)
    HAL_DMA_Abort                            0x08000da9   Thumb Code   108  stm32g0xx_hal_dma.o(i.HAL_DMA_Abort)
    HAL_DMA_Abort_IT                         0x08000e15   Thumb Code   112  stm32g0xx_hal_dma.o(i.HAL_DMA_Abort_IT)
    HAL_DMA_GetError                         0x08000e85   Thumb Code     4  stm32g0xx_hal_dma.o(i.HAL_DMA_GetError)
    HAL_DMA_IRQHandler                       0x08000e89   Thumb Code   188  stm32g0xx_hal_dma.o(i.HAL_DMA_IRQHandler)
    HAL_DMA_Init                             0x08000f4d   Thumb Code   188  stm32g0xx_hal_dma.o(i.HAL_DMA_Init)
    HAL_DMA_Start_IT                         0x08001019   Thumb Code   136  stm32g0xx_hal_dma.o(i.HAL_DMA_Start_IT)
    HAL_GPIO_EXTI_Falling_Callback           0x080010a5   Thumb Code     2  stm32g0xx_hal_gpio.o(i.HAL_GPIO_EXTI_Falling_Callback)
    HAL_GPIO_EXTI_IRQHandler                 0x080010a9   Thumb Code    36  stm32g0xx_hal_gpio.o(i.HAL_GPIO_EXTI_IRQHandler)
    HAL_GPIO_EXTI_Rising_Callback            0x080010d1   Thumb Code     2  stm32g0xx_hal_gpio.o(i.HAL_GPIO_EXTI_Rising_Callback)
    HAL_GPIO_Init                            0x080010d5   Thumb Code   340  stm32g0xx_hal_gpio.o(i.HAL_GPIO_Init)
    HAL_GPIO_WritePin                        0x0800123d   Thumb Code    12  stm32g0xx_hal_gpio.o(i.HAL_GPIO_WritePin)
    HAL_GetTick                              0x08001249   Thumb Code     6  stm32g0xx_hal.o(i.HAL_GetTick)
    HAL_I2CEx_ConfigAnalogFilter             0x08001255   Thumb Code    74  stm32g0xx_hal_i2c_ex.o(i.HAL_I2CEx_ConfigAnalogFilter)
    HAL_I2CEx_ConfigDigitalFilter            0x0800129f   Thumb Code    72  stm32g0xx_hal_i2c_ex.o(i.HAL_I2CEx_ConfigDigitalFilter)
    HAL_I2C_Init                             0x080012e9   Thumb Code   176  stm32g0xx_hal_i2c.o(i.HAL_I2C_Init)
    HAL_I2C_MspInit                          0x0800139d   Thumb Code    88  i2c.o(i.HAL_I2C_MspInit)
    HAL_IncTick                              0x080013fd   Thumb Code    12  stm32g0xx_hal.o(i.HAL_IncTick)
    HAL_Init                                 0x0800140d   Thumb Code    36  stm32g0xx_hal.o(i.HAL_Init)
    HAL_InitTick                             0x08001435   Thumb Code    98  stm32g0xx_hal_timebase_tim.o(i.HAL_InitTick)
    HAL_MspInit                              0x080014ad   Thumb Code    56  stm32g0xx_hal_msp.o(i.HAL_MspInit)
    HAL_NVIC_EnableIRQ                       0x080014e9   Thumb Code    18  stm32g0xx_hal_cortex.o(i.HAL_NVIC_EnableIRQ)
    HAL_NVIC_SetPriority                     0x08001501   Thumb Code     8  stm32g0xx_hal_cortex.o(i.HAL_NVIC_SetPriority)
    HAL_PWREx_ControlVoltageScaling          0x08001509   Thumb Code    62  stm32g0xx_hal_pwr_ex.o(i.HAL_PWREx_ControlVoltageScaling)
    HAL_RCCEx_PeriphCLKConfig                0x08001555   Thumb Code   618  stm32g0xx_hal_rcc_ex.o(i.HAL_RCCEx_PeriphCLKConfig)
    HAL_RCC_ClockConfig                      0x080017d5   Thumb Code   318  stm32g0xx_hal_rcc.o(i.HAL_RCC_ClockConfig)
    HAL_RCC_GetClockConfig                   0x0800192d   Thumb Code    48  stm32g0xx_hal_rcc.o(i.HAL_RCC_GetClockConfig)
    HAL_RCC_GetPCLK1Freq                     0x08001965   Thumb Code    26  stm32g0xx_hal_rcc.o(i.HAL_RCC_GetPCLK1Freq)
    HAL_RCC_GetSysClockFreq                  0x0800198d   Thumb Code   130  stm32g0xx_hal_rcc.o(i.HAL_RCC_GetSysClockFreq)
    HAL_RCC_OscConfig                        0x08001a19   Thumb Code  1082  stm32g0xx_hal_rcc.o(i.HAL_RCC_OscConfig)
    HAL_SYSCFG_StrobeDBattpinsConfig         0x08001e55   Thumb Code    16  stm32g0xx_hal.o(i.HAL_SYSCFG_StrobeDBattpinsConfig)
    HAL_TIMEx_Break2Callback                 0x08001e69   Thumb Code     2  stm32g0xx_hal_tim_ex.o(i.HAL_TIMEx_Break2Callback)
    HAL_TIMEx_BreakCallback                  0x08001e6b   Thumb Code     2  stm32g0xx_hal_tim_ex.o(i.HAL_TIMEx_BreakCallback)
    HAL_TIMEx_CommutCallback                 0x08001e6d   Thumb Code     2  stm32g0xx_hal_tim_ex.o(i.HAL_TIMEx_CommutCallback)
    HAL_TIMEx_ConfigBreakDeadTime            0x08001e71   Thumb Code   168  stm32g0xx_hal_tim_ex.o(i.HAL_TIMEx_ConfigBreakDeadTime)
    HAL_TIMEx_MasterConfigSynchronization    0x08001f1d   Thumb Code   108  stm32g0xx_hal_tim_ex.o(i.HAL_TIMEx_MasterConfigSynchronization)
    HAL_TIM_Base_Init                        0x08001f99   Thumb Code    76  stm32g0xx_hal_tim.o(i.HAL_TIM_Base_Init)
    HAL_TIM_Base_MspInit                     0x08001fe5   Thumb Code   170  tim.o(i.HAL_TIM_Base_MspInit)
    HAL_TIM_Base_Start_IT                    0x080020a1   Thumb Code    86  stm32g0xx_hal_tim.o(i.HAL_TIM_Base_Start_IT)
    HAL_TIM_IC_CaptureCallback               0x0800210d   Thumb Code     2  stm32g0xx_hal_tim.o(i.HAL_TIM_IC_CaptureCallback)
    HAL_TIM_IRQHandler                       0x08002111   Thumb Code   382  stm32g0xx_hal_tim.o(i.HAL_TIM_IRQHandler)
    HAL_TIM_MspPostInit                      0x08002295   Thumb Code   324  tim.o(i.HAL_TIM_MspPostInit)
    HAL_TIM_OC_ConfigChannel                 0x080023f5   Thumb Code   102  stm32g0xx_hal_tim.o(i.HAL_TIM_OC_ConfigChannel)
    HAL_TIM_OC_DelayElapsedCallback          0x0800245b   Thumb Code     2  stm32g0xx_hal_tim.o(i.HAL_TIM_OC_DelayElapsedCallback)
    HAL_TIM_OC_Init                          0x0800245d   Thumb Code    76  stm32g0xx_hal_tim.o(i.HAL_TIM_OC_Init)
    HAL_TIM_OC_MspInit                       0x080024a9   Thumb Code     2  stm32g0xx_hal_tim.o(i.HAL_TIM_OC_MspInit)
    HAL_TIM_PWM_ConfigChannel                0x080024ab   Thumb Code   286  stm32g0xx_hal_tim.o(i.HAL_TIM_PWM_ConfigChannel)
    HAL_TIM_PWM_Init                         0x080025c9   Thumb Code    76  stm32g0xx_hal_tim.o(i.HAL_TIM_PWM_Init)
    HAL_TIM_PWM_MspInit                      0x08002615   Thumb Code    52  tim.o(i.HAL_TIM_PWM_MspInit)
    HAL_TIM_PWM_PulseFinishedCallback        0x08002655   Thumb Code     2  stm32g0xx_hal_tim.o(i.HAL_TIM_PWM_PulseFinishedCallback)
    HAL_TIM_PeriodElapsedCallback            0x08002659   Thumb Code    16  main.o(i.HAL_TIM_PeriodElapsedCallback)
    HAL_TIM_SlaveConfigSynchro               0x0800266d   Thumb Code    76  stm32g0xx_hal_tim.o(i.HAL_TIM_SlaveConfigSynchro)
    HAL_TIM_TriggerCallback                  0x080026b9   Thumb Code     2  stm32g0xx_hal_tim.o(i.HAL_TIM_TriggerCallback)
    HAL_UARTEx_DisableFifoMode               0x080026bb   Thumb Code    60  stm32g0xx_hal_uart_ex.o(i.HAL_UARTEx_DisableFifoMode)
    HAL_UARTEx_ReceiveToIdle_DMA             0x080026f7   Thumb Code    92  stm32g0xx_hal_uart_ex.o(i.HAL_UARTEx_ReceiveToIdle_DMA)
    HAL_UARTEx_RxEventCallback               0x08002755   Thumb Code    56  app_freertos.o(i.HAL_UARTEx_RxEventCallback)
    HAL_UARTEx_RxFifoFullCallback            0x080027b1   Thumb Code     2  stm32g0xx_hal_uart_ex.o(i.HAL_UARTEx_RxFifoFullCallback)
    HAL_UARTEx_SetRxFifoThreshold            0x080027b3   Thumb Code    72  stm32g0xx_hal_uart_ex.o(i.HAL_UARTEx_SetRxFifoThreshold)
    HAL_UARTEx_SetTxFifoThreshold            0x080027fb   Thumb Code    70  stm32g0xx_hal_uart_ex.o(i.HAL_UARTEx_SetTxFifoThreshold)
    HAL_UARTEx_TxFifoEmptyCallback           0x08002841   Thumb Code     2  stm32g0xx_hal_uart_ex.o(i.HAL_UARTEx_TxFifoEmptyCallback)
    HAL_UARTEx_WakeupCallback                0x08002843   Thumb Code     2  stm32g0xx_hal_uart_ex.o(i.HAL_UARTEx_WakeupCallback)
    HAL_UART_AbortReceive                    0x08002845   Thumb Code   130  stm32g0xx_hal_uart.o(i.HAL_UART_AbortReceive)
    HAL_UART_ErrorCallback                   0x080028cd   Thumb Code     2  stm32g0xx_hal_uart.o(i.HAL_UART_ErrorCallback)
    HAL_UART_IRQHandler                      0x080028d1   Thumb Code   594  stm32g0xx_hal_uart.o(i.HAL_UART_IRQHandler)
    HAL_UART_Init                            0x08002b35   Thumb Code   108  stm32g0xx_hal_uart.o(i.HAL_UART_Init)
    HAL_UART_MspInit                         0x08002ba1   Thumb Code  1098  usart.o(i.HAL_UART_MspInit)
    HAL_UART_RxCpltCallback                  0x08002feb   Thumb Code     2  stm32g0xx_hal_uart.o(i.HAL_UART_RxCpltCallback)
    HAL_UART_RxHalfCpltCallback              0x08002fed   Thumb Code     2  stm32g0xx_hal_uart.o(i.HAL_UART_RxHalfCpltCallback)
    HAL_UART_Transmit                        0x08002fef   Thumb Code   216  stm32g0xx_hal_uart.o(i.HAL_UART_Transmit)
    HAL_UART_Transmit_DMA                    0x080030c9   Thumb Code   158  stm32g0xx_hal_uart.o(i.HAL_UART_Transmit_DMA)
    HAL_UART_TxCpltCallback                  0x08003175   Thumb Code    48  app_freertos.o(i.HAL_UART_TxCpltCallback)
    HAL_UART_TxHalfCpltCallback              0x080031c1   Thumb Code     2  stm32g0xx_hal_uart.o(i.HAL_UART_TxHalfCpltCallback)
    HardFault_Handler                        0x080031c3   Thumb Code     2  stm32g0xx_it.o(i.HardFault_Handler)
    MX_ADC1_Init                             0x080031f9   Thumb Code   100  adc.o(i.MX_ADC1_Init)
    MX_DMA_Init                              0x08003269   Thumb Code    82  dma.o(i.MX_DMA_Init)
    MX_FREERTOS_Init                         0x080032c1   Thumb Code   132  app_freertos.o(i.MX_FREERTOS_Init)
    MX_GPIO_Init                             0x08003399   Thumb Code   202  gpio.o(i.MX_GPIO_Init)
    MX_I2C1_Init                             0x08003475   Thumb Code    76  i2c.o(i.MX_I2C1_Init)
    MX_LPUART1_UART_Init                     0x080034cd   Thumb Code    96  usart.o(i.MX_LPUART1_UART_Init)
    MX_TIM15_Init                            0x08003535   Thumb Code   178  tim.o(i.MX_TIM15_Init)
    MX_TIM1_Init                             0x080035f5   Thumb Code   260  tim.o(i.MX_TIM1_Init)
    MX_TIM2_Init                             0x08003705   Thumb Code   196  tim.o(i.MX_TIM2_Init)
    MX_TIM3_Init                             0x080037cd   Thumb Code   210  tim.o(i.MX_TIM3_Init)
    MX_TIM4_Init                             0x080038ad   Thumb Code   162  tim.o(i.MX_TIM4_Init)
    MX_USART1_UART_Init                      0x0800395d   Thumb Code   134  usart.o(i.MX_USART1_UART_Init)
    MX_USART3_UART_Init                      0x080039ed   Thumb Code   134  usart.o(i.MX_USART3_UART_Init)
    MX_USART4_UART_Init                      0x08003a7d   Thumb Code    72  usart.o(i.MX_USART4_UART_Init)
    MX_USART5_UART_Init                      0x08003acd   Thumb Code    72  usart.o(i.MX_USART5_UART_Init)
    MX_USART6_UART_Init                      0x08003b1d   Thumb Code    50  usart.o(i.MX_USART6_UART_Init)
    Modbus_CRC16                             0x08003b59   Thumb Code    48  modbus_slave.o(i.Modbus_CRC16)
    Modbus_Init                              0x08003b91   Thumb Code     8  modbus_slave.o(i.Modbus_Init)
    Modbus_Task                              0x08003b9d   Thumb Code   230  modbus_slave.o(i.Modbus_Task)
    NFC_Init                                 0x08003da9   Thumb Code    12  nfc_reader.o(i.NFC_Init)
    NFC_PollAll                              0x08003f79   Thumb Code    26  nfc_reader.o(i.NFC_PollAll)
    NMI_Handler                              0x08003f99   Thumb Code     2  stm32g0xx_it.o(i.NMI_Handler)
    SVC_Handler                              0x080040f1   Thumb Code     2  port.o(i.SVC_Handler)
    StartDefaultTask                         0x08004135   Thumb Code    12  app_freertos.o(i.StartDefaultTask)
    SysTick_Handler                          0x08004141   Thumb Code    20  cmsis_os2.o(i.SysTick_Handler)
    SystemClock_Config                       0x08004159   Thumb Code   130  main.o(i.SystemClock_Config)
    SystemInit                               0x080041e1   Thumb Code    10  system_stm32g0xx.o(i.SystemInit)
    TIM6_DAC_LPTIM1_IRQHandler               0x080041f1   Thumb Code    10  stm32g0xx_it.o(i.TIM6_DAC_LPTIM1_IRQHandler)
    TIM_Base_SetConfig                       0x08004201   Thumb Code   138  stm32g0xx_hal_tim.o(i.TIM_Base_SetConfig)
    TIM_ETR_SetConfig                        0x080042a9   Thumb Code    22  stm32g0xx_hal_tim.o(i.TIM_ETR_SetConfig)
    TIM_OC2_SetConfig                        0x0800434d   Thumb Code   112  stm32g0xx_hal_tim.o(i.TIM_OC2_SetConfig)
    UART_AdvFeatureConfig                    0x080046d5   Thumb Code   202  stm32g0xx_hal_uart.o(i.UART_AdvFeatureConfig)
    UART_CheckIdleState                      0x080047a1   Thumb Code    94  stm32g0xx_hal_uart.o(i.UART_CheckIdleState)
    UART_SetConfig                           0x08004975   Thumb Code   604  stm32g0xx_hal_uart.o(i.UART_SetConfig)
    UART_Start_Receive_DMA                   0x08004c0d   Thumb Code   120  stm32g0xx_hal_uart.o(i.UART_Start_Receive_DMA)
    UART_WaitOnFlagUntilTimeout              0x08004c91   Thumb Code   156  stm32g0xx_hal_uart.o(i.UART_WaitOnFlagUntilTimeout)
    USART1_IRQHandler                        0x08004d2d   Thumb Code    10  stm32g0xx_it.o(i.USART1_IRQHandler)
    USART3_4_5_6_LPUART1_IRQHandler          0x08004d3d   Thumb Code    34  stm32g0xx_it.o(i.USART3_4_5_6_LPUART1_IRQHandler)
    __0vsnprintf                             0x08004d75   Thumb Code    40  printfa.o(i.__0vsnprintf)
    __1vsnprintf                             0x08004d75   Thumb Code     0  printfa.o(i.__0vsnprintf)
    __2vsnprintf                             0x08004d75   Thumb Code     0  printfa.o(i.__0vsnprintf)
    __c89vsnprintf                           0x08004d75   Thumb Code     0  printfa.o(i.__0vsnprintf)
    vsnprintf                                0x08004d75   Thumb Code     0  printfa.o(i.__0vsnprintf)
    __ARM_clz                                0x08004da1   Thumb Code    46  depilogue.o(i.__ARM_clz)
    __ARM_common_switch8                     0x08004dcf   Thumb Code    26  stm32g0xx_hal_dma.o(i.__ARM_common_switch8)
    __scatterload_copy                       0x08004e2d   Thumb Code    14  handlers.o(i.__scatterload_copy)
    __scatterload_null                       0x08004e3b   Thumb Code     2  handlers.o(i.__scatterload_null)
    __scatterload_zeroinit                   0x08004e3d   Thumb Code    14  handlers.o(i.__scatterload_zeroinit)
    main                                     0x0800570f   Thumb Code    82  main.o(i.main)
    osDelay                                  0x08005761   Thumb Code    30  cmsis_os2.o(i.osDelay)
    osKernelInitialize                       0x08005781   Thumb Code    36  cmsis_os2.o(i.osKernelInitialize)
    osKernelStart                            0x080057a9   Thumb Code    52  cmsis_os2.o(i.osKernelStart)
    osMutexAcquire                           0x080057e5   Thumb Code    80  cmsis_os2.o(i.osMutexAcquire)
    osMutexNew                               0x08005835   Thumb Code   120  cmsis_os2.o(i.osMutexNew)
    osMutexRelease                           0x080058ad   Thumb Code    70  cmsis_os2.o(i.osMutexRelease)
    osSemaphoreAcquire                       0x080058f5   Thumb Code    86  cmsis_os2.o(i.osSemaphoreAcquire)
    osSemaphoreNew                           0x08005951   Thumb Code   166  cmsis_os2.o(i.osSemaphoreNew)
    osSemaphoreRelease                       0x080059f9   Thumb Code    76  cmsis_os2.o(i.osSemaphoreRelease)
    osThreadNew                              0x08005a49   Thumb Code   150  cmsis_os2.o(i.osThreadNew)
    pvPortMalloc                             0x080061f1   Thumb Code   178  heap_4.o(i.pvPortMalloc)
    pvTaskIncrementMutexHeldCount            0x080062a9   Thumb Code    20  tasks.o(i.pvTaskIncrementMutexHeldCount)
    pxPortInitialiseStack                    0x080062c1   Thumb Code    28  port.o(i.pxPortInitialiseStack)
    uxListRemove                             0x080062e1   Thumb Code    38  list.o(i.uxListRemove)
    vApplicationGetIdleTaskMemory            0x08006309   Thumb Code    16  cmsis_os2.o(i.vApplicationGetIdleTaskMemory)
    vApplicationGetTimerTaskMemory           0x0800631d   Thumb Code    18  cmsis_os2.o(i.vApplicationGetTimerTaskMemory)
    vListInitialise                          0x08006335   Thumb Code    22  list.o(i.vListInitialise)
    vListInitialiseItem                      0x0800634b   Thumb Code     6  list.o(i.vListInitialiseItem)
    vListInsert                              0x08006351   Thumb Code    48  list.o(i.vListInsert)
    vListInsertEnd                           0x08006381   Thumb Code    24  list.o(i.vListInsertEnd)
    vPortEnterCritical                       0x08006399   Thumb Code    20  port.o(i.vPortEnterCritical)
    vPortExitCritical                        0x080063b1   Thumb Code    22  port.o(i.vPortExitCritical)
    vPortFree                                0x080063cd   Thumb Code    68  heap_4.o(i.vPortFree)
    vPortSetupTimerInterrupt                 0x08006415   Thumb Code    32  port.o(i.vPortSetupTimerInterrupt)
    vPortYield                               0x0800643d   Thumb Code    18  port.o(i.vPortYield)
    vQueueAddToRegistry                      0x08006455   Thumb Code    32  queue.o(i.vQueueAddToRegistry)
    vQueueDelete                             0x08006479   Thumb Code    30  queue.o(i.vQueueDelete)
    vQueueUnregisterQueue                    0x08006499   Thumb Code    34  queue.o(i.vQueueUnregisterQueue)
    vQueueWaitForMessageRestricted           0x080064c1   Thumb Code    68  queue.o(i.vQueueWaitForMessageRestricted)
    vTaskDelay                               0x08006505   Thumb Code    44  tasks.o(i.vTaskDelay)
    vTaskInternalSetTimeOutState             0x08006535   Thumb Code    12  tasks.o(i.vTaskInternalSetTimeOutState)
    vTaskMissedYield                         0x08006545   Thumb Code     8  tasks.o(i.vTaskMissedYield)
    vTaskPlaceOnEventList                    0x08006551   Thumb Code    32  tasks.o(i.vTaskPlaceOnEventList)
    vTaskPlaceOnEventListRestricted          0x08006575   Thumb Code    42  tasks.o(i.vTaskPlaceOnEventListRestricted)
    vTaskPriorityDisinheritAfterTimeout      0x080065a5   Thumb Code   104  tasks.o(i.vTaskPriorityDisinheritAfterTimeout)
    vTaskStartScheduler                      0x08006615   Thumb Code    88  tasks.o(i.vTaskStartScheduler)
    vTaskSuspendAll                          0x0800667d   Thumb Code    10  tasks.o(i.vTaskSuspendAll)
    vTaskSwitchContext                       0x0800668d   Thumb Code    78  tasks.o(i.vTaskSwitchContext)
    xPortStartScheduler                      0x080066e5   Thumb Code    40  port.o(i.xPortStartScheduler)
    xPortSysTickHandler                      0x08006715   Thumb Code    32  port.o(i.xPortSysTickHandler)
    xQueueCreateCountingSemaphore            0x08006739   Thumb Code    36  queue.o(i.xQueueCreateCountingSemaphore)
    xQueueCreateCountingSemaphoreStatic      0x0800675d   Thumb Code    42  queue.o(i.xQueueCreateCountingSemaphoreStatic)
    xQueueCreateMutex                        0x08006787   Thumb Code    22  queue.o(i.xQueueCreateMutex)
    xQueueCreateMutexStatic                  0x0800679d   Thumb Code    26  queue.o(i.xQueueCreateMutexStatic)
    xQueueGenericCreate                      0x080067b7   Thumb Code    52  queue.o(i.xQueueGenericCreate)
    xQueueGenericCreateStatic                0x080067eb   Thumb Code    64  queue.o(i.xQueueGenericCreateStatic)
    xQueueGenericReset                       0x0800682b   Thumb Code   108  queue.o(i.xQueueGenericReset)
    xQueueGenericSend                        0x08006897   Thumb Code   280  queue.o(i.xQueueGenericSend)
    xQueueGenericSendFromISR                 0x080069af   Thumb Code   142  queue.o(i.xQueueGenericSendFromISR)
    xQueueGiveFromISR                        0x08006a3d   Thumb Code   116  queue.o(i.xQueueGiveFromISR)
    xQueueGiveMutexRecursive                 0x08006ab1   Thumb Code    50  queue.o(i.xQueueGiveMutexRecursive)
    xQueueReceive                            0x08006ae3   Thumb Code   258  queue.o(i.xQueueReceive)
    xQueueReceiveFromISR                     0x08006be5   Thumb Code   120  queue.o(i.xQueueReceiveFromISR)
    xQueueSemaphoreTake                      0x08006c5d   Thumb Code   320  queue.o(i.xQueueSemaphoreTake)
    xQueueTakeMutexRecursive                 0x08006d9d   Thumb Code    52  queue.o(i.xQueueTakeMutexRecursive)
    xTaskCheckForTimeOut                     0x08006dd1   Thumb Code    86  tasks.o(i.xTaskCheckForTimeOut)
    xTaskCreate                              0x08006e2d   Thumb Code    82  tasks.o(i.xTaskCreate)
    xTaskCreateStatic                        0x08006e7f   Thumb Code    68  tasks.o(i.xTaskCreateStatic)
    xTaskGetCurrentTaskHandle                0x08006ec5   Thumb Code     6  tasks.o(i.xTaskGetCurrentTaskHandle)
    xTaskGetSchedulerState                   0x08006ed1   Thumb Code    26  tasks.o(i.xTaskGetSchedulerState)
    xTaskGetTickCount                        0x08006ef1   Thumb Code     6  tasks.o(i.xTaskGetTickCount)
    xTaskIncrementTick                       0x08006efd   Thumb Code   180  tasks.o(i.xTaskIncrementTick)
    xTaskPriorityDisinherit                  0x08006fb9   Thumb Code    96  tasks.o(i.xTaskPriorityDisinherit)
    xTaskPriorityInherit                     0x08007021   Thumb Code   110  tasks.o(i.xTaskPriorityInherit)
    xTaskRemoveFromEventList                 0x08007099   Thumb Code    88  tasks.o(i.xTaskRemoveFromEventList)
    xTaskResumeAll                           0x080070fd   Thumb Code   162  tasks.o(i.xTaskResumeAll)
    xTimerCreateTimerTask                    0x080071ad   Thumb Code    72  timers.o(i.xTimerCreateTimerTask)
    xTimerGenericCommand                     0x08007205   Thumb Code    80  timers.o(i.xTimerGenericCommand)
    defaultTask_attributes                   0x080072a0   Data          36  app_freertos.o(.constdata)
    UARTPrescTable                           0x080072d8   Data          24  stm32g0xx_hal_uart.o(.constdata)
    AHBPrescTable                            0x080072f0   Data          64  system_stm32g0xx.o(.constdata)
    APBPrescTable                            0x08007330   Data          32  system_stm32g0xx.o(.constdata)
    Region$$Table$$Base                      0x08007370   Number         0  anon$$obj.o(Region$$Table)
    Region$$Table$$Limit                     0x08007390   Number         0  anon$$obj.o(Region$$Table)
    defaultTaskHandle                        0x20000008   Data           4  app_freertos.o(.data)
    g_nfc_rx_size                            0x2000000c   Data           2  nfc_reader.o(.data)
    g_nfc_mutex                              0x20000010   Data           4  nfc_reader.o(.data)
    g_nfc_tx_sem                             0x20000014   Data           4  nfc_reader.o(.data)
    g_nfc_rx_sem                             0x20000018   Data           4  nfc_reader.o(.data)
    g_modbus_rx_len                          0x2000001c   Data           2  modbus_slave.o(.data)
    g_modbus_rx_sem                          0x20000020   Data           4  modbus_slave.o(.data)
    g_modbus_tx_sem                          0x20000024   Data           4  modbus_slave.o(.data)
    uwTickFreq                               0x2000002c   Data           1  stm32g0xx_hal.o(.data)
    uwTickPrio                               0x20000030   Data           4  stm32g0xx_hal.o(.data)
    uwTick                                   0x20000034   Data           4  stm32g0xx_hal.o(.data)
    SystemCoreClock                          0x20000038   Data           4  system_stm32g0xx.o(.data)
    pxCurrentTCB                             0x2000003c   Data           4  tasks.o(.data)
    hadc1                                    0x200000b4   Data         100  adc.o(.bss)
    hi2c1                                    0x20000118   Data          76  i2c.o(.bss)
    hlpuart1                                 0x20000164   Data         144  usart.o(.bss)
    huart1                                   0x200001f4   Data         144  usart.o(.bss)
    huart3                                   0x20000284   Data         144  usart.o(.bss)
    huart4                                   0x20000314   Data         144  usart.o(.bss)
    huart5                                   0x200003a4   Data         144  usart.o(.bss)
    huart6                                   0x20000434   Data         144  usart.o(.bss)
    hdma_lpuart1_rx                          0x200004c4   Data          96  usart.o(.bss)
    hdma_lpuart1_tx                          0x20000524   Data          96  usart.o(.bss)
    hdma_usart1_rx                           0x20000584   Data          96  usart.o(.bss)
    hdma_usart1_tx                           0x200005e4   Data          96  usart.o(.bss)
    hdma_usart3_rx                           0x20000644   Data          96  usart.o(.bss)
    hdma_usart3_tx                           0x200006a4   Data          96  usart.o(.bss)
    hdma_usart4_rx                           0x20000704   Data          96  usart.o(.bss)
    hdma_usart4_tx                           0x20000764   Data          96  usart.o(.bss)
    hdma_usart5_tx                           0x200007c4   Data          96  usart.o(.bss)
    hdma_usart5_rx                           0x20000824   Data          96  usart.o(.bss)
    hdma_usart6_rx                           0x20000884   Data          96  usart.o(.bss)
    hdma_usart6_tx                           0x200008e4   Data          96  usart.o(.bss)
    htim1                                    0x20000944   Data          76  tim.o(.bss)
    htim2                                    0x20000990   Data          76  tim.o(.bss)
    htim3                                    0x200009dc   Data          76  tim.o(.bss)
    htim4                                    0x20000a28   Data          76  tim.o(.bss)
    htim15                                   0x20000a74   Data          76  tim.o(.bss)
    g_nfc_regs                               0x20000ac0   Data          32  nfc_reader.o(.bss)
    g_modbus_rx_buf                          0x20000ae0   Data          64  modbus_slave.o(.bss)
    htim6                                    0x20000b20   Data          76  stm32g0xx_hal_timebase_tim.o(.bss)
    xQueueRegistry                           0x20000b6c   Data          64  queue.o(.bss)
    __initial_sp                             0x20002840   Data           0  startup_stm32g0b1xx.o(STACK)



==============================================================================

Memory Map of the image

  Image Entry point : 0x080000bd

  Load Region LR_IROM1 (Base: 0x08000000, Size: 0x00007444, Max: 0x00040000, ABSOLUTE)

    Execution Region ER_IROM1 (Exec base: 0x08000000, Load base: 0x08000000, Size: 0x00007390, Max: 0x00040000, ABSOLUTE)

    Exec Addr    Load Addr    Size         Type   Attr      Idx    E Section Name        Object

    0x08000000   0x08000000   0x000000bc   Data   RO            3    RESET               startup_stm32g0b1xx.o
    0x080000bc   0x080000bc   0x00000000   Code   RO         6251  * .ARM.Collect$$$$00000000  mc_p.l(entry.o)
    0x080000bc   0x080000bc   0x00000004   Code   RO         6294    .ARM.Collect$$$$00000001  mc_p.l(entry2.o)
    0x080000c0   0x080000c0   0x00000004   Code   RO         6297    .ARM.Collect$$$$00000004  mc_p.l(entry5.o)
    0x080000c4   0x080000c4   0x00000000   Code   RO         6299    .ARM.Collect$$$$00000008  mc_p.l(entry7b.o)
    0x080000c4   0x080000c4   0x00000000   Code   RO         6301    .ARM.Collect$$$$0000000A  mc_p.l(entry8b.o)
    0x080000c4   0x080000c4   0x00000008   Code   RO         6302    .ARM.Collect$$$$0000000B  mc_p.l(entry9a.o)
    0x080000cc   0x080000cc   0x00000000   Code   RO         6304    .ARM.Collect$$$$0000000D  mc_p.l(entry10a.o)
    0x080000cc   0x080000cc   0x00000000   Code   RO         6306    .ARM.Collect$$$$0000000F  mc_p.l(entry11a.o)
    0x080000cc   0x080000cc   0x00000004   Code   RO         6295    .ARM.Collect$$$$00002712  mc_p.l(entry2.o)
    0x080000d0   0x080000d0   0x00000078   Code   RO         6180    .emb_text           port.o
    0x08000148   0x08000148   0x0000001c   Code   RO            4    .text               startup_stm32g0b1xx.o
    0x08000164   0x08000164   0x0000002c   Code   RO         6254    .text               mc_p.l(uidiv.o)
    0x08000190   0x08000190   0x00000060   Code   RO         6256    .text               mc_p.l(uldiv.o)
    0x080001f0   0x080001f0   0x00000024   Code   RO         6258    .text               mc_p.l(memcpya.o)
    0x08000214   0x08000214   0x00000024   Code   RO         6262    .text               mc_p.l(memseta.o)
    0x08000238   0x08000238   0x00000020   Code   RO         6311    .text               mc_p.l(llshl.o)
    0x08000258   0x08000258   0x00000022   Code   RO         6313    .text               mc_p.l(llushr.o)
    0x0800027a   0x0800027a   0x00000000   Code   RO         6315    .text               mc_p.l(iusefp.o)
    0x0800027a   0x0800027a   0x00000002   PAD
    0x0800027c   0x0800027c   0x00000164   Code   RO         6316    .text               mf_p.l(dadd.o)
    0x080003e0   0x080003e0   0x000000d0   Code   RO         6318    .text               mf_p.l(dmul.o)
    0x080004b0   0x080004b0   0x000000f0   Code   RO         6320    .text               mf_p.l(ddiv.o)
    0x080005a0   0x080005a0   0x00000040   Code   RO         6322    .text               mf_p.l(dfixul.o)
    0x080005e0   0x080005e0   0x00000028   Code   RO         6324    .text               mf_p.l(cdrcmple.o)
    0x08000608   0x08000608   0x00000024   Code   RO         6326    .text               mc_p.l(init.o)
    0x0800062c   0x0800062c   0x00000026   Code   RO         6329    .text               mc_p.l(llsshr.o)
    0x08000652   0x08000652   0x000000be   Code   RO         6332    .text               mf_p.l(depilogue.o)
    0x08000710   0x08000710   0x00000060   Code   RO          684    i.DMA1_Ch4_7_DMA2_Ch1_5_DMAMUX1_OVR_IRQHandler  stm32g0xx_it.o
    0x08000770   0x08000770   0x00000010   Code   RO          685    i.DMA1_Channel1_IRQHandler  stm32g0xx_it.o
    0x08000780   0x08000780   0x00000018   Code   RO          686    i.DMA1_Channel2_3_IRQHandler  stm32g0xx_it.o
    0x08000798   0x08000798   0x00000048   Code   RO         1602    i.DMA_CalcDMAMUXChannelBaseAndMask  stm32g0xx_hal_dma.o
    0x080007e0   0x080007e0   0x00000028   Code   RO         1603    i.DMA_CalcDMAMUXRequestGenBaseAndMask  stm32g0xx_hal_dma.o
    0x08000808   0x08000808   0x0000003e   Code   RO         1604    i.DMA_SetConfig     stm32g0xx_hal_dma.o
    0x08000846   0x08000846   0x00000002   PAD
    0x08000848   0x08000848   0x00000014   Code   RO          649    i.Debug_Init        debug_uart.o
    0x0800085c   0x0800085c   0x00000050   Code   RO          650    i.Debug_Printf      debug_uart.o
    0x080008ac   0x080008ac   0x00000010   Code   RO          687    i.EXTI4_15_IRQHandler  stm32g0xx_it.o
    0x080008bc   0x080008bc   0x00000004   Code   RO           12    i.Error_Handler     main.o
    0x080008c0   0x080008c0   0x00000224   Code   RO          818    i.HAL_ADC_ConfigChannel  stm32g0xx_hal_adc.o
    0x08000ae4   0x08000ae4   0x0000024c   Code   RO          827    i.HAL_ADC_Init      stm32g0xx_hal_adc.o
    0x08000d30   0x08000d30   0x00000078   Code   RO          315    i.HAL_ADC_MspInit   adc.o
    0x08000da8   0x08000da8   0x0000006c   Code   RO         1605    i.HAL_DMA_Abort     stm32g0xx_hal_dma.o
    0x08000e14   0x08000e14   0x00000070   Code   RO         1606    i.HAL_DMA_Abort_IT  stm32g0xx_hal_dma.o
    0x08000e84   0x08000e84   0x00000004   Code   RO         1608    i.HAL_DMA_GetError  stm32g0xx_hal_dma.o
    0x08000e88   0x08000e88   0x000000c4   Code   RO         1610    i.HAL_DMA_IRQHandler  stm32g0xx_hal_dma.o
    0x08000f4c   0x08000f4c   0x000000cc   Code   RO         1611    i.HAL_DMA_Init      stm32g0xx_hal_dma.o
    0x08001018   0x08001018   0x0000008c   Code   RO         1615    i.HAL_DMA_Start_IT  stm32g0xx_hal_dma.o
    0x080010a4   0x080010a4   0x00000002   Code   RO         1535    i.HAL_GPIO_EXTI_Falling_Callback  stm32g0xx_hal_gpio.o
    0x080010a6   0x080010a6   0x00000002   PAD
    0x080010a8   0x080010a8   0x00000028   Code   RO         1536    i.HAL_GPIO_EXTI_IRQHandler  stm32g0xx_hal_gpio.o
    0x080010d0   0x080010d0   0x00000002   Code   RO         1537    i.HAL_GPIO_EXTI_Rising_Callback  stm32g0xx_hal_gpio.o
    0x080010d2   0x080010d2   0x00000002   PAD
    0x080010d4   0x080010d4   0x00000168   Code   RO         1538    i.HAL_GPIO_Init     stm32g0xx_hal_gpio.o
    0x0800123c   0x0800123c   0x0000000c   Code   RO         1542    i.HAL_GPIO_WritePin  stm32g0xx_hal_gpio.o
    0x08001248   0x08001248   0x0000000c   Code   RO         2177    i.HAL_GetTick       stm32g0xx_hal.o
    0x08001254   0x08001254   0x0000004a   Code   RO         2924    i.HAL_I2CEx_ConfigAnalogFilter  stm32g0xx_hal_i2c_ex.o
    0x0800129e   0x0800129e   0x00000048   Code   RO         2925    i.HAL_I2CEx_ConfigDigitalFilter  stm32g0xx_hal_i2c_ex.o
    0x080012e6   0x080012e6   0x00000002   PAD
    0x080012e8   0x080012e8   0x000000b4   Code   RO         2477    i.HAL_I2C_Init      stm32g0xx_hal_i2c.o
    0x0800139c   0x0800139c   0x00000060   Code   RO          373    i.HAL_I2C_MspInit   i2c.o
    0x080013fc   0x080013fc   0x00000010   Code   RO         2183    i.HAL_IncTick       stm32g0xx_hal.o
    0x0800140c   0x0800140c   0x00000028   Code   RO         2184    i.HAL_Init          stm32g0xx_hal.o
    0x08001434   0x08001434   0x00000078   Code   RO          776    i.HAL_InitTick      stm32g0xx_hal_timebase_tim.o
    0x080014ac   0x080014ac   0x0000003c   Code   RO          756    i.HAL_MspInit       stm32g0xx_hal_msp.o
    0x080014e8   0x080014e8   0x00000018   Code   RO         2061    i.HAL_NVIC_EnableIRQ  stm32g0xx_hal_cortex.o
    0x08001500   0x08001500   0x00000008   Code   RO         2065    i.HAL_NVIC_SetPriority  stm32g0xx_hal_cortex.o
    0x08001508   0x08001508   0x0000004c   Code   RO         1840    i.HAL_PWREx_ControlVoltageScaling  stm32g0xx_hal_pwr_ex.o
    0x08001554   0x08001554   0x00000280   Code   RO         1211    i.HAL_RCCEx_PeriphCLKConfig  stm32g0xx_hal_rcc_ex.o
    0x080017d4   0x080017d4   0x00000158   Code   RO         1092    i.HAL_RCC_ClockConfig  stm32g0xx_hal_rcc.o
    0x0800192c   0x0800192c   0x00000038   Code   RO         1097    i.HAL_RCC_GetClockConfig  stm32g0xx_hal_rcc.o
    0x08001964   0x08001964   0x00000028   Code   RO         1100    i.HAL_RCC_GetPCLK1Freq  stm32g0xx_hal_rcc.o
    0x0800198c   0x0800198c   0x0000008c   Code   RO         1101    i.HAL_RCC_GetSysClockFreq  stm32g0xx_hal_rcc.o
    0x08001a18   0x08001a18   0x0000043a   Code   RO         1105    i.HAL_RCC_OscConfig  stm32g0xx_hal_rcc.o
    0x08001e52   0x08001e52   0x00000002   PAD
    0x08001e54   0x08001e54   0x00000014   Code   RO         2197    i.HAL_SYSCFG_StrobeDBattpinsConfig  stm32g0xx_hal.o
    0x08001e68   0x08001e68   0x00000002   Code   RO         4209    i.HAL_TIMEx_Break2Callback  stm32g0xx_hal_tim_ex.o
    0x08001e6a   0x08001e6a   0x00000002   Code   RO         4210    i.HAL_TIMEx_BreakCallback  stm32g0xx_hal_tim_ex.o
    0x08001e6c   0x08001e6c   0x00000002   Code   RO         4211    i.HAL_TIMEx_CommutCallback  stm32g0xx_hal_tim_ex.o
    0x08001e6e   0x08001e6e   0x00000002   PAD
    0x08001e70   0x08001e70   0x000000ac   Code   RO         4213    i.HAL_TIMEx_ConfigBreakDeadTime  stm32g0xx_hal_tim_ex.o
    0x08001f1c   0x08001f1c   0x0000007c   Code   RO         4232    i.HAL_TIMEx_MasterConfigSynchronization  stm32g0xx_hal_tim_ex.o
    0x08001f98   0x08001f98   0x0000004c   Code   RO         3499    i.HAL_TIM_Base_Init  stm32g0xx_hal_tim.o
    0x08001fe4   0x08001fe4   0x000000bc   Code   RO          479    i.HAL_TIM_Base_MspInit  tim.o
    0x080020a0   0x080020a0   0x0000006c   Code   RO         3504    i.HAL_TIM_Base_Start_IT  stm32g0xx_hal_tim.o
    0x0800210c   0x0800210c   0x00000002   Code   RO         3533    i.HAL_TIM_IC_CaptureCallback  stm32g0xx_hal_tim.o
    0x0800210e   0x0800210e   0x00000002   PAD
    0x08002110   0x08002110   0x00000184   Code   RO         3547    i.HAL_TIM_IRQHandler  stm32g0xx_hal_tim.o
    0x08002294   0x08002294   0x00000160   Code   RO          480    i.HAL_TIM_MspPostInit  tim.o
    0x080023f4   0x080023f4   0x00000066   Code   RO         3548    i.HAL_TIM_OC_ConfigChannel  stm32g0xx_hal_tim.o
    0x0800245a   0x0800245a   0x00000002   Code   RO         3550    i.HAL_TIM_OC_DelayElapsedCallback  stm32g0xx_hal_tim.o
    0x0800245c   0x0800245c   0x0000004c   Code   RO         3552    i.HAL_TIM_OC_Init   stm32g0xx_hal_tim.o
    0x080024a8   0x080024a8   0x00000002   Code   RO         3554    i.HAL_TIM_OC_MspInit  stm32g0xx_hal_tim.o
    0x080024aa   0x080024aa   0x0000011e   Code   RO         3571    i.HAL_TIM_PWM_ConfigChannel  stm32g0xx_hal_tim.o
    0x080025c8   0x080025c8   0x0000004c   Code   RO         3574    i.HAL_TIM_PWM_Init  stm32g0xx_hal_tim.o
    0x08002614   0x08002614   0x00000040   Code   RO          482    i.HAL_TIM_PWM_MspInit  tim.o
    0x08002654   0x08002654   0x00000002   Code   RO         3577    i.HAL_TIM_PWM_PulseFinishedCallback  stm32g0xx_hal_tim.o
    0x08002656   0x08002656   0x00000002   PAD
    0x08002658   0x08002658   0x00000014   Code   RO           13    i.HAL_TIM_PeriodElapsedCallback  main.o
    0x0800266c   0x0800266c   0x0000004c   Code   RO         3588    i.HAL_TIM_SlaveConfigSynchro  stm32g0xx_hal_tim.o
    0x080026b8   0x080026b8   0x00000002   Code   RO         3590    i.HAL_TIM_TriggerCallback  stm32g0xx_hal_tim.o
    0x080026ba   0x080026ba   0x0000003c   Code   RO         3390    i.HAL_UARTEx_DisableFifoMode  stm32g0xx_hal_uart_ex.o
    0x080026f6   0x080026f6   0x0000005c   Code   RO         3395    i.HAL_UARTEx_ReceiveToIdle_DMA  stm32g0xx_hal_uart_ex.o
    0x08002752   0x08002752   0x00000002   PAD
    0x08002754   0x08002754   0x0000005c   Code   RO          247    i.HAL_UARTEx_RxEventCallback  app_freertos.o
    0x080027b0   0x080027b0   0x00000002   Code   RO         3397    i.HAL_UARTEx_RxFifoFullCallback  stm32g0xx_hal_uart_ex.o
    0x080027b2   0x080027b2   0x00000048   Code   RO         3398    i.HAL_UARTEx_SetRxFifoThreshold  stm32g0xx_hal_uart_ex.o
    0x080027fa   0x080027fa   0x00000046   Code   RO         3399    i.HAL_UARTEx_SetTxFifoThreshold  stm32g0xx_hal_uart_ex.o
    0x08002840   0x08002840   0x00000002   Code   RO         3401    i.HAL_UARTEx_TxFifoEmptyCallback  stm32g0xx_hal_uart_ex.o
    0x08002842   0x08002842   0x00000002   Code   RO         3402    i.HAL_UARTEx_WakeupCallback  stm32g0xx_hal_uart_ex.o
    0x08002844   0x08002844   0x00000088   Code   RO         2986    i.HAL_UART_AbortReceive  stm32g0xx_hal_uart.o
    0x080028cc   0x080028cc   0x00000002   Code   RO         2999    i.HAL_UART_ErrorCallback  stm32g0xx_hal_uart.o
    0x080028ce   0x080028ce   0x00000002   PAD
    0x080028d0   0x080028d0   0x00000264   Code   RO         3002    i.HAL_UART_IRQHandler  stm32g0xx_hal_uart.o
    0x08002b34   0x08002b34   0x0000006c   Code   RO         3003    i.HAL_UART_Init     stm32g0xx_hal_uart.o
    0x08002ba0   0x08002ba0   0x0000044a   Code   RO          411    i.HAL_UART_MspInit  usart.o
    0x08002fea   0x08002fea   0x00000002   Code   RO         3010    i.HAL_UART_RxCpltCallback  stm32g0xx_hal_uart.o
    0x08002fec   0x08002fec   0x00000002   Code   RO         3011    i.HAL_UART_RxHalfCpltCallback  stm32g0xx_hal_uart.o
    0x08002fee   0x08002fee   0x000000d8   Code   RO         3012    i.HAL_UART_Transmit  stm32g0xx_hal_uart.o
    0x080030c6   0x080030c6   0x00000002   PAD
    0x080030c8   0x080030c8   0x000000ac   Code   RO         3013    i.HAL_UART_Transmit_DMA  stm32g0xx_hal_uart.o
    0x08003174   0x08003174   0x0000004c   Code   RO          248    i.HAL_UART_TxCpltCallback  app_freertos.o
    0x080031c0   0x080031c0   0x00000002   Code   RO         3016    i.HAL_UART_TxHalfCpltCallback  stm32g0xx_hal_uart.o
    0x080031c2   0x080031c2   0x00000002   Code   RO          688    i.HardFault_Handler  stm32g0xx_it.o
    0x080031c4   0x080031c4   0x00000008   Code   RO          839    i.LL_ADC_IsEnabled  stm32g0xx_hal_adc.o
    0x080031cc   0x080031cc   0x00000008   Code   RO          840    i.LL_ADC_REG_IsConversionOngoing  stm32g0xx_hal_adc.o
    0x080031d4   0x080031d4   0x0000000e   Code   RO          843    i.LL_ADC_SetCommonPathInternalCh  stm32g0xx_hal_adc.o
    0x080031e2   0x080031e2   0x00000016   Code   RO          844    i.LL_ADC_SetSamplingTimeCommonChannels  stm32g0xx_hal_adc.o
    0x080031f8   0x080031f8   0x00000070   Code   RO          316    i.MX_ADC1_Init      adc.o
    0x08003268   0x08003268   0x00000058   Code   RO          352    i.MX_DMA_Init       dma.o
    0x080032c0   0x080032c0   0x000000d8   Code   RO          249    i.MX_FREERTOS_Init  app_freertos.o
    0x08003398   0x08003398   0x000000dc   Code   RO          227    i.MX_GPIO_Init      gpio.o
    0x08003474   0x08003474   0x00000058   Code   RO          374    i.MX_I2C1_Init      i2c.o
    0x080034cc   0x080034cc   0x00000068   Code   RO          412    i.MX_LPUART1_UART_Init  usart.o
    0x08003534   0x08003534   0x000000c0   Code   RO          483    i.MX_TIM15_Init     tim.o
    0x080035f4   0x080035f4   0x00000110   Code   RO          484    i.MX_TIM1_Init      tim.o
    0x08003704   0x08003704   0x000000c8   Code   RO          485    i.MX_TIM2_Init      tim.o
    0x080037cc   0x080037cc   0x000000e0   Code   RO          486    i.MX_TIM3_Init      tim.o
    0x080038ac   0x080038ac   0x000000b0   Code   RO          487    i.MX_TIM4_Init      tim.o
    0x0800395c   0x0800395c   0x00000090   Code   RO          413    i.MX_USART1_UART_Init  usart.o
    0x080039ec   0x080039ec   0x00000090   Code   RO          414    i.MX_USART3_UART_Init  usart.o
    0x08003a7c   0x08003a7c   0x00000050   Code   RO          415    i.MX_USART4_UART_Init  usart.o
    0x08003acc   0x08003acc   0x00000050   Code   RO          416    i.MX_USART5_UART_Init  usart.o
    0x08003b1c   0x08003b1c   0x0000003c   Code   RO          417    i.MX_USART6_UART_Init  usart.o
    0x08003b58   0x08003b58   0x00000038   Code   RO          600    i.Modbus_CRC16      modbus_slave.o
    0x08003b90   0x08003b90   0x0000000c   Code   RO          601    i.Modbus_Init       modbus_slave.o
    0x08003b9c   0x08003b9c   0x0000020c   Code   RO          602    i.Modbus_Task       modbus_slave.o
    0x08003da8   0x08003da8   0x00000010   Code   RO          558    i.NFC_Init          nfc_reader.o
    0x08003db8   0x08003db8   0x000001c0   Code   RO          559    i.NFC_Poll          nfc_reader.o
    0x08003f78   0x08003f78   0x00000020   Code   RO          560    i.NFC_PollAll       nfc_reader.o
    0x08003f98   0x08003f98   0x00000002   Code   RO          689    i.NMI_Handler       stm32g0xx_it.o
    0x08003f9a   0x08003f9a   0x00000002   PAD
    0x08003f9c   0x08003f9c   0x00000034   Code   RO          250    i.NfcPollTask       app_freertos.o
    0x08003fd0   0x08003fd0   0x00000120   Code   RO          603    i.Process_FC04      modbus_slave.o
    0x080040f0   0x080040f0   0x00000002   Code   RO         6181    i.SVC_Handler       port.o
    0x080040f2   0x080040f2   0x00000002   PAD
    0x080040f4   0x080040f4   0x00000040   Code   RO          604    i.Send_ExceptionResponse  modbus_slave.o
    0x08004134   0x08004134   0x0000000c   Code   RO          251    i.StartDefaultTask  app_freertos.o
    0x08004140   0x08004140   0x00000018   Code   RO         5628    i.SysTick_Handler   cmsis_os2.o
    0x08004158   0x08004158   0x00000088   Code   RO           14    i.SystemClock_Config  main.o
    0x080041e0   0x080041e0   0x00000010   Code   RO         4509    i.SystemInit        system_stm32g0xx.o
    0x080041f0   0x080041f0   0x00000010   Code   RO          690    i.TIM6_DAC_LPTIM1_IRQHandler  stm32g0xx_it.o
    0x08004200   0x08004200   0x000000a8   Code   RO         3592    i.TIM_Base_SetConfig  stm32g0xx_hal_tim.o
    0x080042a8   0x080042a8   0x00000016   Code   RO         3603    i.TIM_ETR_SetConfig  stm32g0xx_hal_tim.o
    0x080042be   0x080042be   0x00000002   PAD
    0x080042c0   0x080042c0   0x0000008c   Code   RO         3605    i.TIM_OC1_SetConfig  stm32g0xx_hal_tim.o
    0x0800434c   0x0800434c   0x00000084   Code   RO         3606    i.TIM_OC2_SetConfig  stm32g0xx_hal_tim.o
    0x080043d0   0x080043d0   0x00000088   Code   RO         3607    i.TIM_OC3_SetConfig  stm32g0xx_hal_tim.o
    0x08004458   0x08004458   0x00000074   Code   RO         3608    i.TIM_OC4_SetConfig  stm32g0xx_hal_tim.o
    0x080044cc   0x080044cc   0x00000064   Code   RO         3609    i.TIM_OC5_SetConfig  stm32g0xx_hal_tim.o
    0x08004530   0x08004530   0x0000006c   Code   RO         3610    i.TIM_OC6_SetConfig  stm32g0xx_hal_tim.o
    0x0800459c   0x0800459c   0x00000090   Code   RO         3611    i.TIM_SlaveTimer_SetConfig  stm32g0xx_hal_tim.o
    0x0800462c   0x0800462c   0x00000022   Code   RO         3612    i.TIM_TI1_ConfigInputStage  stm32g0xx_hal_tim.o
    0x0800464e   0x0800464e   0x00000026   Code   RO         3614    i.TIM_TI2_ConfigInputStage  stm32g0xx_hal_tim.o
    0x08004674   0x08004674   0x00000060   Code   RO         3403    i.UARTEx_SetNbDataToProcess  stm32g0xx_hal_uart_ex.o
    0x080046d4   0x080046d4   0x000000ca   Code   RO         3017    i.UART_AdvFeatureConfig  stm32g0xx_hal_uart.o
    0x0800479e   0x0800479e   0x00000002   PAD
    0x080047a0   0x080047a0   0x00000064   Code   RO         3018    i.UART_CheckIdleState  stm32g0xx_hal_uart.o
    0x08004804   0x08004804   0x00000014   Code   RO         3019    i.UART_DMAAbortOnError  stm32g0xx_hal_uart.o
    0x08004818   0x08004818   0x0000004e   Code   RO         3020    i.UART_DMAError     stm32g0xx_hal_uart.o
    0x08004866   0x08004866   0x00000060   Code   RO         3021    i.UART_DMAReceiveCplt  stm32g0xx_hal_uart.o
    0x080048c6   0x080048c6   0x0000001c   Code   RO         3023    i.UART_DMARxHalfCplt  stm32g0xx_hal_uart.o
    0x080048e2   0x080048e2   0x00000030   Code   RO         3025    i.UART_DMATransmitCplt  stm32g0xx_hal_uart.o
    0x08004912   0x08004912   0x0000000a   Code   RO         3027    i.UART_DMATxHalfCplt  stm32g0xx_hal_uart.o
    0x0800491c   0x0800491c   0x00000038   Code   RO         3029    i.UART_EndRxTransfer  stm32g0xx_hal_uart.o
    0x08004954   0x08004954   0x0000001e   Code   RO         3030    i.UART_EndTxTransfer  stm32g0xx_hal_uart.o
    0x08004972   0x08004972   0x00000002   PAD
    0x08004974   0x08004974   0x00000298   Code   RO         3035    i.UART_SetConfig    stm32g0xx_hal_uart.o
    0x08004c0c   0x08004c0c   0x00000084   Code   RO         3036    i.UART_Start_Receive_DMA  stm32g0xx_hal_uart.o
    0x08004c90   0x08004c90   0x0000009c   Code   RO         3042    i.UART_WaitOnFlagUntilTimeout  stm32g0xx_hal_uart.o
    0x08004d2c   0x08004d2c   0x00000010   Code   RO          691    i.USART1_IRQHandler  stm32g0xx_it.o
    0x08004d3c   0x08004d3c   0x00000038   Code   RO          692    i.USART3_4_5_6_LPUART1_IRQHandler  stm32g0xx_it.o
    0x08004d74   0x08004d74   0x0000002c   Code   RO         6272    i.__0vsnprintf      mc_p.l(printfa.o)
    0x08004da0   0x08004da0   0x0000002e   Code   RO         6334    i.__ARM_clz         mf_p.l(depilogue.o)
    0x08004dce   0x08004dce   0x0000001a   Code   RO         1698    i.__ARM_common_switch8  stm32g0xx_hal_dma.o
    0x08004de8   0x08004de8   0x00000044   Code   RO         2071    i.__NVIC_SetPriority  stm32g0xx_hal_cortex.o
    0x08004e2c   0x08004e2c   0x0000000e   Code   RO         6338    i.__scatterload_copy  mc_p.l(handlers.o)
    0x08004e3a   0x08004e3a   0x00000002   Code   RO         6339    i.__scatterload_null  mc_p.l(handlers.o)
    0x08004e3c   0x08004e3c   0x0000000e   Code   RO         6340    i.__scatterload_zeroinit  mc_p.l(handlers.o)
    0x08004e4a   0x08004e4a   0x00000002   PAD
    0x08004e4c   0x08004e4c   0x00000174   Code   RO         6274    i._fp_digits        mc_p.l(printfa.o)
    0x08004fc0   0x08004fc0   0x000006ec   Code   RO         6275    i._printf_core      mc_p.l(printfa.o)
    0x080056ac   0x080056ac   0x00000020   Code   RO         6276    i._printf_post_padding  mc_p.l(printfa.o)
    0x080056cc   0x080056cc   0x0000002c   Code   RO         6277    i._printf_pre_padding  mc_p.l(printfa.o)
    0x080056f8   0x080056f8   0x00000016   Code   RO         6278    i._snputc           mc_p.l(printfa.o)
    0x0800570e   0x0800570e   0x00000052   Code   RO           15    i.main              main.o
    0x08005760   0x08005760   0x0000001e   Code   RO         5630    i.osDelay           cmsis_os2.o
    0x0800577e   0x0800577e   0x00000002   PAD
    0x08005780   0x08005780   0x00000028   Code   RO         5644    i.osKernelInitialize  cmsis_os2.o
    0x080057a8   0x080057a8   0x0000003c   Code   RO         5647    i.osKernelStart     cmsis_os2.o
    0x080057e4   0x080057e4   0x00000050   Code   RO         5667    i.osMutexAcquire    cmsis_os2.o
    0x08005834   0x08005834   0x00000078   Code   RO         5670    i.osMutexNew        cmsis_os2.o
    0x080058ac   0x080058ac   0x00000046   Code   RO         5671    i.osMutexRelease    cmsis_os2.o
    0x080058f2   0x080058f2   0x00000002   PAD
    0x080058f4   0x080058f4   0x0000005c   Code   RO         5672    i.osSemaphoreAcquire  cmsis_os2.o
    0x08005950   0x08005950   0x000000a6   Code   RO         5675    i.osSemaphoreNew    cmsis_os2.o
    0x080059f6   0x080059f6   0x00000002   PAD
    0x080059f8   0x080059f8   0x00000050   Code   RO         5676    i.osSemaphoreRelease  cmsis_os2.o
    0x08005a48   0x08005a48   0x00000096   Code   RO         5689    i.osThreadNew       cmsis_os2.o
    0x08005ade   0x08005ade   0x00000002   PAD
    0x08005ae0   0x08005ae0   0x00000058   Code   RO         5102    i.prvAddCurrentTaskToDelayedList  tasks.o
    0x08005b38   0x08005b38   0x000000bc   Code   RO         5103    i.prvAddNewTaskToReadyList  tasks.o
    0x08005bf4   0x08005bf4   0x0000005c   Code   RO         5467    i.prvCheckForValidListAndQueue  timers.o
    0x08005c50   0x08005c50   0x00000026   Code   RO         4699    i.prvCopyDataFromQueue  queue.o
    0x08005c76   0x08005c76   0x00000070   Code   RO         4700    i.prvCopyDataToQueue  queue.o
    0x08005ce6   0x08005ce6   0x00000026   Code   RO         5104    i.prvDeleteTCB      tasks.o
    0x08005d0c   0x08005d0c   0x00000044   Code   RO         6125    i.prvHeapInit       heap_4.o
    0x08005d50   0x08005d50   0x0000004c   Code   RO         5105    i.prvIdleTask       tasks.o
    0x08005d9c   0x08005d9c   0x00000018   Code   RO         4701    i.prvInitialiseMutex  queue.o
    0x08005db4   0x08005db4   0x00000022   Code   RO         4702    i.prvInitialiseNewQueue  queue.o
    0x08005dd6   0x08005dd6   0x00000094   Code   RO         5106    i.prvInitialiseNewTask  tasks.o
    0x08005e6a   0x08005e6a   0x00000002   PAD
    0x08005e6c   0x08005e6c   0x0000004c   Code   RO         6126    i.prvInsertBlockIntoFreeList  heap_4.o
    0x08005eb8   0x08005eb8   0x00000038   Code   RO         5469    i.prvInsertTimerInActiveList  timers.o
    0x08005ef0   0x08005ef0   0x0000001c   Code   RO         4703    i.prvIsQueueEmpty   queue.o
    0x08005f0c   0x08005f0c   0x000000e8   Code   RO         5470    i.prvProcessReceivedCommands  timers.o
    0x08005ff4   0x08005ff4   0x000000a8   Code   RO         5471    i.prvProcessTimerOrBlockTask  timers.o
    0x0800609c   0x0800609c   0x00000020   Code   RO         5108    i.prvResetNextTaskUnblockTime  tasks.o
    0x080060bc   0x080060bc   0x00000028   Code   RO         5472    i.prvSampleTimeNow  timers.o
    0x080060e4   0x080060e4   0x00000064   Code   RO         5473    i.prvSwitchTimerLists  timers.o
    0x08006148   0x08006148   0x00000014   Code   RO         6182    i.prvTaskExitError  port.o
    0x0800615c   0x0800615c   0x00000024   Code   RO         5474    i.prvTimerTask      timers.o
    0x08006180   0x08006180   0x00000070   Code   RO         4704    i.prvUnlockQueue    queue.o
    0x080061f0   0x080061f0   0x000000b8   Code   RO         6127    i.pvPortMalloc      heap_4.o
    0x080062a8   0x080062a8   0x00000018   Code   RO         5111    i.pvTaskIncrementMutexHeldCount  tasks.o
    0x080062c0   0x080062c0   0x00000020   Code   RO         6183    i.pxPortInitialiseStack  port.o
    0x080062e0   0x080062e0   0x00000026   Code   RO         4662    i.uxListRemove      list.o
    0x08006306   0x08006306   0x00000002   PAD
    0x08006308   0x08006308   0x00000014   Code   RO         5701    i.vApplicationGetIdleTaskMemory  cmsis_os2.o
    0x0800631c   0x0800631c   0x00000018   Code   RO         5702    i.vApplicationGetTimerTaskMemory  cmsis_os2.o
    0x08006334   0x08006334   0x00000016   Code   RO         4663    i.vListInitialise   list.o
    0x0800634a   0x0800634a   0x00000006   Code   RO         4664    i.vListInitialiseItem  list.o
    0x08006350   0x08006350   0x00000030   Code   RO         4665    i.vListInsert       list.o
    0x08006380   0x08006380   0x00000018   Code   RO         4666    i.vListInsertEnd    list.o
    0x08006398   0x08006398   0x00000018   Code   RO         6185    i.vPortEnterCritical  port.o
    0x080063b0   0x080063b0   0x0000001c   Code   RO         6186    i.vPortExitCritical  port.o
    0x080063cc   0x080063cc   0x00000048   Code   RO         6128    i.vPortFree         heap_4.o
    0x08006414   0x08006414   0x00000028   Code   RO         6187    i.vPortSetupTimerInterrupt  port.o
    0x0800643c   0x0800643c   0x00000018   Code   RO         6188    i.vPortYield        port.o
    0x08006454   0x08006454   0x00000024   Code   RO         4710    i.vQueueAddToRegistry  queue.o
    0x08006478   0x08006478   0x0000001e   Code   RO         4711    i.vQueueDelete      queue.o
    0x08006496   0x08006496   0x00000002   PAD
    0x08006498   0x08006498   0x00000028   Code   RO         4713    i.vQueueUnregisterQueue  queue.o
    0x080064c0   0x080064c0   0x00000044   Code   RO         4714    i.vQueueWaitForMessageRestricted  queue.o
    0x08006504   0x08006504   0x00000030   Code   RO         5121    i.vTaskDelay        tasks.o
    0x08006534   0x08006534   0x00000010   Code   RO         5126    i.vTaskInternalSetTimeOutState  tasks.o
    0x08006544   0x08006544   0x0000000c   Code   RO         5127    i.vTaskMissedYield  tasks.o
    0x08006550   0x08006550   0x00000024   Code   RO         5129    i.vTaskPlaceOnEventList  tasks.o
    0x08006574   0x08006574   0x00000030   Code   RO         5130    i.vTaskPlaceOnEventListRestricted  tasks.o
    0x080065a4   0x080065a4   0x00000070   Code   RO         5132    i.vTaskPriorityDisinheritAfterTimeout  tasks.o
    0x08006614   0x08006614   0x00000068   Code   RO         5138    i.vTaskStartScheduler  tasks.o
    0x0800667c   0x0800667c   0x00000010   Code   RO         5140    i.vTaskSuspendAll   tasks.o
    0x0800668c   0x0800668c   0x00000058   Code   RO         5141    i.vTaskSwitchContext  tasks.o
    0x080066e4   0x080066e4   0x00000030   Code   RO         6189    i.xPortStartScheduler  port.o
    0x08006714   0x08006714   0x00000024   Code   RO         6190    i.xPortSysTickHandler  port.o
    0x08006738   0x08006738   0x00000024   Code   RO         4715    i.xQueueCreateCountingSemaphore  queue.o
    0x0800675c   0x0800675c   0x0000002a   Code   RO         4716    i.xQueueCreateCountingSemaphoreStatic  queue.o
    0x08006786   0x08006786   0x00000016   Code   RO         4717    i.xQueueCreateMutex  queue.o
    0x0800679c   0x0800679c   0x0000001a   Code   RO         4718    i.xQueueCreateMutexStatic  queue.o
    0x080067b6   0x080067b6   0x00000034   Code   RO         4719    i.xQueueGenericCreate  queue.o
    0x080067ea   0x080067ea   0x00000040   Code   RO         4720    i.xQueueGenericCreateStatic  queue.o
    0x0800682a   0x0800682a   0x0000006c   Code   RO         4721    i.xQueueGenericReset  queue.o
    0x08006896   0x08006896   0x00000118   Code   RO         4722    i.xQueueGenericSend  queue.o
    0x080069ae   0x080069ae   0x0000008e   Code   RO         4723    i.xQueueGenericSendFromISR  queue.o
    0x08006a3c   0x08006a3c   0x00000074   Code   RO         4726    i.xQueueGiveFromISR  queue.o
    0x08006ab0   0x08006ab0   0x00000032   Code   RO         4727    i.xQueueGiveMutexRecursive  queue.o
    0x08006ae2   0x08006ae2   0x00000102   Code   RO         4732    i.xQueueReceive     queue.o
    0x08006be4   0x08006be4   0x00000078   Code   RO         4733    i.xQueueReceiveFromISR  queue.o
    0x08006c5c   0x08006c5c   0x00000140   Code   RO         4734    i.xQueueSemaphoreTake  queue.o
    0x08006d9c   0x08006d9c   0x00000034   Code   RO         4735    i.xQueueTakeMutexRecursive  queue.o
    0x08006dd0   0x08006dd0   0x0000005c   Code   RO         5143    i.xTaskCheckForTimeOut  tasks.o
    0x08006e2c   0x08006e2c   0x00000052   Code   RO         5144    i.xTaskCreate       tasks.o
    0x08006e7e   0x08006e7e   0x00000044   Code   RO         5145    i.xTaskCreateStatic  tasks.o
    0x08006ec2   0x08006ec2   0x00000002   PAD
    0x08006ec4   0x08006ec4   0x0000000c   Code   RO         5148    i.xTaskGetCurrentTaskHandle  tasks.o
    0x08006ed0   0x08006ed0   0x00000020   Code   RO         5149    i.xTaskGetSchedulerState  tasks.o
    0x08006ef0   0x08006ef0   0x0000000c   Code   RO         5150    i.xTaskGetTickCount  tasks.o
    0x08006efc   0x08006efc   0x000000bc   Code   RO         5152    i.xTaskIncrementTick  tasks.o
    0x08006fb8   0x08006fb8   0x00000068   Code   RO         5155    i.xTaskPriorityDisinherit  tasks.o
    0x08007020   0x08007020   0x00000078   Code   RO         5156    i.xTaskPriorityInherit  tasks.o
    0x08007098   0x08007098   0x00000064   Code   RO         5157    i.xTaskRemoveFromEventList  tasks.o
    0x080070fc   0x080070fc   0x000000b0   Code   RO         5158    i.xTaskResumeAll    tasks.o
    0x080071ac   0x080071ac   0x00000058   Code   RO         5483    i.xTimerCreateTimerTask  timers.o
    0x08007204   0x08007204   0x00000054   Code   RO         5484    i.xTimerGenericCommand  timers.o
    0x08007258   0x08007258   0x0000006c   Data   RO          252    .constdata          app_freertos.o
    0x080072c4   0x080072c4   0x00000014   Data   RO          562    .constdata          nfc_reader.o
    0x080072d8   0x080072d8   0x00000018   Data   RO         3043    .constdata          stm32g0xx_hal_uart.o
    0x080072f0   0x080072f0   0x00000040   Data   RO         4510    .constdata          system_stm32g0xx.o
    0x08007330   0x08007330   0x00000020   Data   RO         4511    .constdata          system_stm32g0xx.o
    0x08007350   0x08007350   0x00000020   Data   RO          253    .conststring        app_freertos.o
    0x08007370   0x08007370   0x00000020   Data   RO         6336    Region$$Table       anon$$obj.o


    Execution Region RW_IRAM1 (Exec base: 0x20000000, Load base: 0x08007390, Size: 0x00002840, Max: 0x00024000, ABSOLUTE)

    Exec Addr    Load Addr    Size         Type   Attr      Idx    E Section Name        Object

    0x20000000   0x08007390   0x0000000c   Data   RW          254    .data               app_freertos.o
    0x2000000c   0x0800739c   0x00000010   Data   RW          563    .data               nfc_reader.o
    0x2000001c   0x080073ac   0x0000000c   Data   RW          606    .data               modbus_slave.o
    0x20000028   0x080073b8   0x00000004   Data   RW          651    .data               debug_uart.o
    0x2000002c   0x080073bc   0x0000000c   Data   RW         2203    .data               stm32g0xx_hal.o
    0x20000038   0x080073c8   0x00000004   Data   RW         4512    .data               system_stm32g0xx.o
    0x2000003c   0x080073cc   0x0000003c   Data   RW         5161    .data               tasks.o
    0x20000078   0x08007408   0x00000014   Data   RW         5492    .data               timers.o
    0x2000008c   0x0800741c   0x00000004   Data   RW         5704    .data               cmsis_os2.o
    0x20000090   0x08007420   0x00000020   Data   RW         6134    .data               heap_4.o
    0x200000b0   0x08007440   0x00000004   Data   RW         6191    .data               port.o
    0x200000b4        -       0x00000064   Zero   RW          317    .bss                adc.o
    0x20000118        -       0x0000004c   Zero   RW          375    .bss                i2c.o
    0x20000164        -       0x000007e0   Zero   RW          418    .bss                usart.o
    0x20000944        -       0x0000017c   Zero   RW          488    .bss                tim.o
    0x20000ac0        -       0x00000020   Zero   RW          561    .bss                nfc_reader.o
    0x20000ae0        -       0x00000040   Zero   RW          605    .bss                modbus_slave.o
    0x20000b20        -       0x0000004c   Zero   RW          779    .bss                stm32g0xx_hal_timebase_tim.o
    0x20000b6c        -       0x00000040   Zero   RW         4736    .bss                queue.o
    0x20000bac        -       0x000004c4   Zero   RW         5160    .bss                tasks.o
    0x20001070        -       0x00000118   Zero   RW         5491    .bss                timers.o
    0x20001188        -       0x000006b8   Zero   RW         5703    .bss                cmsis_os2.o
    0x20001840        -       0x00000c00   Zero   RW         6133    .bss                heap_4.o
    0x20002440        -       0x00000400   Zero   RW            1    STACK               startup_stm32g0b1xx.o


==============================================================================

Image component sizes


      Code (inc. data)   RO Data    RW Data    ZI Data      Debug   Object Name

       232         24          0          0        100       1633   adc.o
       448        178        140         12          0       3328   app_freertos.o
       956         36          0          4       1720      32898   cmsis_os2.o
       100         16          0          4          0       1808   debug_uart.o
        88          6          0          0          0        742   dma.o
         0          0          0          0          0      11556   event_groups.o
       220         18          0          0          0        931   gpio.o
       400         22          0         32       3072       4135   heap_4.o
       184         20          0          0         76       1545   i2c.o
       138          0          0          0          0       3226   list.o
       242         10          0          0          0     611597   main.o
       944        416          0         12         64       4273   modbus_slave.o
       496        148         20         16         32       2914   nfc_reader.o
       374         56          0          4          0       7115   port.o
      2210         10          0          0         64      25524   queue.o
        28          8        188          0       1024        608   startup_stm32g0b1xx.o
        88         18          0         12          0      20733   stm32g0xx_hal.o
      1188         62          0          0          0      37791   stm32g0xx_hal_adc.o
       100         14          0          0          0      11240   stm32g0xx_hal_cortex.o
       964         42          0          0          0       6685   stm32g0xx_hal_dma.o
       416         24          0          0          0       3812   stm32g0xx_hal_gpio.o
       180          4          0          0          0       2779   stm32g0xx_hal_i2c.o
       146          0          0          0          0       1835   stm32g0xx_hal_i2c_ex.o
        60          4          0          0          0        786   stm32g0xx_hal_msp.o
        76         14          0          0          0        718   stm32g0xx_hal_pwr_ex.o
      1662         94          0          0          0      29886   stm32g0xx_hal_rcc.o
       640         22          0          0          0       1836   stm32g0xx_hal_rcc_ex.o
      2336        202          0          0          0      16923   stm32g0xx_hal_tim.o
       302         20          0          0          0       3648   stm32g0xx_hal_tim_ex.o
       120         22          0          0         76       1347   stm32g0xx_hal_timebase_tim.o
      2872        120         24          0          0      35552   stm32g0xx_hal_uart.o
       396         16          0          0          0       5913   stm32g0xx_hal_uart_ex.o
       244         86          0          0          0       4026   stm32g0xx_it.o
         0          0          0          0          0       9508   stream_buffer.o
        16          6         96          4          0       1071   system_stm32g0xx.o
      2060        184          0         60       1220      26193   tasks.o
      1668        116          0          0        380       6332   tim.o
       896         78          0         20        280      13811   timers.o
      1710        120          0          0       2016       5916   usart.o

    ----------------------------------------------------------------------
     25248       2236        500        180      10124     962174   Object Totals
         0          0         32          0          0          0   (incl. Generated)
        48          0          0          0          0          0   (incl. Padding)

    ----------------------------------------------------------------------

      Code (inc. data)   RO Data    RW Data    ZI Data      Debug   Library Member Name

         0          0          0          0          0          0   entry.o
         0          0          0          0          0          0   entry10a.o
         0          0          0          0          0          0   entry11a.o
         8          4          0          0          0          0   entry2.o
         4          0          0          0          0          0   entry5.o
         0          0          0          0          0          0   entry7b.o
         0          0          0          0          0          0   entry8b.o
         8          4          0          0          0          0   entry9a.o
        30          0          0          0          0          0   handlers.o
        36          8          0          0          0         68   init.o
         0          0          0          0          0          0   iusefp.o
        32          0          0          0          0         68   llshl.o
        38          0          0          0          0         68   llsshr.o
        34          0          0          0          0         68   llushr.o
        36          0          0          0          0         60   memcpya.o
        36          0          0          0          0        100   memseta.o
      2286         94          0          0          0        460   printfa.o
        44          0          0          0          0         72   uidiv.o
        96          0          0          0          0         84   uldiv.o
        40          2          0          0          0         68   cdrcmple.o
       356          4          0          0          0        140   dadd.o
       240          6          0          0          0         84   ddiv.o
       236          0          0          0          0        216   depilogue.o
        64         10          0          0          0         68   dfixul.o
       208          6          0          0          0         88   dmul.o

    ----------------------------------------------------------------------
      3836        138          0          0          0       1712   Library Totals
         4          0          0          0          0          0   (incl. Padding)

    ----------------------------------------------------------------------

      Code (inc. data)   RO Data    RW Data    ZI Data      Debug   Library Name

      2688        110          0          0          0       1048   mc_p.l
      1144         28          0          0          0        664   mf_p.l

    ----------------------------------------------------------------------
      3836        138          0          0          0       1712   Library Totals

    ----------------------------------------------------------------------

==============================================================================


      Code (inc. data)   RO Data    RW Data    ZI Data      Debug   

     29084       2374        500        180      10124     952714   Grand Totals
     29084       2374        500        180      10124     952714   ELF Image Totals
     29084       2374        500        180          0          0   ROM Totals

==============================================================================

    Total RO  Size (Code + RO Data)                29584 (  28.89kB)
    Total RW  Size (RW Data + ZI Data)             10304 (  10.06kB)
    Total ROM Size (Code + RO Data + RW Data)      29764 (  29.07kB)

==============================================================================

