<html>
<body>
<pre>
<h1>µVision Build Log</h1>
<h2>Tool Versions:</h2>
IDE-Version: ¦ÌVision V5.25.3.0
Copyright (C) 2018 ARM Ltd and ARM Germany GmbH. All rights reserved.
License Information: chan EDY, lvya, LIC=----
 
Tool Versions:
Toolchain:       MDK-Lite  Version: 5.23
Toolchain Path:  D:\Keil_v5\ARM\ARMCC\Bin
C Compiler:      Armcc.exe V5.06 update 4 (build 422)
Assembler:       Armasm.exe V5.06 update 4 (build 422)
Linker/Locator:  ArmLink.exe V5.06 update 4 (build 422)
Library Manager: ArmAr.exe V5.06 update 4 (build 422)
Hex Converter:   FromElf.exe V5.06 update 4 (build 422)
CPU DLL:         SARMCM3.DLL V5.23
Dialog DLL:      DARMCM1.DLL V1.17.0.0
Target DLL:      Segger\JL2CM3.dll V2.99.23.0
Dialog DLL:      TARMCM1.DLL V1.12.0.0
 
<h2>Project:</h2>
D:\Stm32G070_4uart_2I2c\MDK-ARM\Stm32G070_4uart_2I2c.uvprojx
Project File Date:  04/27/2026

<h2>Output:</h2>
*** Using Compiler 'V5.06 update 4 (build 422)', folder: 'D:\Keil_v5\ARM\ARMCC\Bin'
Rebuild target 'Stm32G070_4uart_2I2c'
assembling startup_stm32g071xx.s...
compiling sc4m01a.c...
compiling modbus_rtu.c...
compiling gpio.c...
compiling dma.c...
compiling tim.c...
compiling usart.c...
compiling i2c.c...
compiling uart_dma_rx.c...
compiling bh1750.c...
compiling aht20.c...
compiling app_freertos.c...
../Core/Src/app_freertos.c(195): warning:  #550-D: variable "n"  was set but never used
          uint16_t n;
../Core/Src/app_freertos.c: 1 warning, 0 errors
compiling main.c...
compiling stm32g0xx_ll_rcc.c...
compiling stm32g0xx_hal_timebase_tim.c...
compiling stm32g0xx_ll_dma.c...
compiling stm32g0xx_hal_msp.c...
compiling stm32g0xx_hal_gpio.c...
compiling stm32g0xx_hal_flash.c...
compiling stm32g0xx_hal_dma_ex.c...
compiling ba111.c...
compiling stm32g0xx_hal_dma.c...
compiling stm32g0xx_it.c...
compiling stm32g0xx_hal_flash_ex.c...
compiling stm32g0xx_hal_rcc.c...
compiling stm32g0xx_hal_rcc_ex.c...
compiling stm32g0xx_hal_pwr.c...
compiling stm32g0xx_hal_pwr_ex.c...
compiling croutine.c...
compiling event_groups.c...
compiling stm32g0xx_hal_i2c_ex.c...
compiling stm32g0xx_hal_exti.c...
compiling stm32g0xx_hal_uart_ex.c...
compiling stm32g0xx_hal_cortex.c...
compiling list.c...
compiling stm32g0xx_hal.c...
compiling stream_buffer.c...
compiling stm32g0xx_hal_uart.c...
compiling queue.c...
compiling heap_4.c...
compiling timers.c...
compiling stm32g0xx_hal_tim_ex.c...
compiling tasks.c...
compiling port.c...
compiling stm32g0xx_hal_i2c.c...
compiling system_stm32g0xx.c...
compiling stm32g0xx_hal_tim.c...
compiling cmsis_os2.c...
linking...
Program Size: Code=22828 RO-data=800 RW-data=180 ZI-data=19084  
FromELF: creating hex file...
"Stm32G070_4uart_2I2c\Stm32G070_4uart_2I2c.axf" - 0 Error(s), 1 Warning(s).

<h2>Software Packages used:</h2>

Package Vendor: ARM
                http://www.keil.com/pack/ARM.CMSIS.5.0.1.pack
                ARM.CMSIS.5.0.1
                CMSIS (Cortex Microcontroller Software Interface Standard)
   * Component: CORE Version: 5.0.1

Package Vendor: Keil
                http://www.keil.com/pack/Keil.STM32G0xx_DFP.1.3.0.pack
                Keil.STM32G0xx_DFP.1.3.0
                STMicroelectronics STM32G0 Series Device Support

<h2>Collection of Component include folders:</h2>
  .\RTE\_Stm32G070_4uart_2I2c
  D:\Keil_v5\ARM\PACK\ARM\CMSIS\5.0.1\CMSIS\Include
  D:\Keil_v5\ARM\PACK\Keil\STM32G0xx_DFP\1.3.0\Drivers\CMSIS\Device\ST\STM32G0xx\Include

<h2>Collection of Component Files used:</h2>

   * Component: ARM::CMSIS:CORE:5.0.1
Build Time Elapsed:  00:00:08
</pre>
</body>
</html>
